 ConEmu

 Timestamp is 56c7b501 (Sat Feb 20 03:36:17 2016)

 Preferred load address is 10000000

 Start         Length     Name                   Class
 0001:00000000 0003eb4eH .text                   CODE
 0001:0003eb50 0000002cH .text$yc                CODE
 0001:0003eb80 0000000fH .text$yd                CODE
 0002:00000000 000003f4H .idata$5                DATA
 0002:000003f4 00000004H .CRT$XCA                DATA
 0002:000003f8 00000008H .CRT$XCU                DATA
 0002:00000400 00000004H .CRT$XCZ                DATA
 0002:00000404 00000004H .CRT$XIA                DATA
 0002:00000408 0000000cH .CRT$XIC                DATA
 0002:00000414 00000004H .CRT$XIZ                DATA
 0002:00000418 00000004H .CRT$XPA                DATA
 0002:0000041c 00000004H .CRT$XPZ                DATA
 0002:00000420 00000004H .CRT$XTA                DATA
 0002:00000424 00000004H .CRT$XTZ                DATA
 0002:00000430 00005fa8H .rdata                  DATA
 0002:000063d8 0000006fH .rdata$debug            DATA
 0002:00006450 00000010H .rdata$sxdata           DATA
 0002:00006460 00000004H .rtc$IAA                DATA
 0002:00006464 00000004H .rtc$IZZ                DATA
 0002:00006468 00000004H .rtc$TAA                DATA
 0002:0000646c 00000004H .rtc$TZZ                DATA
 0002:00006470 00000484H .xdata$x                DATA
 0002:000068f4 00000078H .idata$2                DATA
 0002:0000696c 00000014H .idata$3                DATA
 0002:00006980 000003f4H .idata$4                DATA
 0002:00006d74 00001236H .idata$6                DATA
 0002:00007fb0 000002ddH .edata                  DATA
 0003:00000000 00000e50H .data                   DATA
 0003:00000e60 0000a48cH .bss                    DATA
 0004:00000000 00000058H .rsrc$01                DATA
 0004:00000060 000002d8H .rsrc$02                DATA

  Address         Publics by Value              Rva+Base       Lib:Object

 0000:00000000       __except_list              00000000     <absolute>
 0000:00000004       ___safe_se_handler_count   00000004     <absolute>
 0000:00000000       ___ImageBase               10000000     <linker-defined>
 0001:00000000       ??0CEStr@@QAE@XZ           10001000 f   CEStr.obj
 0001:00000040       ??0CEStr@@QAE@PA_W@Z       10001040 f   CEStr.obj
 0001:00000090       ??BCEStr@@QBEPB_WXZ        10001090 f   CEStr.obj
 0001:000000a0       ?Right@CEStr@@QBEPB_WH@Z   100010a0 f   CEStr.obj
 0001:00000110       ??4CEStr@@QAEAAU0@PA_W@Z   10001110 f   CEStr.obj
 0001:00000130       ??4CEStr@@QAEAAU0@PB_W@Z   10001130 f   CEStr.obj
 0001:00000150       ??1CEStr@@QAE@XZ           10001150 f   CEStr.obj
 0001:000001c0       ?GetLen@CEStr@@QAEHXZ      100011c0 f   CEStr.obj
 0001:00000200       ?GetMaxCount@CEStr@@QAEHXZ 10001200 f   CEStr.obj
 0001:00000240       ?GetBuffer@CEStr@@QAEPA_WH@Z 10001240 f   CEStr.obj
 0001:00000340       ?Detach@CEStr@@QAEPA_WXZ   10001340 f   CEStr.obj
 0001:00000370       ?Attach@CEStr@@QAEPB_WPA_W@Z 10001370 f   CEStr.obj
 0001:00000390       ?AttachInt@CEStr@@AAEPB_WAAPA_W@Z 10001390 f   CEStr.obj
 0001:00000410       ?Empty@CEStr@@QAEXXZ       10001410 f   CEStr.obj
 0001:00000470       ?IsEmpty@CEStr@@QAE_NXZ    10001470 f   CEStr.obj
 0001:000004b0       ?Set@CEStr@@QAEPB_WPB_WH@Z 100014b0 f   CEStr.obj
 0001:000005c0       _wmemmove                  100015c0 f i CEStr.obj
 0001:000005e0       ?StringCchCopyNW@@YGJPA_WIPB_WI@Z 100015e0 f i CEStr.obj
 0001:00000720       ?SavePathVar@CEStr@@QAEXPB_W@Z 10001720 f   CEStr.obj
 0001:00000760       ?SaveEnvVar@CEStr@@QAEXPB_W0@Z 10001760 f   CEStr.obj
 0001:000007e0       ?SetAt@CEStr@@QAEXH_W@Z    100017e0 f   CEStr.obj
 0001:00000810       ?GetPosFrom@CEStr@@QAEXABU1@@Z 10001810 f   CEStr.obj
 0001:00000850       ??$klMin@H@@YIABHABH0@Z    10001850 f i CEStr.obj
 0001:00000890       ?DemangleArg@@YI_NAAUCEStr@@_N1@Z 10001890 f   CmdLine.obj
 0001:00000b60       ?IsNeedDequote@@YI_NPB_W_NPAPB_W@Z 10001b60 f   CmdLine.obj
 0001:00000d30       ?NextArg@@YIHPAPB_WAAUCEStr@@0@Z 10001d30 f   CmdLine.obj
 0001:00001190       ?NextLine@@YIHPAPB_WAAUCEStr@@K@Z 10002190 f   CmdLine.obj
 0001:00001300       ?AddEndSlash@@YIHPA_WH@Z   10002300 f   CmdLine.obj
 0001:00001380       ?SkipNonPrintable@@YIPB_WPB_W@Z 10002380 f   CmdLine.obj
 0001:000013e0       ?CompareFileMask@@YI_NPB_W0@Z 100023e0 f   CmdLine.obj
 0001:000015b0       ?wcschr@@YAPA_WPA_W_W@Z    100025b0 f i CmdLine.obj
 0001:000015d0       ?GetDrive@@YIPB_WPB_WPA_WH@Z 100025d0 f   CmdLine.obj
 0001:000017d0       ?GetDirectory@@YIHAAUCEStr@@@Z 100027d0 f   CmdLine.obj
 0001:00001860       ?IsNeedCmd@@YI_NHPB_WAAUCEStr@@PAPB_WPAH333@Z 10002860 f   CmdLine.obj
 0001:00002080       ?Disable@MWow64Disable@@QAEXXZ 10003080 f i CmdLine.obj
 0001:000020b0       ??0MWow64Disable@@QAE@XZ   100030b0 f i CmdLine.obj
 0001:00002130       ??1MWow64Disable@@QAE@XZ   10003130 f i CmdLine.obj
 0001:00002150       ?Restore@MWow64Disable@@QAEXXZ 10003150 f i CmdLine.obj
 0001:00002190       ?IsExecutable@@YI_NPB_WPAPA_W@Z 10003190 f   CmdLine.obj
 0001:00002280       ?CompareProcessNames@@YI_NPB_W0@Z 10003280 f   CmdLine.obj
 0001:00002410       ?CheckProcessName@@YI_NPB_WPAPB_W@Z 10003410 f   CmdLine.obj
 0001:00002510       ?IsConsoleService@@YI_NPB_W@Z 10003510 f   CmdLine.obj
 0001:00002540       ?IsConEmuGui@@YI_NPB_W@Z   10003540 f   CmdLine.obj
 0001:00002570       ?IsConsoleServer@@YI_NPB_W@Z 10003570 f   CmdLine.obj
 0001:000025a0       ?IsTerminalServer@@YI_NPB_W@Z 100035a0 f   CmdLine.obj
 0001:000025f0       ?IsGitBashHelper@@YI_NPB_W@Z 100035f0 f   CmdLine.obj
 0001:00002620       ?IsFarExe@@YI_NPB_W@Z      10003620 f   CmdLine.obj
 0001:00002650       ?IsCmdProcessor@@YI_NPB_W@Z 10003650 f   CmdLine.obj
 0001:00002680       ?IsQuotationNeeded@@YI_NPB_W@Z 10003680 f   CmdLine.obj
 0001:000026c0       ?MergeCmdLine@@YIPA_WPB_W0@Z 100036c0 f   CmdLine.obj
 0001:00002760       ?JoinPath@@YIPA_WPB_W00@Z  10003760 f   CmdLine.obj
 0001:000028d0       ?IsFilePath@@YI_NPB_W_N@Z  100038d0 f   CmdLine.obj
 0001:00002a90       ?PointToName@@YIPB_WPB_W@Z 10003a90 f   CmdLine.obj
 0001:00002b20       ?PointToName@@YIPBDPBD@Z   10003b20 f   CmdLine.obj
 0001:00002ba0       ?PointToExt@@YIPB_WPB_W@Z  10003ba0 f   CmdLine.obj
 0001:00002be0       ?Unquote@@YIPB_WPA_W_N@Z   10003be0 f   CmdLine.obj
 0001:00002c70       ?wcsrchr@@YAPA_WPA_W_W@Z   10003c70 f i CmdLine.obj
 0001:00002c90       ?IsNewConsoleArg@@YI_NPB_W0@Z 10003c90 f   CmdLine.obj
 0001:00002d70       ?Set@STRPTR2@@QAEXPA_WH@Z  10003d70 f   Common.obj
 0001:00002db0       ?Mangle@STRPTR2@@QAEPAEPAE@Z 10003db0 f   Common.obj
 0001:00002e50       ?Demangle@STRPTR2@@QAEPA_WXZ 10003e50 f   Common.obj
 0001:00002e90       ??BSTRPTR2@@QAEPB_WXZ      10003e90 f   Common.obj
 0001:00002eb0       ?PackInputRecord@@YIHPBU_INPUT_RECORD@@PAUMsgStr@MSG64@@@Z 10003eb0 f   Common.obj
 0001:000030c0       ?UnpackInputRecord@@YIHPBUMsgStr@MSG64@@PAU_INPUT_RECORD@@@Z 100040c0 f   Common.obj
 0001:00003320       ?TranslateKeyPress@@YIXGK_WHPAU_INPUT_RECORD@@1@Z 10004320 f   Common.obj
 0001:00003510       ?GetCommand@CESERVER_REQ_NEWCMD@@QAEPA_WXZ 10004510 f   Common.obj
 0001:00003550       ?GetEnvStrings@CESERVER_REQ_NEWCMD@@QAEPA_WXZ 10004550 f   Common.obj
 0001:000035a0       ?SetCommand@CESERVER_REQ_NEWCMD@@QAEXPB_W@Z 100045a0 f   Common.obj
 0001:00003620       ?SetEnvStrings@CESERVER_REQ_NEWCMD@@QAEXPB_WK@Z 10004620 f   Common.obj
 0001:00003740       ?IsEnvBlockVariableValid@@YI_NPB_WAAPB_W@Z 10004740 f   Common.obj
 0001:000037a0       ?IsEnvBlockVariableValid@@YI_NPB_W@Z 100047a0 f   Common.obj
 0001:000037e0       ?CommonShutdown@@YIXXZ     100047e0 f   Common.obj
 0001:00003800       ?ModuleName@@YIPB_WPB_W@Z  10004800 f   ConEmuCheck.obj
 0001:000038e0       ?ExecuteOpenPipe@@YIPAXPB_WAAY0CAI@_W0KKHPAXH@Z 100048e0 f   ConEmuCheck.obj
 0001:00003b00       ?ExecutePrepareCmd@@YIXPAUCESERVER_REQ@@KI@Z 10004b00 f   ConEmuCheck.obj
 0001:00003b50       ?ExecutePrepareCmd@@YIXPAUCESERVER_REQ_HDR@@KI@Z 10004b50 f   ConEmuCheck.obj
 0001:00003bf0       ?ExecuteNewCmd@@YIPAUCESERVER_REQ@@KI@Z 10004bf0 f   ConEmuCheck.obj
 0001:00003c50       ?ExecuteNewCmd@@YI_NAAPAUCESERVER_REQ@@AAKKI@Z 10004c50 f   ConEmuCheck.obj
 0001:00003cd0       ?LoadSrvMapping@@YIHPAUHWND__@@AAUCESERVER_CONSOLE_MAPPING_HDR@@@Z 10004cd0 f   ConEmuCheck.obj
 0001:00003e00       ?LoadGuiMapping@@YIHKAAUConEmuGuiMapping@@@Z 10004e00 f   ConEmuCheck.obj
 0001:00003f30       ?ExecuteNewCmdOnCreate@@YIPAUCESERVER_REQ@@PAUCESERVER_CONSOLE_MAPPING_HDR@@PAUHWND__@@W4CmdOnCreateType@@PB_W33PAK444HHPAX55@Z 10004f30 f   ConEmuCheck.obj
 0001:000042c0       ?StringCchCopyW@@YGJPA_WIPB_W@Z 100052c0 f i ConEmuCheck.obj
 0001:000043f0       ?ExecuteGuiCmd@@YIPAUCESERVER_REQ@@PAUHWND__@@PAU1@0H@Z 100053f0 f   ConEmuCheck.obj
 0001:00004480       ?ExecuteSrvCmd@@YIPAUCESERVER_REQ@@KPAU1@PAUHWND__@@HKH@Z 10005480 f   ConEmuCheck.obj
 0001:00004520       ?ExecuteHkCmd@@YIPAUCESERVER_REQ@@KPAU1@PAUHWND__@@HH@Z 10005520 f   ConEmuCheck.obj
 0001:000045c0       ?ExecuteCmd@@YIPAUCESERVER_REQ@@PB_WPAU1@KPAUHWND__@@HKH@Z 100055c0 f   ConEmuCheck.obj
 0001:000048f0       ?ExecuteFreeResult@@YIXAAPAUCESERVER_REQ@@@Z 100058f0 f   ConEmuCheck.obj
 0001:00004930       ?AllocateSendCurrentDirectory@@YI_NAAPAUCESERVER_REQ@@AAKPB_W2@Z 10005930 f   ConEmuCheck.obj
 0001:00004a40       ?SendCurrentDirectory@@YIXPAUHWND__@@PB_W1@Z 10005a40 f   ConEmuCheck.obj
 0001:00004aa0       ?isConsoleClass@@YI_NPB_W@Z 10005aa0 f   ConEmuCheck.obj
 0001:00004af0       ?isConsoleWindow@@YI_NPAUHWND__@@@Z 10005af0 f   ConEmuCheck.obj
 0001:00004bf0       ?myGetConsoleWindow@@YIPAUHWND__@@XZ 10005bf0 f   ConEmuCheck.obj
 0001:00004cb0       ?GetConEmuHWND@@YIPAUHWND__@@H@Z 10005cb0 f   ConEmuCheck.obj
 0001:00004e60       ??BHWND2@@QBEPAUHWND__@@XZ 10005e60 f i ConEmuCheck.obj
 0001:00004e70       ??BHWND2@@QBEKXZ           10005e70 f i ConEmuCheck.obj
 0001:00004e80       ?ConEmuCheck@@YIHPAPAUHWND__@@@Z 10005e80 f   ConEmuCheck.obj
 0001:00004ed0       ?GuiMessageBox@@YIHPAUHWND__@@PB_W1H@Z 10005ed0 f   ConEmuCheck.obj
 0001:00005090       ?InitName@?$MFileMapping@UCESERVER_CONSOLE_MAPPING_HDR@@@@QAEPB_WPB_WKK@Z 10006090 f i ConEmuCheck.obj
 0001:000050e0       ?CloseMap@?$MFileMapping@UCESERVER_CONSOLE_MAPPING_HDR@@@@QAEXXZ 100060e0 f i ConEmuCheck.obj
 0001:00005150       ?Open@?$MFileMapping@UCESERVER_CONSOLE_MAPPING_HDR@@@@QAEPAUCESERVER_CONSOLE_MAPPING_HDR@@HH@Z 10006150 f i ConEmuCheck.obj
 0001:00005170       ??0?$MFileMapping@UCESERVER_CONSOLE_MAPPING_HDR@@@@QAE@XZ 10006170 f i ConEmuCheck.obj
 0001:000051d0       ??1?$MFileMapping@UCESERVER_CONSOLE_MAPPING_HDR@@@@QAE@XZ 100061d0 f i ConEmuCheck.obj
 0001:000051f0       ?InitName@?$MFileMapping@UConEmuGuiMapping@@@@QAEPB_WPB_WKK@Z 100061f0 f i ConEmuCheck.obj
 0001:00005240       ?CloseMap@?$MFileMapping@UConEmuGuiMapping@@@@QAEXXZ 10006240 f i ConEmuCheck.obj
 0001:000052b0       ?Open@?$MFileMapping@UConEmuGuiMapping@@@@QAEPAUConEmuGuiMapping@@HH@Z 100062b0 f i ConEmuCheck.obj
 0001:000052d0       ??0?$MFileMapping@UConEmuGuiMapping@@@@QAE@XZ 100062d0 f i ConEmuCheck.obj
 0001:00005330       ??1?$MFileMapping@UConEmuGuiMapping@@@@QAE@XZ 10006330 f i ConEmuCheck.obj
 0001:00005350       ?ClosePtr@?$MFileMapping@UCESERVER_CONSOLE_MAPPING_HDR@@@@QAEXXZ 10006350 f i ConEmuCheck.obj
 0001:00005380       ?InternalOpenCreate@?$MFileMapping@UCESERVER_CONSOLE_MAPPING_HDR@@@@IAEPAUCESERVER_CONSOLE_MAPPING_HDR@@HHH@Z 10006380 f i ConEmuCheck.obj
 0001:00005560       ?ClosePtr@?$MFileMapping@UConEmuGuiMapping@@@@QAEXXZ 10006560 f i ConEmuCheck.obj
 0001:00005590       ?InternalOpenCreate@?$MFileMapping@UConEmuGuiMapping@@@@IAEPAUConEmuGuiMapping@@HHH@Z 10006590 f i ConEmuCheck.obj
 0001:00005770       ??$wcscpy_c@$0CA@@@YIHAAY0CA@_WPB_W@Z 10006770 f i ConEmuCheck.obj
 0001:000057a0       ??$wcscpy_c@$0CAI@@@YIHAAY0CAI@_WPB_W@Z 100067a0 f i ConEmuCheck.obj
 0001:000057d0       ?LoadGuiMapping@@YIHPAUHWND__@@AAUConEmuGuiMapping@@@Z 100067d0 f   ConEmuCheckEx.obj
 0001:00005810       ?IsConEmuExeExist@@YIHPB_WAAY0BAF@_W@Z 10006810 f   ConEmuCheckEx.obj
 0001:000058c0       ?FindConEmuBaseDir@@YIHAAY0BAF@_W0PAUHINSTANCE__@@@Z 100068c0 f   ConEmuCheckEx.obj
 0001:00005e70       ??$wcscpy_c@$0BAF@@@YIHAAY0BAF@_WPB_W@Z 10006e70 f i ConEmuCheckEx.obj
 0001:00005f80       ??$wcscpy_add@$0BAF@@@YIHPA_WAAY0BAF@_WPB_W@Z 10006f80 f i ConEmuCheckEx.obj
 0001:00005fd0       ??$wcscat_c@$0BAF@@@YIHAAY0BAF@_WPB_W@Z 10006fd0 f i ConEmuCheckEx.obj
 0001:00006000       ?StringCchCatW@@YGJPA_WIPB_W@Z 10007000 f i ConEmuCheckEx.obj
 0001:00006120       ?StartupHooks@@YI_NPAUHINSTANCE__@@@Z 10007120 f   ConEmuInjects.obj
 0001:000064f0       ?ShutdownHooks@@YIXXZ      100074f0 f   ConEmuInjects.obj
 0001:000066a0       ??$wcscpy_c@$0EA@@@YIHAAY0EA@_WPB_W@Z 100076a0 f i ConEmuInjects.obj
 0001:000067b0       _DllMain@12                100077b0 f   ConEmuPlugin.obj
 0001:000067f0       ?GetPluginInfo@@YGXPAX@Z   100077f0 f   ConEmuPlugin.obj
 0001:00006860       ?GetPluginInfoW@@YGXPAX@Z  10007860 f   ConEmuPlugin.obj
 0001:00006890       ?IsConsoleActive@@YGHXZ    10007890 f   ConEmuPlugin.obj
 0001:000068f0       ?GetFarHWND2@@YGPAUHWND__@@H@Z 100078f0 f   ConEmuPlugin.obj
 0001:00006960       ?GetFarHWND@@YGPAUHWND__@@XZ 10007960 f   ConEmuPlugin.obj
 0001:00006970       ?IsTerminalMode@@YGHXZ     10007970 f   ConEmuPlugin.obj
 0001:00006980       ?GetFarVersion@@YGXPAUFarVersion@@@Z 10007980 f   ConEmuPlugin.obj
 0001:000069b0       ?RegisterPanelView@@YGHPAUPanelViewInit@@@Z 100079b0 f   ConEmuPlugin.obj
 0001:00006ba0       ?RegisterBackground@@YGHPAURegisterBackgroundArg@@@Z 10007ba0 f   ConEmuPlugin.obj
 0001:00006c30       ?SyncExecute@@YGHPAUHINSTANCE__@@P6GXJ@ZJ@Z 10007c30 f   ConEmuPlugin.obj
 0001:00006c80       ?ActivateConsole@@YGHXZ    10007c80 f   ConEmuPlugin.obj
 0001:00006d10       ??4HWND2@@QAEAAU0@PAUHWND__@@@Z 10007d10 f i ConEmuPlugin.obj
 0001:00006d30       ?SetStartupInfo@@YGXPAX@Z  10007d30 f   ConEmuPlugin.obj
 0001:00006da0       _SetStartupInfoW@4         10007da0 f   ConEmuPlugin.obj
 0001:00006dd0       ?GetMinFarVersion@@YGHXZ   10007dd0 f   ConEmuPlugin.obj
 0001:00006e20       _GetMinFarVersionW@0       10007e20 f   ConEmuPlugin.obj
 0001:00006e30       _ProcessSynchroEventW@8    10007e30 f   ConEmuPlugin.obj
 0001:00006e50       ?ProcessSynchroEventW3@@YGHPAX@Z 10007e50 f   ConEmuPlugin.obj
 0001:00006e80       ?ProcessEditorEvent@@YGHHPAX@Z 10007e80 f   ConEmuPlugin.obj
 0001:00006ea0       _ProcessEditorEventW@8     10007ea0 f   ConEmuPlugin.obj
 0001:00006ec0       ?ProcessEditorEventW3@@YGHPAX@Z 10007ec0 f   ConEmuPlugin.obj
 0001:00006ef0       ?ProcessViewerEvent@@YGHHPAX@Z 10007ef0 f   ConEmuPlugin.obj
 0001:00006f10       _ProcessViewerEventW@8     10007f10 f   ConEmuPlugin.obj
 0001:00006f30       ?ProcessViewerEventW3@@YGHPAX@Z 10007f30 f   ConEmuPlugin.obj
 0001:00006f60       ?ProcessEditorInput@@YGHPBU_INPUT_RECORD@@@Z 10007f60 f   ConEmuPlugin.obj
 0001:00006f80       _ProcessEditorInputW@4     10007f80 f   ConEmuPlugin.obj
 0001:00006fb0       ?OpenPlugin@@YGPAXHH@Z     10007fb0 f   ConEmuPlugin.obj
 0001:00006fd0       _OpenPluginW@8             10007fd0 f   ConEmuPlugin.obj
 0001:00007010       ?OpenW@@YGPAXPBX@Z         10008010 f   ConEmuPlugin.obj
 0001:00007040       ?ExitFAR@@YGXXZ            10008040 f   ConEmuPlugin.obj
 0001:00007090       _ExitFARW@0                10008090 f   ConEmuPlugin.obj
 0001:000070e0       ?ExitFARW3@@YGXPAX@Z       100080e0 f   ConEmuPlugin.obj
 0001:00007140       ?SetupExportsFar3@@YIXXZ   10008140 f   ConEmuPlugin.obj
 0001:00007360       ?_calloc@@YIPAXII@Z        10008360 f   ConEmuPlugin.obj
 0001:00007380       ?_malloc@@YIPAXI@Z         10008380 f   ConEmuPlugin.obj
 0001:000073a0       ?_free@@YIXPAX@Z           100083a0 f   ConEmuPlugin.obj
 0001:000073c0       ??0CPluginW1900@@QAE@XZ    100083c0 f   ConEmuPlugin1900.obj
 0001:00007650       ??_GCPluginW1900@@UAEPAXI@Z 10008650 f i ConEmuPlugin1900.obj
 0001:00007650       ??_ECPluginW1900@@UAEPAXI@Z 10008650 f i ConEmuPlugin1900.obj
 0001:00007680       ??1CPluginW1900@@UAE@XZ    10008680 f i ConEmuPlugin1900.obj
 0001:000076a0       ?ProcessEditorEventPtr@CPluginW1900@@UAEHPAX@Z 100086a0 f   ConEmuPlugin1900.obj
 0001:000076d0       ?ProcessViewerEventPtr@CPluginW1900@@UAEHPAX@Z 100086d0 f   ConEmuPlugin1900.obj
 0001:00007700       ?ProcessSynchroEventPtr@CPluginW1900@@UAEHPAX@Z 10008700 f   ConEmuPlugin1900.obj
 0001:00007730       ?GetPanelDir@CPluginW1900@@UAEPA_WKPA_WH@Z 10008730 f   ConEmuPlugin1900.obj
 0001:000078c0       ?GetPanelInfo@CPluginW1900@@UAE_NKPAUCEPanelInfo@@@Z 100088c0 f   ConEmuPlugin1900.obj
 0001:00007d40       ?GetPanelItemInfo@CPluginW1900@@UAE_NABUCEPanelInfo@@_NHAAU_WIN32_FIND_DATAW@@PAPA_W@Z 10008d40 f   ConEmuPlugin1900.obj
 0001:00007f70       ?PanelControlApi@CPluginW1900@@UAEHPAXHH0@Z 10008f70 f   ConEmuPlugin1900.obj
 0001:00007fc0       ?GetPluginInfoPtr@CPluginW1900@@UAEXPAX@Z 10008fc0 f   ConEmuPlugin1900.obj
 0001:00008040       ?SetStartupInfoPtr@CPluginW1900@@UAEXPAX@Z 10009040 f   ConEmuPlugin1900.obj
 0001:000081b0       ?GetEditorModifiedState@CPluginW1900@@UAEKXZ 100091b0 f   ConEmuPlugin1900.obj
 0001:000081f0       ?ProcessEditorInputPtr@CPluginW1900@@UAEHPBX@Z 100091f0 f   ConEmuPlugin1900.obj
 0001:00008230       ?GetWindowCount@CPluginW1900@@UAEHXZ 10009230 f   ConEmuPlugin1900.obj
 0001:00008280       ?UpdateConEmuTabsApi@CPluginW1900@@UAE_NH@Z 10009280 f   ConEmuPlugin1900.obj
 0001:00008860       ?ExitFar@CPluginW1900@@UAEXXZ 10009860 f   ConEmuPlugin1900.obj
 0001:000088f0       ?ShowMessage@CPluginW1900@@UAEHPB_WH_N@Z 100098f0 f   ConEmuPlugin1900.obj
 0001:000089a0       ?GetMsg@CPluginW1900@@UAEPB_WHPA_WI@Z 100099a0 f   ConEmuPlugin1900.obj
 0001:00008a20       ?SetWindow@CPluginW1900@@UAEXH@Z 10009a20 f   ConEmuPlugin1900.obj
 0001:00008a80       ?PostMacroApi@CPluginW1900@@UAEXPB_WPAU_INPUT_RECORD@@_N@Z 10009a80 f   ConEmuPlugin1900.obj
 0001:000091d0       ?wcsstr@@YAPA_WPA_WPB_W@Z  1000a1d0 f i ConEmuPlugin1900.obj
 0001:000091f0       ?ShowPluginMenu@CPluginW1900@@UAEHPAUConEmuPluginMenuItem@@HH@Z 1000a1f0 f   ConEmuPlugin1900.obj
 0001:000093e0       ?OpenEditor@CPluginW1900@@UAE_NPB_W_N11HH@Z 1000a3e0 f   ConEmuPlugin1900.obj
 0001:00009530       ?ExecuteSynchroApi@CPluginW1900@@UAE_NXZ 1000a530 f   ConEmuPlugin1900.obj
 0001:00009570       ?WaitEndSynchro@CPluginW1900@@UAEXXZ 1000a570 f   ConEmuPlugin1900.obj
 0001:00009580       ?StopWaitEndSynchro@CPluginW1900@@UAEXXZ 1000a580 f   ConEmuPlugin1900.obj
 0001:00009590       ?IsMacroActive@CPluginW1900@@UAE_NXZ 1000a590 f   ConEmuPlugin1900.obj
 0001:000095e0       ?GetMacroArea@CPluginW1900@@UAEHXZ 1000a5e0 f   ConEmuPlugin1900.obj
 0001:00009610       ?RedrawAll@CPluginW1900@@UAEXXZ 1000a610 f   ConEmuPlugin1900.obj
 0001:00009650       ?InputBox@CPluginW1900@@UAE_NPB_W000AAPA_W@Z 1000a650 f   ConEmuPlugin1900.obj
 0001:000096d0       ?ShowUserScreen@CPluginW1900@@UAEX_N@Z 1000a6d0 f   ConEmuPlugin1900.obj
 0001:00009720       ?LoadFarColors@CPluginW1900@@UAEXAAY0BAA@E@Z 1000a720 f   ConEmuPlugin1900.obj
 0001:000098e0       ?FarColor_3_2@@YIEABUFarColor@@@Z 1000a8e0 f i ConEmuPlugin1900.obj
 0001:000099f0       ?Color2FgIndex@Far3Color@@SIXKAAGPBK@Z 1000a9f0 f i ConEmuPlugin1900.obj
 0001:00009b30       ?Max@Far3Color@@SIHHH@Z    1000ab30 f i ConEmuPlugin1900.obj
 0001:00009b60       ?GetStdIndex@Far3Color@@SIHKPBK@Z 1000ab60 f i ConEmuPlugin1900.obj
 0001:00009bc0       ?GetStdPalette@Far3Color@@SIPBKXZ 1000abc0 f i ConEmuPlugin1900.obj
 0001:00009bd0       ?Color2BgIndex@Far3Color@@SIXKHAAGPBK@Z 1000abd0 f i ConEmuPlugin1900.obj
 0001:00009d40       ?LoadFarSettings@CPluginW1900@@UAEXPAUCEFarInterfaceSettings@@PAUCEFarPanelSettings@@@Z 1000ad40 f   ConEmuPlugin1900.obj
 0001:00009f50       ?GetFarRect@CPluginW1900@@UAE_NAAU_SMALL_RECT@@@Z 1000af50 f   ConEmuPlugin1900.obj
 0001:00009fc0       ?CheckPanelExist@CPluginW1900@@UAE_NXZ 1000afc0 f   ConEmuPlugin1900.obj
 0001:0000a010       ?GetActiveWindowType@CPluginW1900@@UAEHXZ 1000b010 f   ConEmuPlugin1900.obj
 0001:0000a0d0       ?GetWindowTypeName@CPluginW1900@@UAEPB_WH@Z 1000b0d0 f   ConEmuPlugin1900.obj
 0001:0000a160       ?GuiMacroDlg@CPluginW1900@@UAEXXZ 1000b160 f   ConEmuPlugin1900.obj
 0001:0000a740       ?Open@CPluginW1900@@UAEPAXPBX@Z 1000b740 f   ConEmuPlugin1900.obj
 0001:0000a8e0       _GetGlobalInfoW@4          1000b8e0 f   ConEmuPlugin2800.obj
 0001:0000aac0       ??0CPluginW2800@@QAE@XZ    1000bac0 f   ConEmuPlugin2800.obj
 0001:0000ad50       ??_GCPluginW2800@@UAEPAXI@Z 1000bd50 f i ConEmuPlugin2800.obj
 0001:0000ad50       ??_ECPluginW2800@@UAEPAXI@Z 1000bd50 f i ConEmuPlugin2800.obj
 0001:0000ad80       ??1CPluginW2800@@UAE@XZ    1000bd80 f i ConEmuPlugin2800.obj
 0001:0000ada0       ?GetPanelDir@CPluginW2800@@UAEPA_WKPA_WH@Z 1000bda0 f   ConEmuPlugin2800.obj
 0001:0000af30       ?GetPanelInfo@CPluginW2800@@UAE_NKPAUCEPanelInfo@@@Z 1000bf30 f   ConEmuPlugin2800.obj
 0001:0000b3b0       ?GetPanelItemInfo@CPluginW2800@@UAE_NABUCEPanelInfo@@_NHAAU_WIN32_FIND_DATAW@@PAPA_W@Z 1000c3b0 f   ConEmuPlugin2800.obj
 0001:0000b5e0       ?PanelControlApi@CPluginW2800@@UAEHPAXHH0@Z 1000c5e0 f   ConEmuPlugin2800.obj
 0001:0000b630       ?GetPluginInfoPtr@CPluginW2800@@UAEXPAX@Z 1000c630 f   ConEmuPlugin2800.obj
 0001:0000b6b0       ?SetStartupInfoPtr@CPluginW2800@@UAEXPAX@Z 1000c6b0 f   ConEmuPlugin2800.obj
 0001:0000b820       ?GetEditorModifiedState@CPluginW2800@@UAEKXZ 1000c820 f   ConEmuPlugin2800.obj
 0001:0000b860       ?ProcessEditorEventPtr@CPluginW2800@@UAEHPAX@Z 1000c860 f   ConEmuPlugin2800.obj
 0001:0000b890       ?ProcessViewerEventPtr@CPluginW2800@@UAEHPAX@Z 1000c890 f   ConEmuPlugin2800.obj
 0001:0000b8c0       ?ProcessSynchroEventPtr@CPluginW2800@@UAEHPAX@Z 1000c8c0 f   ConEmuPlugin2800.obj
 0001:0000b8f0       ?ProcessEditorInputPtr@CPluginW2800@@UAEHPBX@Z 1000c8f0 f   ConEmuPlugin2800.obj
 0001:0000b930       ?GetWindowCount@CPluginW2800@@UAEHXZ 1000c930 f   ConEmuPlugin2800.obj
 0001:0000b980       ?UpdateConEmuTabsApi@CPluginW2800@@UAE_NH@Z 1000c980 f   ConEmuPlugin2800.obj
 0001:0000c200       ?ExitFar@CPluginW2800@@UAEXXZ 1000d200 f   ConEmuPlugin2800.obj
 0001:0000c290       ?ShowMessage@CPluginW2800@@UAEHPB_WH_N@Z 1000d290 f   ConEmuPlugin2800.obj
 0001:0000c340       ?GetMsg@CPluginW2800@@UAEPB_WHPA_WI@Z 1000d340 f   ConEmuPlugin2800.obj
 0001:0000c3c0       ?SetWindow@CPluginW2800@@UAEXH@Z 1000d3c0 f   ConEmuPlugin2800.obj
 0001:0000c4b0       ?PostMacroApi@CPluginW2800@@UAEXPB_WPAU_INPUT_RECORD@@_N@Z 1000d4b0 f   ConEmuPlugin2800.obj
 0001:0000c850       ?ShowPluginMenu@CPluginW2800@@UAEHPAUConEmuPluginMenuItem@@HH@Z 1000d850 f   ConEmuPlugin2800.obj
 0001:0000ca40       ?OpenEditor@CPluginW2800@@UAE_NPB_W_N11HH@Z 1000da40 f   ConEmuPlugin2800.obj
 0001:0000cb90       ?ExecuteSynchroApi@CPluginW2800@@UAE_NXZ 1000db90 f   ConEmuPlugin2800.obj
 0001:0000cbd0       ?WaitEndSynchro@CPluginW2800@@UAEXXZ 1000dbd0 f   ConEmuPlugin2800.obj
 0001:0000cbe0       ?StopWaitEndSynchro@CPluginW2800@@UAEXXZ 1000dbe0 f   ConEmuPlugin2800.obj
 0001:0000cbf0       ?IsMacroActive@CPluginW2800@@UAE_NXZ 1000dbf0 f   ConEmuPlugin2800.obj
 0001:0000cc40       ?GetMacroArea@CPluginW2800@@UAEHXZ 1000dc40 f   ConEmuPlugin2800.obj
 0001:0000cc70       ?RedrawAll@CPluginW2800@@UAEXXZ 1000dc70 f   ConEmuPlugin2800.obj
 0001:0000ccb0       ?InputBox@CPluginW2800@@UAE_NPB_W000AAPA_W@Z 1000dcb0 f   ConEmuPlugin2800.obj
 0001:0000cd30       ?ShowUserScreen@CPluginW2800@@UAEX_N@Z 1000dd30 f   ConEmuPlugin2800.obj
 0001:0000cd80       ?LoadFarColors@CPluginW2800@@UAEXAAY0BAA@E@Z 1000dd80 f   ConEmuPlugin2800.obj
 0001:0000cf40       ?LoadFarSettings@CPluginW2800@@UAEXPAUCEFarInterfaceSettings@@PAUCEFarPanelSettings@@@Z 1000df40 f   ConEmuPlugin2800.obj
 0001:0000d150       ?GetFarRect@CPluginW2800@@UAE_NAAU_SMALL_RECT@@@Z 1000e150 f   ConEmuPlugin2800.obj
 0001:0000d1c0       ?CheckPanelExist@CPluginW2800@@UAE_NXZ 1000e1c0 f   ConEmuPlugin2800.obj
 0001:0000d210       ?GetActiveWindowType@CPluginW2800@@UAEHXZ 1000e210 f   ConEmuPlugin2800.obj
 0001:0000d2e0       ?GetWindowTypeName@CPluginW2800@@UAEPB_WH@Z 1000e2e0 f   ConEmuPlugin2800.obj
 0001:0000d370       ?GuiMacroDlg@CPluginW2800@@UAEXXZ 1000e370 f   ConEmuPlugin2800.obj
 0001:0000d8e0       ?Open@CPluginW2800@@UAEPAXPBX@Z 1000e8e0 f   ConEmuPlugin2800.obj
 0001:0000db10       ??0FarMacroValue@@QAE@XZ   1000eb10 f i ConEmuPlugin2800.obj
 0001:0000db50       ??0?$MArray@UWindowInfo@@@@QAE@XZ 1000eb50 f i ConEmuPlugin2800.obj
 0001:0000db90       ??1?$MArray@UWindowInfo@@@@QAE@XZ 1000eb90 f i ConEmuPlugin2800.obj
 0001:0000dbb0       ??A?$MArray@UWindowInfo@@@@QBEABUWindowInfo@@H@Z 1000ebb0 f i ConEmuPlugin2800.obj
 0001:0000dbd0       ??A?$MArray@UWindowInfo@@@@QAEAAUWindowInfo@@H@Z 1000ebd0 f i ConEmuPlugin2800.obj
 0001:0000dbf0       ?push_back@?$MArray@UWindowInfo@@@@QAEHABUWindowInfo@@@Z 1000ebf0 f i ConEmuPlugin2800.obj
 0001:0000dc80       ?insert@?$MArray@UWindowInfo@@@@QAEXHABUWindowInfo@@@Z 1000ec80 f i ConEmuPlugin2800.obj
 0001:0000dd60       ?clear@?$MArray@UWindowInfo@@@@QAEXXZ 1000ed60 f i ConEmuPlugin2800.obj
 0001:0000ddb0       ?erase@?$MArray@UWindowInfo@@@@QAEXH@Z 1000edb0 f i ConEmuPlugin2800.obj
 0001:0000de40       ?size@?$MArray@UWindowInfo@@@@QBEHXZ 1000ee40 f i ConEmuPlugin2800.obj
 0001:0000de60       ?addsize@?$MArray@UWindowInfo@@@@QAEXH@Z 1000ee60 f i ConEmuPlugin2800.obj
 0001:0000df50       ??0CPluginW995@@QAE@XZ     1000ef50 f   ConEmuPlugin995.obj
 0001:0000e1e0       ?Open@CPluginW995@@UAEPAXPBX@Z 1000f1e0 f i ConEmuPlugin995.obj
 0001:0000e200       ?ProcessEditorEventPtr@CPluginW995@@UAEHPAX@Z 1000f200 f i ConEmuPlugin995.obj
 0001:0000e210       ?ProcessSynchroEventPtr@CPluginW995@@UAEHPAX@Z 1000f210 f i ConEmuPlugin995.obj
 0001:0000e220       ?ProcessViewerEventPtr@CPluginW995@@UAEHPAX@Z 1000f220 f i ConEmuPlugin995.obj
 0001:0000e230       ??_ECPluginW995@@UAEPAXI@Z 1000f230 f i ConEmuPlugin995.obj
 0001:0000e230       ??_GCPluginW995@@UAEPAXI@Z 1000f230 f i ConEmuPlugin995.obj
 0001:0000e260       ??1CPluginW995@@UAE@XZ     1000f260 f i ConEmuPlugin995.obj
 0001:0000e280       ?GetPanelDir@CPluginW995@@UAEPA_WKPA_WH@Z 1000f280 f   ConEmuPlugin995.obj
 0001:0000e3b0       ?GetPanelInfo@CPluginW995@@UAE_NKPAUCEPanelInfo@@@Z 1000f3b0 f   ConEmuPlugin995.obj
 0001:0000e690       ?GetPanelItemInfo@CPluginW995@@UAE_NABUCEPanelInfo@@_NHAAU_WIN32_FIND_DATAW@@PAPA_W@Z 1000f690 f   ConEmuPlugin995.obj
 0001:0000e8a0       ?PanelControlApi@CPluginW995@@UAEHPAXHH0@Z 1000f8a0 f   ConEmuPlugin995.obj
 0001:0000e8f0       ?GetPluginInfoPtr@CPluginW995@@UAEXPAX@Z 1000f8f0 f   ConEmuPlugin995.obj
 0001:0000e990       ?SetStartupInfoPtr@CPluginW995@@UAEXPAX@Z 1000f990 f   ConEmuPlugin995.obj
 0001:0000eb40       ?GetEditorModifiedState@CPluginW995@@UAEKXZ 1000fb40 f   ConEmuPlugin995.obj
 0001:0000eb80       ?ProcessEditorInputPtr@CPluginW995@@UAEHPBX@Z 1000fb80 f   ConEmuPlugin995.obj
 0001:0000ebb0       ?GetWindowCount@CPluginW995@@UAEHXZ 1000fbb0 f   ConEmuPlugin995.obj
 0001:0000ec00       ?UpdateConEmuTabsApi@CPluginW995@@UAE_NH@Z 1000fc00 f   ConEmuPlugin995.obj
 0001:0000eee0       ?ExitFar@CPluginW995@@UAEXXZ 1000fee0 f   ConEmuPlugin995.obj
 0001:0000ef70       ?ShowMessage@CPluginW995@@UAEHPB_WH_N@Z 1000ff70 f   ConEmuPlugin995.obj
 0001:0000eff0       ?GetMsg@CPluginW995@@UAEPB_WHPA_WI@Z 1000fff0 f   ConEmuPlugin995.obj
 0001:0000f070       ?SetWindow@CPluginW995@@UAEXH@Z 10010070 f   ConEmuPlugin995.obj
 0001:0000f0d0       ?PostMacroApi@CPluginW995@@UAEXPB_WPAU_INPUT_RECORD@@_N@Z 100100d0 f   ConEmuPlugin995.obj
 0001:0000f1a0       ?ShowPluginMenu@CPluginW995@@UAEHPAUConEmuPluginMenuItem@@HH@Z 100101a0 f   ConEmuPlugin995.obj
 0001:0000f330       ?OpenEditor@CPluginW995@@UAE_NPB_W_N11HH@Z 10010330 f   ConEmuPlugin995.obj
 0001:0000f450       ?ExecuteSynchroApi@CPluginW995@@UAE_NXZ 10010450 f   ConEmuPlugin995.obj
 0001:0000f490       ?WaitEndSynchro@CPluginW995@@UAEXXZ 10010490 f   ConEmuPlugin995.obj
 0001:0000f640       ?StopWaitEndSynchro@CPluginW995@@UAEXXZ 10010640 f   ConEmuPlugin995.obj
 0001:0000f670       ?IsMacroActive@CPluginW995@@UAE_NXZ 10010670 f   ConEmuPlugin995.obj
 0001:0000f6d0       ?GetMacroArea@CPluginW995@@UAEHXZ 100106d0 f   ConEmuPlugin995.obj
 0001:0000f710       ?RedrawAll@CPluginW995@@UAEXXZ 10010710 f   ConEmuPlugin995.obj
 0001:0000f750       ?InputBox@CPluginW995@@UAE_NPB_W000AAPA_W@Z 10010750 f   ConEmuPlugin995.obj
 0001:0000f7c0       ?ShowUserScreen@CPluginW995@@UAEX_N@Z 100107c0 f   ConEmuPlugin995.obj
 0001:0000f810       ?LoadFarColors@CPluginW995@@UAEXAAY0BAA@E@Z 10010810 f   ConEmuPlugin995.obj
 0001:0000f8f0       ?LoadFarSettings@CPluginW995@@UAEXPAUCEFarInterfaceSettings@@PAUCEFarPanelSettings@@@Z 100108f0 f   ConEmuPlugin995.obj
 0001:0000f960       ?GetFarRect@CPluginW995@@UAE_NAAU_SMALL_RECT@@@Z 10010960 f   ConEmuPlugin995.obj
 0001:0000f9d0       ?CheckPanelExist@CPluginW995@@UAE_NXZ 100109d0 f   ConEmuPlugin995.obj
 0001:0000fa20       ?GetActiveWindowType@CPluginW995@@UAEHXZ 10010a20 f   ConEmuPlugin995.obj
 0001:0000faf0       ?GetWindowTypeName@CPluginW995@@UAEPB_WH@Z 10010af0 f   ConEmuPlugin995.obj
 0001:0000fb80       ?GuiMacroDlg@CPluginW995@@UAEXXZ 10010b80 f   ConEmuPlugin995.obj
 0001:000100d0       ??0CPluginAnsi@@QAE@XZ     100110d0 f   ConEmuPluginA.obj
 0001:00010340       ?ExecuteSynchroApi@CPluginAnsi@@UAE_NXZ 10011340 f i ConEmuPluginA.obj
 0001:00010350       ?GetFarRect@CPluginAnsi@@UAE_NAAU_SMALL_RECT@@@Z 10011350 f i ConEmuPluginA.obj
 0001:00010360       ?Open@CPluginAnsi@@UAEPAXPBX@Z 10011360 f i ConEmuPluginA.obj
 0001:00010380       ?ProcessEditorEventPtr@CPluginAnsi@@UAEHPAX@Z 10011380 f i ConEmuPluginA.obj
 0001:00010390       ?ProcessEditorInputPtr@CPluginAnsi@@UAEHPBX@Z 10011390 f i ConEmuPluginA.obj
 0001:000103a0       ?ProcessSynchroEventPtr@CPluginAnsi@@UAEHPAX@Z 100113a0 f i ConEmuPluginA.obj
 0001:000103b0       ?ProcessViewerEventPtr@CPluginAnsi@@UAEHPAX@Z 100113b0 f i ConEmuPluginA.obj
 0001:000103c0       ?StopWaitEndSynchro@CPluginAnsi@@UAEXXZ 100113c0 f i ConEmuPluginA.obj
 0001:000103d0       ?WaitEndSynchro@CPluginAnsi@@UAEXXZ 100113d0 f i ConEmuPluginA.obj
 0001:000103e0       ??_ECPluginAnsi@@UAEPAXI@Z 100113e0 f i ConEmuPluginA.obj
 0001:000103e0       ??_GCPluginAnsi@@UAEPAXI@Z 100113e0 f i ConEmuPluginA.obj
 0001:00010410       ??1CPluginAnsi@@UAE@XZ     10011410 f i ConEmuPluginA.obj
 0001:00010430       ?GetPanelDir@CPluginAnsi@@UAEPA_WKPA_WH@Z 10011430 f   ConEmuPluginA.obj
 0001:00010530       ?GetPanelInfo@CPluginAnsi@@UAE_NKPAUCEPanelInfo@@@Z 10011530 f   ConEmuPluginA.obj
 0001:00010810       ?GetPanelItemInfo@CPluginAnsi@@UAE_NABUCEPanelInfo@@_NHAAU_WIN32_FIND_DATAW@@PAPA_W@Z 10011810 f   ConEmuPluginA.obj
 0001:00010990       ?PanelControlApi@CPluginAnsi@@UAEHPAXHH0@Z 10011990 f   ConEmuPluginA.obj
 0001:000109e0       ?SetStartupInfoPtr@CPluginAnsi@@UAEXPAX@Z 100119e0 f   ConEmuPluginA.obj
 0001:00010ba0       ?GetPluginInfoPtr@CPluginAnsi@@UAEXPAX@Z 10011ba0 f   ConEmuPluginA.obj
 0001:00010c50       ?GetEditorModifiedState@CPluginAnsi@@UAEKXZ 10011c50 f   ConEmuPluginA.obj
 0001:00010c90       ?GetWindowCount@CPluginAnsi@@UAEHXZ 10011c90 f   ConEmuPluginA.obj
 0001:00010ce0       ?UpdateConEmuTabsApi@CPluginAnsi@@UAE_NH@Z 10011ce0 f   ConEmuPluginA.obj
 0001:00010fa0       ?ExitFar@CPluginAnsi@@UAEXXZ 10011fa0 f   ConEmuPluginA.obj
 0001:00011000       ?SetWindow@CPluginAnsi@@UAEXH@Z 10012000 f   ConEmuPluginA.obj
 0001:00011070       ?PostMacroApi@CPluginAnsi@@UAEXPB_WPAU_INPUT_RECORD@@_N@Z 10012070 f   ConEmuPluginA.obj
 0001:00011160       ?ShowPluginMenu@CPluginAnsi@@UAEHPAUConEmuPluginMenuItem@@HH@Z 10012160 f   ConEmuPluginA.obj
 0001:00011350       ?OpenEditor@CPluginAnsi@@UAE_NPB_W_N11HH@Z 10012350 f   ConEmuPluginA.obj
 0001:000114b0       ?ShowMessage@CPluginAnsi@@UAEHPB_WH_N@Z 100124b0 f   ConEmuPluginA.obj
 0001:00011580       ?GetMsg@CPluginAnsi@@UAEPB_WHPA_WI@Z 10012580 f   ConEmuPluginA.obj
 0001:00011640       ?IsMacroActive@CPluginAnsi@@UAE_NXZ 10012640 f   ConEmuPluginA.obj
 0001:000116b0       ?GetMacroArea@CPluginAnsi@@UAEHXZ 100126b0 f   ConEmuPluginA.obj
 0001:000116c0       ?RedrawAll@CPluginAnsi@@UAEXXZ 100126c0 f   ConEmuPluginA.obj
 0001:00011700       ?InputBox@CPluginAnsi@@UAE_NPB_W000AAPA_W@Z 10012700 f   ConEmuPluginA.obj
 0001:00011830       ?ShowUserScreen@CPluginAnsi@@UAEX_N@Z 10012830 f   ConEmuPluginA.obj
 0001:00011880       ?LoadFarColors@CPluginAnsi@@UAEXAAY0BAA@E@Z 10012880 f   ConEmuPluginA.obj
 0001:00011970       ?LoadFarSettings@CPluginAnsi@@UAEXPAUCEFarInterfaceSettings@@PAUCEFarPanelSettings@@@Z 10012970 f   ConEmuPluginA.obj
 0001:000119e0       ?CheckPanelExist@CPluginAnsi@@UAE_NXZ 100129e0 f   ConEmuPluginA.obj
 0001:00011a30       ?GetActiveWindowType@CPluginAnsi@@UAEHXZ 10012a30 f   ConEmuPluginA.obj
 0001:00011ab0       ?GetWindowTypeName@CPluginAnsi@@UAEPB_WH@Z 10012ab0 f   ConEmuPluginA.obj
 0001:00011b40       ?GuiMacroDlg@CPluginAnsi@@UAEXXZ 10012b40 f   ConEmuPluginA.obj
 0001:000121a0       ?Plugin@@YIPAVCPluginBase@@XZ 100131a0 f   ConEmuPluginBase.obj
 0001:000122d0       ??0CPluginBase@@QAE@XZ     100132d0 f   ConEmuPluginBase.obj
 0001:00012580       ??_ECPluginBase@@UAEPAXI@Z 10013580 f i ConEmuPluginBase.obj
 0001:00012580       ??_GCPluginBase@@UAEPAXI@Z 10013580 f i ConEmuPluginBase.obj
 0001:000125b0       ??1CPluginBase@@UAE@XZ     100135b0 f   ConEmuPluginBase.obj
 0001:000125d0       ?DllMain_ProcessAttach@CPluginBase@@KIXPAUHINSTANCE__@@@Z 100135d0 f   ConEmuPluginBase.obj
 0001:000126f0       ?DllMain_ProcessDetach@CPluginBase@@KIXXZ 100136f0 f   ConEmuPluginBase.obj
 0001:00012860       ??_GMSection@@QAEPAXI@Z    10013860 f i ConEmuPluginBase.obj
 0001:00012890       ??_GCPluginBackground@@QAEPAXI@Z 10013890 f i ConEmuPluginBase.obj
 0001:000128c0       ?DllCheckUnique@CPluginBase@@KI_N_N@Z 100138c0 f   ConEmuPluginBase.obj
 0001:00012b10       ?LoadFarVersion@CPluginBase@@SI_NXZ 10013b10 f   ConEmuPluginBase.obj
 0001:00013150       ?ShowMessageBox@CPluginBase@@KIHPB_WI@Z 10014150 f   ConEmuPluginBase.obj
 0001:00013210       ?ShowMessageGui@CPluginBase@@QAEHHH@Z 10014210 f   ConEmuPluginBase.obj
 0001:000132a0       ?BackgroundMacroError@CPluginBase@@SGKPAX@Z 100142a0 f   ConEmuPluginBase.obj
 0001:000132e0       ?PostMacro@CPluginBase@@QAEXPB_WPAU_INPUT_RECORD@@_N@Z 100142e0 f   ConEmuPluginBase.obj
 0001:000133a0       ?isMacroActive@CPluginBase@@QAE_NAAH@Z 100143a0 f   ConEmuPluginBase.obj
 0001:000133f0       ?CheckBufferEnabled@CPluginBase@@QAE_NXZ 100143f0 f   ConEmuPluginBase.obj
 0001:00013480       ?PanelControl@CPluginBase@@QAEHPAXHH0@Z 10014480 f   ConEmuPluginBase.obj
 0001:00013530       ?GetPanelInfo@CPluginBase@@QAE_NKPAUBkPanelInfo@@@Z 10014530 f   ConEmuPluginBase.obj
 0001:000135d0       ?FillUpdateBackground@CPluginBase@@QAEXPAUPaintBackgroundArg@@@Z 100145d0 f   ConEmuPluginBase.obj
 0001:000137a0       ?StorePanelDirs@CPluginBase@@QAE_NPB_W0@Z 100147a0 f   ConEmuPluginBase.obj
 0001:00013950       ?UpdatePanelDirs@CPluginBase@@QAEXXZ 10014950 f   ConEmuPluginBase.obj
 0001:00013b50       ?IsFarLua@FarVersion@@QBE_NXZ 10014b50 f i ConEmuPluginBase.obj
 0001:00013ba0       ?RunExternalProgram@CPluginBase@@QAE_NPA_W@Z 10014ba0 f   ConEmuPluginBase.obj
 0001:00013d90       ?ProcessCommandLine@CPluginBase@@QAE_NPA_W@Z 10014d90 f   ConEmuPluginBase.obj
 0001:00013dd0       ?ShowPluginMenu@CPluginBase@@QAEXW4PluginCallCommands@@@Z 10014dd0 f   ConEmuPluginBase.obj
 0001:00014080       ?ShowTabsList@CPluginBase@@QAEXXZ 10015080 f   ConEmuPluginBase.obj
 0001:00014450       ?ShowPanelsList@CPluginBase@@QAEXXZ 10015450 f   ConEmuPluginBase.obj
 0001:000145d0       ?DataSize@CESERVER_REQ@@QAEKXZ 100155d0 f i ConEmuPluginBase.obj
 0001:00014610       ?EditViewConsoleOutput@CPluginBase@@QAEX_N@Z 10015610 f   ConEmuPluginBase.obj
 0001:000146d0       ?SwitchTabCommand@CPluginBase@@QAEXW4PluginMenuCommands@@@Z 100156d0 f   ConEmuPluginBase.obj
 0001:00014790       ?ProcessSynchroEvent@CPluginBase@@QAEHHPAX@Z 10015790 f   ConEmuPluginBase.obj
 0001:00014840       ?ProcessEditorInputInternal@CPluginBase@@QAEXABU_INPUT_RECORD@@@Z 10015840 f   ConEmuPluginBase.obj
 0001:000148a0       ?ProcessEditorViewerEvent@CPluginBase@@QAEHHH@Z 100158a0 f   ConEmuPluginBase.obj
 0001:000149b0       ?isEditorViewer@CPluginBase@@QAE_NXZ 100159b0 f   ConEmuPluginBase.obj
 0001:00014a00       ?isModalEditorViewer@CPluginBase@@QAE_NXZ 10015a00 f   ConEmuPluginBase.obj
 0001:00014a50       ?GetMainThreadId@CPluginBase@@SIKXZ 10015a50 f   ConEmuPluginBase.obj
 0001:00014af0       ?ShowConsoleInfo@CPluginBase@@QAEXXZ 10015af0 f   ConEmuPluginBase.obj
 0001:00014c70       ?RunExternalProgramW@CPluginBase@@SI_NPA_W0_N@Z 10015c70 f   ConEmuPluginBase.obj
 0001:00014ee0       ?StartDebugger@CPluginBase@@QAE_NXZ 10015ee0 f   ConEmuPluginBase.obj
 0001:00015210       ?Attach2Gui@CPluginBase@@QAE_NXZ 10016210 f   ConEmuPluginBase.obj
 0001:000156d0       ?FindServerCmd@CPluginBase@@QAE_NKAAK_N@Z 100166d0 f   ConEmuPluginBase.obj
 0001:000157c0       ?ShowMessage@CPluginBase@@QAEHHH@Z 100167c0 f   ConEmuPluginBase.obj
 0001:00015840       ?OutDataAlloc@CPluginBase@@SI_NK@Z 10016840 f   ConEmuPluginBase.obj
 0001:000158b0       ?OutDataRealloc@CPluginBase@@SI_NK@Z 100168b0 f   ConEmuPluginBase.obj
 0001:00015990       ?OutDataWrite@CPluginBase@@SI_NPAXK@Z 10016990 f   ConEmuPluginBase.obj
 0001:00015a60       ?CreateTabs@CPluginBase@@SI_NH@Z 10016a60 f   ConEmuPluginBase.obj
 0001:00015b30       ?AddTab@CPluginBase@@QAE_NAAHH_N1HPB_W2HHHH@Z 10016b30 f   ConEmuPluginBase.obj
 0001:00015f40       _wmemcmp                   10016f40 f i ConEmuPluginBase.obj
 0001:00015fa0       ?AddTabFinish@CPluginBase@@QAEXH@Z 10016fa0 f   ConEmuPluginBase.obj
 0001:00015fc0       ?SendTabs@CPluginBase@@SIXH_N@Z 10016fc0 f   ConEmuPluginBase.obj
 0001:000161b0       ?CloseTabs@CPluginBase@@SIXXZ 100171b0 f   ConEmuPluginBase.obj
 0001:00016240       ?UpdateConEmuTabs@CPluginBase@@QAE_N_N@Z 10017240 f   ConEmuPluginBase.obj
 0001:00016550       ?ShowProtocolWarning@CPluginBase@@KIXXZ 10017550 f   ConEmuPluginBase.obj
 0001:000166c0       ?CheckResources@CPluginBase@@QAEX_N@Z 100176c0 f   ConEmuPluginBase.obj
 0001:00016870       ?InitResources@CPluginBase@@QAEXXZ 10017870 f   ConEmuPluginBase.obj
 0001:00016ad0       ?CloseMapHeader@CPluginBase@@SIXXZ 10017ad0 f   ConEmuPluginBase.obj
 0001:00016b00       ?OpenMapHeader@CPluginBase@@SIHXZ 10017b00 f   ConEmuPluginBase.obj
 0001:00016c20       ?InitRootRegKey@CPluginBase@@IAEXXZ 10017c20 f   ConEmuPluginBase.obj
 0001:00016d50       ?SetRootRegKey@CPluginBase@@IAEXPA_W@Z 10017d50 f   ConEmuPluginBase.obj
 0001:00016e50       ?LoadPanelTabsFromRegistry@CPluginBase@@IAEXXZ 10017e50 f   ConEmuPluginBase.obj
 0001:00016f60       ?InitHWND@CPluginBase@@SIXXZ 10017f60 f   ConEmuPluginBase.obj
 0001:00017200       ?CheckConEmuDetached@CPluginBase@@SIXXZ 10018200 f   ConEmuPluginBase.obj
 0001:000172a0       ?EmergencyShow@CPluginBase@@KIXXZ 100182a0 f   ConEmuPluginBase.obj
 0001:00017300       ?MonitorThreadProcW@CPluginBase@@SGKPAX@Z 10018300 f   ConEmuPluginBase.obj
 0001:000177b0       ?OpenPluginCommon@CPluginBase@@QAEPAXHH_N@Z 100187b0 f   ConEmuPluginBase.obj
 0001:00017b40       ?ExitFarCommon@CPluginBase@@QAEX_N@Z 10018b40 f   ConEmuPluginBase.obj
 0001:00017b90       ?OnMainThreadActivated@CPluginBase@@QAEXXZ 10018b90 f   ConEmuPluginBase.obj
 0001:00017d60       ?ProcessSetWindowCommand@CPluginBase@@QAEXXZ 10018d60 f   ConEmuPluginBase.obj
 0001:00017ea0       ?CommonPluginStartup@CPluginBase@@QAEXXZ 10018ea0 f   ConEmuPluginBase.obj
 0001:00017fd0       ?StopThread@CPluginBase@@QAEX_N@Z 10018fd0 f   ConEmuPluginBase.obj
 0001:00018340       ??_G?$MFileMapping@UCESERVER_CONSOLE_MAPPING_HDR@@@@QAEPAXI@Z 10019340 f i ConEmuPluginBase.obj
 0001:00018370       ?ShutdownPluginStep@CPluginBase@@SIXPB_WHHHH@Z 10019370 f   ConEmuPluginBase.obj
 0001:00018390       ?ExecuteSynchro@CPluginBase@@QAEXXZ 10019390 f   ConEmuPluginBase.obj
 0001:00018450       ?WaitPluginActivation@CPluginBase@@SIKKPAPAXHK@Z 10019450 f   ConEmuPluginBase.obj
 0001:000185b0       ?ActivatePlugin@CPluginBase@@QAE_NKPAXK@Z 100195b0 f   ConEmuPluginBase.obj
 0001:00018840       ?cmd_OpenEditorLine@CPluginBase@@QAE_NPAUCESERVER_REQ_FAREDITOR@@@Z 10019840 f   ConEmuPluginBase.obj
 0001:00018930       ?cmd_RedrawFarCall@CPluginBase@@QAE_NAAPAUCESERVER_REQ@@PAPAU2@@Z 10019930 f   ConEmuPluginBase.obj
 0001:000189e0       ?cmd_SetWindow@CPluginBase@@QAE_NPAX_N@Z 100199e0 f   ConEmuPluginBase.obj
 0001:00018aa0       ?cmd_LeftClickSync@CPluginBase@@QAEXPAX@Z 10019aa0 f   ConEmuPluginBase.obj
 0001:00018bd0       ?cmd_CloseQSearch@CPluginBase@@QAEXXZ 10019bd0 f   ConEmuPluginBase.obj
 0001:00018c10       ?cmd_EMenu@CPluginBase@@QAEXPAX@Z 10019c10 f   ConEmuPluginBase.obj
 0001:00018ce0       ?cmd_ExternalCallback@CPluginBase@@QAE_NPAX@Z 10019ce0 f   ConEmuPluginBase.obj
 0001:00018d60       ?cmd_ConSetFont@CPluginBase@@QAEXPAX@Z 10019d60 f   ConEmuPluginBase.obj
 0001:00018db0       ?cmd_GuiChanged@CPluginBase@@QAEXPAX@Z 10019db0 f   ConEmuPluginBase.obj
 0001:00018e90       ?ProcessCommand@CPluginBase@@QAE_NKHPAXPAPAUCESERVER_REQ@@_N@Z 10019e90 f   ConEmuPluginBase.obj
 0001:000193c0       ?FarSetConsoleSize@CPluginBase@@SI_NFF@Z 1001a3c0 f   ConEmuPluginBase.obj
 0001:000194e0       ?ReloadFarInfoApi@CPluginBase@@IAE_NXZ 1001a4e0 f   ConEmuPluginBase.obj
 0001:00019720       ?ReloadFarInfo@CPluginBase@@QAE_N_N@Z 1001a720 f   ConEmuPluginBase.obj
 0001:000199f0       ?pcc_Selected@CPluginBase@@SI_NW4PluginMenuCommands@@@Z 1001a9f0 f   ConEmuPluginBase.obj
 0001:00019a60       ?pcc_Disabled@CPluginBase@@SI_NW4PluginMenuCommands@@@Z 1001aa60 f   ConEmuPluginBase.obj
 0001:00019b10       ?TouchReadPeekConsoleInputs@CPluginBase@@SIXH@Z 1001ab10 f   ConEmuPluginBase.obj
 0001:00019b70       ?OnConsolePeekReadInput@CPluginBase@@SIX_N@Z 1001ab70 f   ConEmuPluginBase.obj
 0001:00019d70       ?ActiveServerPID@CESERVER_CONSOLE_MAPPING_HDR@@QBEKXZ 1001ad70 f i ConEmuPluginBase.obj
 0001:00019db0       ?UngetDummyMouseEvent@CPluginBase@@SI_N_NPAUHookCallbackArg@@@Z 1001adb0 f   ConEmuPluginBase.obj
 0001:00019fe0       ??4HANDLE2@@QAEAAU0@PAX@Z  1001afe0 f i ConEmuPluginBase.obj
 0001:0001a000       ?FillLoadedParm@CPluginBase@@SIXPAUConEmuLoadedArg@@PAUHINSTANCE__@@H@Z 1001b000 f   ConEmuPluginBase.obj
 0001:0001a0e0       ?NotifyConEmuUnloaded@CPluginBase@@SIXXZ 1001b0e0 f   ConEmuPluginBase.obj
 0001:0001a220       ?OnPanelViewCallbacks@CPluginBase@@SI_NPAUHookCallbackArg@@P6GHPAXPAU_INPUT_RECORD@@KPAKPAH@Z5@Z 1001b220 f   ConEmuPluginBase.obj
 0001:0001a300       ?OnShellExecuteExW_Except@CPluginBase@@SGXPAUHookCallbackArg@@@Z 1001b300 f   ConEmuPluginBase.obj
 0001:0001a340       ?OnGetNumberOfConsoleInputEventsPost@CPluginBase@@SGXPAUHookCallbackArg@@@Z 1001b340 f   ConEmuPluginBase.obj
 0001:0001a380       ?OnConsolePeekInput@CPluginBase@@SGHPAUHookCallbackArg@@@Z 1001b380 f   ConEmuPluginBase.obj
 0001:0001a400       ?OnConsolePeekInputPost@CPluginBase@@SGXPAUHookCallbackArg@@@Z 1001b400 f   ConEmuPluginBase.obj
 0001:0001a440       ?OnConsoleReadInputWork@CPluginBase@@SIHPAUHookCallbackArg@@@Z 1001b440 f   ConEmuPluginBase.obj
 0001:0001a4e0       ?OnConsoleReadInput@CPluginBase@@SGHPAUHookCallbackArg@@@Z 1001b4e0 f   ConEmuPluginBase.obj
 0001:0001a4f0       ?OnConsoleReadInputPost@CPluginBase@@SGXPAUHookCallbackArg@@@Z 1001b4f0 f   ConEmuPluginBase.obj
 0001:0001a730       ?OnWriteConsoleOutput@CPluginBase@@SGHPAUHookCallbackArg@@@Z 1001b730 f   ConEmuPluginBase.obj
 0001:0001a810       ?OnConsoleDetaching@CPluginBase@@SGHPAUHookCallbackArg@@@Z 1001b810 f   ConEmuPluginBase.obj
 0001:0001a940       ?OnConsoleWasAttached@CPluginBase@@SGXPAUHookCallbackArg@@@Z 1001b940 f   ConEmuPluginBase.obj
 0001:0001a9b0       ?OnCurDirChanged@CPluginBase@@SGXXZ 1001b9b0 f   ConEmuPluginBase.obj
 0001:0001aa30       ?OnLibraryLoaded@CPluginBase@@SGXPAUHINSTANCE__@@@Z 1001ba30 f   ConEmuPluginBase.obj
 0001:0001aab0       ?ToUnicode@CPluginBase@@SIPA_WPBD@Z 1001bab0 f   ConEmuPluginBase.obj
 0001:0001ab30       ?ToOem@CPluginBase@@SIXPB_WPADH@Z 1001bb30 f   ConEmuPluginBase.obj
 0001:0001ab80       ?ToOem@CPluginBase@@SIPADPB_W@Z 1001bb80 f   ConEmuPluginBase.obj
 0001:0001abe0       ?ProcessDragFrom@CPluginBase@@QAEXXZ 1001bbe0 f   ConEmuPluginBase.obj
 0001:0001b1d0       ?ProcessDragTo@CPluginBase@@QAEXXZ 1001c1d0 f   ConEmuPluginBase.obj
 0001:0001b5d0       ?IsCurrentTabModal@CPluginBase@@QAE_NXZ 1001c5d0 f   ConEmuPluginBase.obj
 0001:0001b690       ?PrintText@CPluginBase@@QAE_NPB_W@Z 1001c690 f   ConEmuPluginBase.obj
 0001:0001b7e0       ?Ptr@?$MFileMapping@UCESERVER_CONSOLE_MAPPING_HDR@@@@QAEPAUCESERVER_CONSOLE_MAPPING_HDR@@XZ 1001c7e0 f i ConEmuPluginBase.obj
 0001:0001b800       ??$wcscpy_c@$0BBE@@@YIHAAY0BBE@_WPB_W@Z 1001c800 f i ConEmuPluginBase.obj
 0001:0001b830       ??$wcscat_c@$0BBE@@@YIHAAY0BBE@_WPB_W@Z 1001c830 f i ConEmuPluginBase.obj
 0001:0001b860       ??$wcscat_c@$0CAE@@@YIHAAY0CAE@_WPB_W@Z 1001c860 f i ConEmuPluginBase.obj
 0001:0001b890       ?EvaluateDefaultFontWidth@@YIHHPB_W@Z 1001c890 f   EmergencyShow.obj
 0001:0001b9d0       ?SetUserFriendlyFont@@YIXPAUHWND__@@HH@Z 1001c9d0 f   EmergencyShow.obj
 0001:0001bec0       ?CorrectConsolePos@@YIXPAUHWND__@@@Z 1001cec0 f   EmergencyShow.obj
 0001:0001c000       ?EmergencyShow@@YIXPAUHWND__@@HH@Z 1001d000 f   EmergencyShow.obj
 0001:0001c150       ?IsFileBatch@@YI_NPB_W@Z   1001d150 f   Execute.obj
 0001:0001c1d0       ?GetImageSubsystem@@YI_NPB_WAAK11@Z 1001d1d0 f   Execute.obj
 0001:0001c4f0       ?GetImageSubsystem@@YI_NAAK0@Z 1001d4f0 f   Execute.obj
 0001:0001c5a0       ?GetImageSubsystem@@YI_NU_PROCESS_INFORMATION@@AAK1@Z 1001d5a0 f   Execute.obj
 0001:0001c790       ?GetEnclosingSectionHeader@@YIPAU_IMAGE_SECTION_HEADER@@KPAUIMAGE_MAPPING@@@Z 1001d790 f   Execute.obj
 0001:0001c820       ?GetPtrFromRVA@@YIPAXKPAUIMAGE_MAPPING@@@Z 1001d820 f   Execute.obj
 0001:0001c880       ?FindImageSubsystem@@YI_NPB_WAAK1PAK@Z 1001d880 f   Execute.obj
 0001:0001d260       ?OnHooksUnloaded@@YGXXZ    1001e260 f   HkFunc.obj
 0001:0001d270       ??0HkFunc@@QAE@XZ          1001e270 f   HkFunc.obj
 0001:0001d290       ?Init@HkFunc@@QAE_NPB_WPAUHINSTANCE__@@@Z 1001e290 f   HkFunc.obj
 0001:0001d360       ?SetInternalMode@HkFunc@@QAEXXZ 1001e360 f   HkFunc.obj
 0001:0001d380       ?isConEmuHk@HkFunc@@QAE_NXZ 1001e380 f   HkFunc.obj
 0001:0001d3a0       ?HeapInitialize@@YI_NXZ    1001e3a0 f   Memory.obj
 0001:0001d3d0       ?HeapDeinitialize@@YIXXZ   1001e3d0 f   Memory.obj
 0001:0001d400       ?xf_malloc@@YAPAXI@Z       1001e400 f   Memory.obj
 0001:0001d430       ?xf_calloc@@YAPAXII@Z      1001e430 f   Memory.obj
 0001:0001d460       ?xf_realloc@@YAPAXPAXI@Z   1001e460 f   Memory.obj
 0001:0001d4a0       ?xf_free@@YAXPAX@Z         1001e4a0 f   Memory.obj
 0001:0001d4d0       ?xf_validate@@YA_NPAX@Z    1001e4d0 f   Memory.obj
 0001:0001d500       ??2@YAPAXI@Z               1001e500 f   Memory.obj
 0001:0001d520       ??_U@YAPAXI@Z              1001e520 f   Memory.obj
 0001:0001d540       ??3@YAXPAX@Z               1001e540 f   Memory.obj
 0001:0001d560       ??_V@YAXPAX@Z              1001e560 f   Memory.obj
 0001:0001d580       ?GetStartupMonitor@@YIPAUHMONITOR__@@XZ 1001e580 f   Monitors.obj
 0001:0001d670       ?MonitorFromParam@@YIPAUHMONITOR__@@PB_W@Z 1001e670 f   Monitors.obj
 0001:0001d830       ?FindMonitorsWorkspace@@YGHPAUHMONITOR__@@PAUHDC__@@PAUtagRECT@@J@Z 1001e830 f   Monitors.obj
 0001:0001d8b0       ?GetAllMonitorsWorkspace@@YI?AUtagRECT@@XZ 1001e8b0 f   Monitors.obj
 0001:0001d930       ?FindPrimaryMonitor@@YGHPAUHMONITOR__@@PAUHDC__@@PAUtagRECT@@J@Z 1001e930 f   Monitors.obj
 0001:0001d9b0       ?GetMonitorInfoSafe@@YI_NPAUHMONITOR__@@AAUtagMONITORINFO@@@Z 1001e9b0 f   Monitors.obj
 0001:0001da00       ?GetPrimaryMonitorInfo@@YIPAUHMONITOR__@@PAUtagMONITORINFO@@@Z 1001ea00 f   Monitors.obj
 0001:0001dab0       ?GetNearestMonitorInfo@@YIPAUHMONITOR__@@PAUtagMONITORINFO@@PAU1@PBUtagRECT@@PAUHWND__@@@Z 1001eab0 f   Monitors.obj
 0001:0001dba0       ?EnumAllMonitors@@YGHPAUHMONITOR__@@PAUHDC__@@PAUtagRECT@@J@Z 1001eba0 f   Monitors.obj
 0001:0001dc10       ?MonitorSortCallback@@YIHAAU_FindAllMonitorsItem@@0@Z 1001ec10 f   Monitors.obj
 0001:0001dc80       ?GetNextMonitorInfo@@YIPAUHMONITOR__@@PAUtagMONITORINFO@@PBUtagRECT@@_N@Z 1001ec80 f   Monitors.obj
 0001:0001de50       ??0_FindAllMonitors@@QAE@XZ 1001ee50 f i Monitors.obj
 0001:0001de70       ??1_FindAllMonitors@@QAE@XZ 1001ee70 f i Monitors.obj
 0001:0001de90       ?FindTaskbarWindow@@YIPAUHWND__@@PAUtagRECT@@@Z 1001ee90 f   Monitors.obj
 0001:0001df00       ?IsTaskbarAutoHidden@@YI_NPAUtagRECT@@PAI@Z 1001ef00 f   Monitors.obj
 0001:0001dfc0       ??0?$MArray@U_FindAllMonitorsItem@@@@QAE@XZ 1001efc0 f i Monitors.obj
 0001:0001e000       ??1?$MArray@U_FindAllMonitorsItem@@@@QAE@XZ 1001f000 f i Monitors.obj
 0001:0001e020       ??A?$MArray@U_FindAllMonitorsItem@@@@QAEAAU_FindAllMonitorsItem@@H@Z 1001f020 f i Monitors.obj
 0001:0001e040       ?push_back@?$MArray@U_FindAllMonitorsItem@@@@QAEHABU_FindAllMonitorsItem@@@Z 1001f040 f i Monitors.obj
 0001:0001e0d0       ?size@?$MArray@U_FindAllMonitorsItem@@@@QBEHXZ 1001f0d0 f i Monitors.obj
 0001:0001e0f0       ?sort@?$MArray@U_FindAllMonitorsItem@@@@QAEXP6IHAAU_FindAllMonitorsItem@@0@Z@Z 1001f0f0 f i Monitors.obj
 0001:0001e1e0       ?clear@?$MArray@U_FindAllMonitorsItem@@@@QAEXXZ 1001f1e0 f i Monitors.obj
 0001:0001e230       ?addsize@?$MArray@U_FindAllMonitorsItem@@@@QAEXH@Z 1001f230 f i Monitors.obj
 0001:0001e320       ??0MSection@@QAE@XZ        1001f320 f   MSection.obj
 0001:0001e3d0       ??1MSection@@QAE@XZ        1001f3d0 f   MSection.obj
 0001:0001e470       ?Process_Lock@MSection@@IAEXXZ 1001f470 f   MSection.obj
 0001:0001e490       ?Process_Unlock@MSection@@IAEXXZ 1001f490 f   MSection.obj
 0001:0001e4b0       ?ThreadTerminated@MSection@@QAEXK@Z 1001f4b0 f   MSection.obj
 0001:0001e500       ?AddRef@MSection@@IAEXK@Z  1001f500 f   MSection.obj
 0001:0001e5f0       ?ReleaseRef@MSection@@IAEHK@Z 1001f5f0 f   MSection.obj
 0001:0001e6c0       ?WaitUnlocked@MSection@@IAEXKK@Z 1001f6c0 f   MSection.obj
 0001:0001e760       ?MyEnterCriticalSection@MSection@@IAE_NK@Z 1001f760 f   MSection.obj
 0001:0001e8d0       ?Lock@MSection@@IAEHHK@Z   1001f8d0 f   MSection.obj
 0001:0001ea20       ?Unlock@MSection@@IAEXH@Z  1001fa20 f   MSection.obj
 0001:0001ea90       ?isLockedExclusive@MSection@@QAE_NXZ 1001fa90 f   MSection.obj
 0001:0001eae0       ??0MSectionThread@@QAE@PAVMSection@@@Z 1001fae0 f   MSection.obj
 0001:0001eb10       ??1MSectionThread@@QAE@XZ  1001fb10 f   MSection.obj
 0001:0001eb40       ??0MSectionLock@@QAE@XZ    1001fb40 f   MSection.obj
 0001:0001eb70       ??1MSectionLock@@QAE@XZ    1001fb70 f   MSection.obj
 0001:0001eba0       ?Lock@MSectionLock@@QAEHPAVMSection@@HK@Z 1001fba0 f   MSection.obj
 0001:0001ec20       ?RelockExclusive@MSectionLock@@QAEHK@Z 1001fc20 f   MSection.obj
 0001:0001ec90       ?Unlock@MSectionLock@@QAEXXZ 1001fc90 f   MSection.obj
 0001:0001ecd0       ?isLocked@MSectionLock@@QAEHH@Z 1001fcd0 f   MSection.obj
 0001:0001ed20       ??0MSectionSimple@@QAE@_N@Z 1001fd20 f   MSectionSimple.obj
 0001:0001ed70       ??1MSectionSimple@@QAE@XZ  1001fd70 f   MSectionSimple.obj
 0001:0001ed90       ?IsInitialized@MSectionSimple@@QAE_NXZ 1001fd90 f   MSectionSimple.obj
 0001:0001edd0       ?Init@MSectionSimple@@QAEXXZ 1001fdd0 f   MSectionSimple.obj
 0001:0001ee00       ?Close@MSectionSimple@@QAEXXZ 1001fe00 f   MSectionSimple.obj
 0001:0001ee30       ?Enter@MSectionSimple@@QAEXXZ 1001fe30 f   MSectionSimple.obj
 0001:0001ee50       ?Leave@MSectionSimple@@QAEXXZ 1001fe50 f   MSectionSimple.obj
 0001:0001ee70       ?TryEnter@MSectionSimple@@QAE_NXZ 1001fe70 f   MSectionSimple.obj
 0001:0001eeb0       ?RecreateAndLock@MSectionSimple@@QAE_NXZ 1001feb0 f   MSectionSimple.obj
 0001:0001ef40       ??0MSectionLockSimple@@QAE@XZ 1001ff40 f   MSectionSimple.obj
 0001:0001ef60       ??1MSectionLockSimple@@QAE@XZ 1001ff60 f   MSectionSimple.obj
 0001:0001ef80       ?Lock@MSectionLockSimple@@QAEHPAUMSectionSimple@@K@Z 1001ff80 f   MSectionSimple.obj
 0001:0001f030       ?Unlock@MSectionLockSimple@@QAEXXZ 10020030 f   MSectionSimple.obj
 0001:0001f060       ?isLocked@MSectionLockSimple@@QAEHXZ 10020060 f   MSectionSimple.obj
 0001:0001f080       ?NullSecurity@@YIPAU_SECURITY_ATTRIBUTES@@XZ 10020080 f   MSecurity.obj
 0001:0001f0d0       ??0MNullDesc@@QAE@XZ       100200d0 f i MSecurity.obj
 0001:0001f130       ?NullSecurity@MNullDesc@@QAEPAU_SECURITY_ATTRIBUTES@@XZ 10020130 f i MSecurity.obj
 0001:0001f230       ?LoadAdvApi@MNullDesc@@IAEHXZ 10020230 f i MSecurity.obj
 0001:0001f480       ?UnloadAdvApi@MNullDesc@@IAEXXZ 10020480 f i MSecurity.obj
 0001:0001f4b0       ?LocalSecurity@@YIPAU_SECURITY_ATTRIBUTES@@XZ 100204b0 f   MSecurity.obj
 0001:0001f500       ?LocalSecurity@MNullDesc@@QAEPAU_SECURITY_ATTRIBUTES@@XZ 10020500 f i MSecurity.obj
 0001:0001f720       ?ShutdownSecurity@@YIXXZ   10020720 f   MSecurity.obj
 0001:0001f770       ??_GMNullDesc@@QAEPAXI@Z   10020770 f i MSecurity.obj
 0001:0001f7a0       ??1MNullDesc@@QAE@XZ       100207a0 f i MSecurity.obj
 0001:0001f820       ??0MSetter@@QAE@PAJ@Z      10020820 f   MSetter.obj
 0001:0001f860       ??0MSetter@@QAE@PA_N@Z     10020860 f   MSetter.obj
 0001:0001f8b0       ??0MSetter@@QAE@PAKK@Z     100208b0 f   MSetter.obj
 0001:0001f900       ??1MSetter@@QAE@XZ         10020900 f   MSetter.obj
 0001:0001f920       ?Unlock@MSetter@@QAEXXZ    10020920 f   MSetter.obj
 0001:0001f9b0       ?lstrdup@@YIPADPBD@Z       100209b0 f   MStrDup.obj
 0001:0001fa20       ?StringCchCopyA@@YGJPADIPBD@Z 10020a20 f i MStrDup.obj
 0001:0001fb40       ?lstrdup@@YIPA_WPB_WI@Z    10020b40 f   MStrDup.obj
 0001:0001fca0       ?lstrdupW@@YIPA_WPBDI@Z    10020ca0 f   MStrDup.obj
 0001:0001fd20       ?lstrdupA@@YIPADPB_WIPAH@Z 10020d20 f   MStrDup.obj
 0001:0001fe00       ?lstrmerge@@YIPA_WPB_W00000000@Z 10020e00 f   MStrDup.obj
 0001:0001ff50       ?lstrmerge@@YI_NPAPA_WPB_W1111111@Z 10020f50 f   MStrDup.obj
 0001:0001ffc0       ?msprintf@@YAPB_WPA_WIPB_WZZ 10020fc0 f   MStrSafe.obj
 0001:000205e0       ?msprintf@@YAPBDPADIPBDZZ  100215e0 f   MStrSafe.obj
 0001:00020a40       ?lstrcmpni@@YIHPBD0H@Z     10021a40 f   MStrSafe.obj
 0001:00020b70       ?lstrcmpni@@YIHPB_W0H@Z    10021b70 f   MStrSafe.obj
 0001:00020cd0       ?startswith@@YIHPB_W0_N@Z  10021cd0 f   MStrSafe.obj
 0001:00020d60       ??0CPluginBackground@@QAE@XZ 10021d60 f   PluginBackground.obj
 0001:00020fa0       ??1CPluginBackground@@QAE@XZ 10021fa0 f   PluginBackground.obj
 0001:000211f0       ?RegisterSubplugin@CPluginBackground@@QAEHPAURegisterBackgroundArg@@@Z 100221f0 f   PluginBackground.obj
 0001:000215a0       ?ReallocItems@CPluginBackground@@IAEXH@Z 100225a0 f   PluginBackground.obj
 0001:00021620       ?OnMainThreadActivated@CPluginBackground@@QAEXHH@Z 10022620 f   PluginBackground.obj
 0001:00021740       ?SetForceCheck@CPluginBackground@@QAEXXZ 10022740 f   PluginBackground.obj
 0001:00021770       ?SetForceUpdate@CPluginBackground@@QAEX_N@Z 10022770 f   PluginBackground.obj
 0001:000217b0       ?SetForceThLoad@CPluginBackground@@QAEXXZ 100227b0 f   PluginBackground.obj
 0001:000217f0       ?IsParmChanged@CPluginBackground@@IAE_NPAUPaintBackgroundArg@@0@Z 100227f0 f   PluginBackground.obj
 0001:00021ad0       ?CheckPanelFolders@CPluginBackground@@IAEXH@Z 10022ad0 f   PluginBackground.obj
 0001:00021bd0       ?SetDcPanelRect@CPluginBackground@@IAEXPAUtagRECT@@PAUBkPanelInfo@@PAUPaintBackgroundArg@@@Z 10022bd0 f   PluginBackground.obj
 0001:00021d10       ?UpdateBackground_Exec@CPluginBackground@@KIXPAURegisterBackgroundArg@@PAUPaintBackgroundArg@@@Z 10022d10 f   PluginBackground.obj
 0001:00021d60       ?UpdateBackground@CPluginBackground@@IAEXXZ 10022d60 f   PluginBackground.obj
 0001:00022bd0       ?LoadThSet@CPluginBackground@@IAEHH@Z 10023bd0 f   PluginBackground.obj
 0001:00022df0       ?MonitorBackground@CPluginBackground@@QAEXXZ 10023df0 f   PluginBackground.obj
 0001:00022ea0       ?GetTo@?$MFileMapping@UPanelViewSetMapping@@@@QAE_NPAUPanelViewSetMapping@@H@Z 10023ea0 f i PluginBackground.obj
 0001:00022ef0       ?InitName@?$MFileMapping@UPanelViewSetMapping@@@@QAEPB_WPB_WKK@Z 10023ef0 f i PluginBackground.obj
 0001:00022f40       ?CloseMap@?$MFileMapping@UPanelViewSetMapping@@@@QAEXXZ 10023f40 f i PluginBackground.obj
 0001:00022fb0       ?Open@?$MFileMapping@UPanelViewSetMapping@@@@QAEPAUPanelViewSetMapping@@HH@Z 10023fb0 f i PluginBackground.obj
 0001:00022fd0       ??0?$MFileMapping@UPanelViewSetMapping@@@@QAE@XZ 10023fd0 f i PluginBackground.obj
 0001:00023030       ??1?$MFileMapping@UPanelViewSetMapping@@@@QAE@XZ 10024030 f i PluginBackground.obj
 0001:00023050       ?IsValid@?$MFileMapping@UPanelViewSetMapping@@@@QAE_NXZ 10024050 f i PluginBackground.obj
 0001:00023070       ?ClosePtr@?$MFileMapping@UPanelViewSetMapping@@@@QAEXXZ 10024070 f i PluginBackground.obj
 0001:000230a0       ?InternalOpenCreate@?$MFileMapping@UPanelViewSetMapping@@@@IAEPAUPanelViewSetMapping@@HHH@Z 100240a0 f i PluginBackground.obj
 0001:00023360       ?PlugServerInit@@YIXXZ     10024360 f   PluginSrv.obj
 0001:00023370       ?PlugServerStart@@YI_NXZ   10024370 f   PluginSrv.obj
 0001:00023460       ?PlugServerStop@@YIX_N@Z   10024460 f   PluginSrv.obj
 0001:000234c0       ?cmd_FarSetChanged@@YIXPAUFAR_REQ_FARSETCHANGED@@@Z 100244c0 f   PluginSrv.obj
 0001:00023530       ?PlugServerCommand@@YGHPAXPAUCESERVER_REQ@@AAPAU1@AAK3J@Z 10024530 f   PluginSrv.obj
 0001:00023c40       ?PlugServerFree@@YGXPAUCESERVER_REQ@@J@Z 10024c40 f   PluginSrv.obj
 0001:00023c50       ?SetOverlapped@?$PipeServer@UCESERVER_REQ@@@@QAEX_N@Z 10024c50 f i PluginSrv.obj
 0001:00023c70       ?SetLoopCommands@?$PipeServer@UCESERVER_REQ@@@@QAEX_N@Z 10024c70 f i PluginSrv.obj
 0001:00023c90       ?SetDummyAnswerSize@?$PipeServer@UCESERVER_REQ@@@@QAEXH@Z 10024c90 f i PluginSrv.obj
 0001:00023cb0       ?SetMaxCount@?$PipeServer@UCESERVER_REQ@@@@QAEXH@Z 10024cb0 f i PluginSrv.obj
 0001:00023cf0       ?StartPipeServer@?$PipeServer@UCESERVER_REQ@@@@QAE_N_NPB_WJPAU_SECURITY_ATTRIBUTES@@P6GHPAXPAUCESERVER_REQ@@AAPAU3@AAK6J@ZP6GX4J@ZP6GH3J@Z99@Z 10024cf0 f i PluginSrv.obj
 0001:00023ed0       ?StopPipeServer@?$PipeServer@UCESERVER_REQ@@@@QAEX_NAA_N@Z 10024ed0 f i PluginSrv.obj
 0001:00024580       ?BreakConnection@?$PipeServer@UCESERVER_REQ@@@@QAEXPAX@Z 10025580 f i PluginSrv.obj
 0001:000245a0       ?DumpError@?$PipeServer@UCESERVER_REQ@@@@IAEXPAUPipeInst@1@PB_WH@Z 100255a0 f i PluginSrv.obj
 0001:00024690       ?_Disconnect@?$PipeServer@UCESERVER_REQ@@@@IAEXPAUPipeInst@1@_N11@Z 10025690 f i PluginSrv.obj
 0001:00024710       ?StartPipeInstance@?$PipeServer@UCESERVER_REQ@@@@IAE_NPAUPipeInst@1@@Z 10025710 f i PluginSrv.obj
 0001:000248b0       ?TerminatePipeThread@?$PipeServer@UCESERVER_REQ@@@@KIXAAPAXABUPipeInst@1@AA_N@Z 100258b0 f i PluginSrv.obj
 0001:00024940       ?_PipeServerThread@?$PipeServer@UCESERVER_REQ@@@@KGKPAX@Z 10025940 f i PluginSrv.obj
 0001:000249b0       ?PipeServerThread@?$PipeServer@UCESERVER_REQ@@@@IAEKPAUPipeInst@1@@Z 100259b0 f i PluginSrv.obj
 0001:00024d50       ?PipeServerRead@?$PipeServer@UCESERVER_REQ@@@@IAEHPAUPipeInst@1@@Z 10025d50 f i PluginSrv.obj
 0001:000250e0       ?PipeServerWrite@?$PipeServer@UCESERVER_REQ@@@@IAEHPAUPipeInst@1@PBXKPAKH@Z 100260e0 f i PluginSrv.obj
 0001:00025280       ?WaitForClient@?$PipeServer@UCESERVER_REQ@@@@IAE_NPAUPipeInst@1@AAH1@Z 10026280 f i PluginSrv.obj
 0001:00025660       ?WriteDummyAnswer@?$PipeServer@UCESERVER_REQ@@@@IAEHPAUPipeInst@1@@Z 10026660 f i PluginSrv.obj
 0001:000256e0       ?WaitOverlapped@?$PipeServer@UCESERVER_REQ@@@@IAEHPAUPipeInst@1@PAK@Z 100266e0 f i PluginSrv.obj
 0001:00025910       ?AllocRequestBuf@PipeInst@?$PipeServer@UCESERVER_REQ@@@@QAEPAUCESERVER_REQ@@K@Z 10026910 f i PluginSrv.obj
 0001:00025990       ??$wcscpy_c@$0BAE@@@YIHAAY0BAE@_WPB_W@Z 10026990 f i PluginSrv.obj
 0001:00025aa0       ?SetConEmuEnvHWND@@YIXPB_WPAUHWND__@@@Z 10026aa0 f   SetEnvVar.obj
 0001:00025af0       ?SetConEmuEnvVar@@YIXPAUHWND__@@@Z 10026af0 f   SetEnvVar.obj
 0001:00025b60       ?SetConEmuEnvVarChild@@YIXPAUHWND__@@0@Z 10026b60 f   SetEnvVar.obj
 0001:00025b90       ?SetConEmuWorkEnvVar@@YIXPAUHINSTANCE__@@@Z 10026b90 f   SetEnvVar.obj
 0001:00025d10       ??0CEnvStrings@@QAE@PA_W@Z 10026d10 f   SetEnvVar.obj
 0001:00025da0       ??1CEnvStrings@@QAE@XZ     10026da0 f   SetEnvVar.obj
 0001:00025dd0       ?SetConsoleInfo@@YIHPAUHWND__@@PAU_CONSOLE_INFO@@@Z 10026dd0 f   WConsole.obj
 0001:00026090       ?CreateConsoleSection@ConsoleSectionHelper@@QAEPAXXZ 10027090 f i WConsole.obj
 0001:000260d0       ?GetConsoleSizeInfo@@YIXPAU_CONSOLE_INFO@@@Z 100270d0 f   WConsole.obj
 0001:00026180       ?apiGetConsoleScreenBufferInfoEx@@YIHPAXPAUMY_CONSOLE_SCREEN_BUFFER_INFOEX@@@Z 10027180 f   WConsole.obj
 0001:000261f0       ?apiSetConsoleScreenBufferInfoEx@@YIHPAXPAUMY_CONSOLE_SCREEN_BUFFER_INFOEX@@@Z 100271f0 f   WConsole.obj
 0001:00026280       ?apiGetCurrentConsoleFontEx@@YIHPAXHPAUMY_CONSOLE_FONT_INFOEX@@@Z 10027280 f   WConsole.obj
 0001:00026300       ?apiSetCurrentConsoleFontEx@@YIHPAXHPAUMY_CONSOLE_FONT_INFOEX@@@Z 10027300 f   WConsole.obj
 0001:00026380       ?apiInitConsoleFontSize@@YIHPAX@Z 10027380 f   WConsole.obj
 0001:00026400       ?apiGetConsoleFontSize@@YIHPAXAAH1AAY0CA@_W@Z 10027400 f   WConsole.obj
 0001:000264a0       ?apiSetConsoleFontSize@@YIHPAXHHPB_W@Z 100274a0 f   WConsole.obj
 0001:000265d0       ?apiFixFontSizeForBufferSize@@YIHPAXU_COORD@@PADH@Z 100275d0 f   WConsole.obj
 0001:00026ae0       ?SetConsoleFontSizeTo@@YIXPAUHWND__@@HHPB_WGG@Z 10027ae0 f   WConsole.obj
 0001:00026f50       ?CreateConsoleData@ConsoleSectionHelper@@QAEPAU_CONSOLE_INFO@@XZ 10027f50 f i WConsole.obj
 0001:00026f90       ?apiPauseConsoleOutput@@YIHPAUHWND__@@_N@Z 10027f90 f   WConsole.obj
 0001:00027070       ?apiGetConsoleSelectionInfo@@YIHPAU_CONSOLE_SELECTION_INFO@@@Z 10028070 f   WConsole.obj
 0001:00027160       ?MyGetLargestConsoleWindowSize@@YI?AU_COORD@@PAX@Z 10028160 f   WConsole.obj
 0001:000271e0       ??0MSetConTextAttr@@QAE@PAXG@Z 100281e0 f   WConsole.obj
 0001:00027250       ??1MSetConTextAttr@@QAE@XZ 10028250 f   WConsole.obj
 0001:00027290       ??0ConsoleSectionHelper@@QAE@XZ 10028290 f i WConsole.obj
 0001:000272c0       ??1ConsoleSectionHelper@@QAE@XZ 100282c0 f i WConsole.obj
 0001:00027310       ?SearchAppPaths@@YI_NPB_WAAUCEStr@@_NPAU1@@Z 10028310 f   WFiles.obj
 0001:00027860       ?GetFullPathNameEx@@YIPA_WPB_W@Z 10028860 f   WFiles.obj
 0001:00027910       ?FindFileName@@YI_NPB_WAAUCEStr@@@Z 10028910 f   WFiles.obj
 0001:00027b00       ?MakePathProperCase@@YI_NAAUCEStr@@@Z 10028b00 f   WFiles.obj
 0001:00027d30       ?ReadTextFile@@YIHPB_WKAAPA_WAAK2K@Z 10028d30 f   WFiles.obj
 0001:00028180       ?WriteTextFile@@YIHPB_W0HK_NPAK@Z 10029180 f   WFiles.obj
 0001:00028400       ?FilesExists@@YI_NPB_W0_NH@Z 10029400 f   WFiles.obj
 0001:00028550       ?IsDotsName@@YI_NPB_W@Z    10029550 f   WFiles.obj
 0001:000285b0       ?FileExistSubDir@@YI_NPB_W0HAAUCEStr@@@Z 100295b0 f   WFiles.obj
 0001:000287b0       ?DirectoryExists@@YI_NPB_W@Z 100297b0 f   WFiles.obj
 0001:00028910       ?MyCreateDirectory@@YI_NPA_W@Z 10029910 f   WFiles.obj
 0001:00028a20       ?FileCompare@@YI_NPB_W0@Z  10029a20 f   WFiles.obj
 0001:00028c40       ?apiCancelSynchronousIo@@YIHPAX@Z 10029c40 f   WFiles.obj
 0001:00028cd0       ?HasZoneIdentifier@@YI_NPB_WAAH@Z 10029cd0 f   WFiles.obj
 0001:00028d90       ?DropZoneIdentifier@@YI_NPB_WAAK@Z 10029d90 f   WFiles.obj
 0001:00028e40       ?IsModuleValid@@YI_NPAUHINSTANCE__@@H@Z 10029e40 f   WModuleCheck.obj
 0001:00028f80       ?CheckCallbackPtr@@YI_NPAUHINSTANCE__@@IPAP6GHXZHHH@Z 10029f80 f   WModuleCheck.obj
 0001:000290d0       ?getWindowInfo@@YIXPAUHWND__@@AAY0EAA@_W_NPAK@Z 1002a0d0 f   WObjects.obj
 0001:00029290       ?FileExists@@YI_NPB_WPAK@Z 1002a290 f   WObjects.obj
 0001:00029470       ?apiSearchPath@@YIHPB_W00AAUCEStr@@@Z 1002a470 f   WObjects.obj
 0001:000295d0       ?apiGetFullPathName@@YIHPB_WAAUCEStr@@@Z 1002a5d0 f   WObjects.obj
 0001:00029720       ?FileSearchInDir@@YI_NPB_WAAUCEStr@@@Z 1002a720 f   WObjects.obj
 0001:000298e0       ?FileExistsSearch@@YI_NPB_WAAUCEStr@@_N2@Z 1002a8e0 f   WObjects.obj
 0001:000299f0       ?GetShortFileName@@YI_NPB_WHPA_WH@Z 1002a9f0 f   WObjects.obj
 0001:00029c00       ?GetShortFileNameEx@@YIPA_WPB_WH@Z 1002ac00 f   WObjects.obj
 0001:0002a030       ?GetModulePathName@@YIKPAUHINSTANCE__@@AAUCEStr@@@Z 1002b030 f   WObjects.obj
 0001:0002a0e0       ?IsWine@@YI_NXZ            1002b0e0 f   WObjects.obj
 0001:0002a200       ?IsWinPE@@YI_NXZ           1002b200 f   WObjects.obj
 0001:0002a270       ?GetOsVersionInformational@@YI_NPAU_OSVERSIONINFOW@@@Z 1002b270 f   WObjects.obj
 0001:0002a2a0       ?IsWinVerOrHigher@@YI_NG@Z 1002b2a0 f   WObjects.obj
 0001:0002a350       ?IsWinVerEqual@@YI_NG@Z    1002b350 f   WObjects.obj
 0001:0002a400       ?IsWin2kEql@@YI_NXZ        1002b400 f   WObjects.obj
 0001:0002a440       ?IsWin5family@@YI_NXZ      1002b440 f   WObjects.obj
 0001:0002a4d0       ?IsWinXPSP1@@YI_NXZ        1002b4d0 f   WObjects.obj
 0001:0002a590       ?IsWin6@@YI_NXZ            1002b590 f   WObjects.obj
 0001:0002a5d0       ?IsWin7@@YI_NXZ            1002b5d0 f   WObjects.obj
 0001:0002a610       ?IsWin8@@YI_NXZ            1002b610 f   WObjects.obj
 0001:0002a650       ?IsWin8_1@@YI_NXZ          1002b650 f   WObjects.obj
 0001:0002a690       ?IsWin10@@YI_NXZ           1002b690 f   WObjects.obj
 0001:0002a730       ?IsDbcs@@YI_NXZ            1002b730 f   WObjects.obj
 0001:0002a750       ?IsWindows64@@YI_NXZ       1002b750 f   WObjects.obj
 0001:0002a7e0       ?IsHwFullScreenAvailable@@YI_NXZ 1002b7e0 f   WObjects.obj
 0001:0002a880       ?IsVsNetHostExe@@YI_NPB_W@Z 1002b880 f   WObjects.obj
 0001:0002a900       ?IsGDB@@YI_NPB_W@Z         1002b900 f   WObjects.obj
 0001:0002a950       ?GetProcessBits@@YIHKPAX@Z 1002b950 f   WObjects.obj
 0001:0002aa70       ?GetProcessInfo@@YI_NKPAUtagPROCESSENTRY32W@@@Z 1002ba70 f   WObjects.obj
 0001:0002ab60       ?isTerminalMode@@YI_NXZ    1002bb60 f   WObjects.obj
 0001:0002ae80       ?ExpandMacroValues@@YIPA_WPB_WPAPB_WI@Z 1002be80 f   WObjects.obj
 0001:0002b040       ?ExpandEnvStr@@YIPA_WPB_W@Z 1002c040 f   WObjects.obj
 0001:0002b120       ?GetEnvVar@@YIPA_WPB_W@Z   1002c120 f   WObjects.obj
 0001:0002b1f0       ?GetComspecFromEnvVar@@YIPB_WPA_WKW4ComSpecBits@@@Z 1002c1f0 f   WObjects.obj
 0001:0002b470       ?GetComspec@@YIPA_WPBUConEmuComspec@@@Z 1002c470 f   WObjects.obj
 0001:0002b6b0       ?IsExportEnvVarAllowed@@YI_NPB_W@Z 1002c6b0 f   WObjects.obj
 0001:0002b720       ?ApplyExportEnvVar@@YIXPB_W@Z 1002c720 f   WObjects.obj
 0001:0002b7a0       ?CoordInSmallRect@@YI_NABU_COORD@@ABU_SMALL_RECT@@@Z 1002c7a0 f   WObjects.obj
 0001:0002b810       ?GetCpFromString@@YIIPB_WPAPB_W@Z 1002c810 f   WObjects.obj
 0001:0002b980       ??$wcscpy_c@$0EAA@@@YIHAAY0EAA@_WPB_W@Z 1002c980 f i WObjects.obj
 0001:0002b9b0       ??$wcscpy_c@$0BAA@@@YIHAAY0BAA@_WPB_W@Z 1002c9b0 f i WObjects.obj
 0001:0002b9e0       ?apiThreadHelper@@YGKPAX@Z 1002c9e0 f   WThreads.obj
 0001:0002bb60       ?apiCreateThread@@YIPAXP6GKPAX@Z0PAKPBDH@Z 1002cb60 f   WThreads.obj
 0001:0002bcd0       ??0ConEmuThreadStartArg@@QAE@P6GKPAX@Z0K@Z 1002ccd0 f i WThreads.obj
 0001:0002bd10       ?apiTerminateThreadEx@@YIHPAXKPBDH@Z 1002cd10 f   WThreads.obj
 0001:0002be20       ?SetThreadName@@YIXKPAD@Z  1002ce20 f   WThreads.obj
 0001:0002beb0       ?apiSetForegroundWindow@@YI_NPAUHWND__@@@Z 1002ceb0 f   WUser.obj
 0001:0002bee0       ?apiShowWindow@@YI_NPAUHWND__@@H@Z 1002cee0 f   WUser.obj
 0001:0002bf10       ?apiShowWindowAsync@@YI_NPAUHWND__@@H@Z 1002cf10 f   WUser.obj
 0001:0002bf40       ?IsUserAdmin@@YI_NXZ       1002cf40 f   WUser.obj
 0001:0002c030       ?GetLogonSID@@YI_NPAXPAPA_W@Z 1002d030 f   WUser.obj
 0001:0002c150       ?DuplicateProcessHandle@@YIPAXK@Z 1002d150 f   WUser.obj
 0001:0002c1c0       ?FindComspec@@YIXPAUConEmuComspec@@_N@Z 1002d1c0 f   WUser.obj
 0001:0002cb90       ?UpdateComspec@@YIXPAUConEmuComspec@@_N@Z 1002db90 f   WUser.obj
 0001:0002ced0       ?SetEnvVarExpanded@@YIXPB_W0@Z 1002ded0 f   WUser.obj
 0001:0002d0a4       _lstrlenW@4                1002e0a4 f   kernel32:KERNEL32.dll
 0001:0002d0aa       _SetEnvironmentVariableW@8 1002e0aa f   kernel32:KERNEL32.dll
 0001:0002d0b0       _lstrcpynW@12              1002e0b0 f   kernel32:KERNEL32.dll
 0001:0002d0b6       _lstrcmpiW@8               1002e0b6 f   kernel32:KERNEL32.dll
 0001:0002d0bc       _lstrcmpW@8                1002e0bc f   kernel32:KERNEL32.dll
 0001:0002d0c2       _GetCurrentDirectoryW@8    1002e0c2 f   kernel32:KERNEL32.dll
 0001:0002d0c8       _GetProcAddress@8          1002e0c8 f   kernel32:KERNEL32.dll
 0001:0002d0ce       _GetModuleHandleW@4        1002e0ce f   kernel32:KERNEL32.dll
 0001:0002d0d4       _GetModuleFileNameW@12     1002e0d4 f   kernel32:KERNEL32.dll
 0001:0002d0da       _SetNamedPipeHandleState@16 1002e0da f   kernel32:KERNEL32.dll
 0001:0002d0e0       _GetCurrentProcessId@0     1002e0e0 f   kernel32:KERNEL32.dll
 0001:0002d0e6       _Sleep@4                   1002e0e6 f   kernel32:KERNEL32.dll
 0001:0002d0ec       _SetLastError@4            1002e0ec f   kernel32:KERNEL32.dll
 0001:0002d0f2       _WaitNamedPipeW@8          1002e0f2 f   kernel32:KERNEL32.dll
 0001:0002d0f8       _WaitForSingleObject@8     1002e0f8 f   kernel32:KERNEL32.dll
 0001:0002d0fe       _GetLastError@0            1002e0fe f   kernel32:KERNEL32.dll
 0001:0002d104       _CreateFileW@28            1002e104 f   kernel32:KERNEL32.dll
 0001:0002d10a       _GetTickCount@0            1002e10a f   kernel32:KERNEL32.dll
 0001:0002d110       _IsDebuggerPresent@0       1002e110 f   kernel32:KERNEL32.dll
 0001:0002d116       _GetCurrentThreadId@0      1002e116 f   kernel32:KERNEL32.dll
 0001:0002d11c       _ReadFile@20               1002e11c f   kernel32:KERNEL32.dll
 0001:0002d122       _CloseHandle@4             1002e122 f   kernel32:KERNEL32.dll
 0001:0002d128       _TransactNamedPipe@28      1002e128 f   kernel32:KERNEL32.dll
 0001:0002d12e       _WriteFile@20              1002e12e f   kernel32:KERNEL32.dll
 0001:0002d134       _GetConsoleWindow@0        1002e134 f   kernel32:KERNEL32.dll
 0001:0002d13a       _UnmapViewOfFile@4         1002e13a f   kernel32:KERNEL32.dll
 0001:0002d140       _MapViewOfFile@20          1002e140 f   kernel32:KERNEL32.dll
 0001:0002d146       _OpenFileMappingW@12       1002e146 f   kernel32:KERNEL32.dll
 0001:0002d14c       _LoadLibraryW@4            1002e14c f   kernel32:KERNEL32.dll
 0001:0002d152       _CreateFileMappingW@24     1002e152 f   kernel32:KERNEL32.dll
 0001:0002d158       _VirtualProtect@16         1002e158 f   kernel32:KERNEL32.dll
 0001:0002d15e       _lstrcpyW@8                1002e15e f   kernel32:KERNEL32.dll
 0001:0002d164       _MultiByteToWideChar@24    1002e164 f   kernel32:KERNEL32.dll
 0001:0002d16a       _lstrcpynA@12              1002e16a f   kernel32:KERNEL32.dll
 0001:0002d170       _lstrlenA@4                1002e170 f   kernel32:KERNEL32.dll
 0001:0002d176       _WideCharToMultiByte@32    1002e176 f   kernel32:KERNEL32.dll
 0001:0002d17c       _lstrcpyA@8                1002e17c f   kernel32:KERNEL32.dll
 0001:0002d182       _Module32NextW@8           1002e182 f   kernel32:KERNEL32.dll
 0001:0002d188       _Module32FirstW@8          1002e188 f   kernel32:KERNEL32.dll
 0001:0002d18e       _CreateToolhelp32Snapshot@8 1002e18e f   kernel32:KERNEL32.dll
 0001:0002d194       _GetConsoleCursorInfo@8    1002e194 f   kernel32:KERNEL32.dll
 0001:0002d19a       _GetConsoleScreenBufferInfo@8 1002e19a f   kernel32:KERNEL32.dll
 0001:0002d1a0       _GetStdHandle@4            1002e1a0 f   kernel32:KERNEL32.dll
 0001:0002d1a6       _InterlockedIncrement@4    1002e1a6 f   kernel32:KERNEL32.dll
 0001:0002d1ac       _GetConsoleTitleW@8        1002e1ac f   kernel32:KERNEL32.dll
 0001:0002d1b2       _DeleteFileW@4             1002e1b2 f   kernel32:KERNEL32.dll
 0001:0002d1b8       _Thread32Next@8            1002e1b8 f   kernel32:KERNEL32.dll
 0001:0002d1be       _Thread32First@8           1002e1be f   kernel32:KERNEL32.dll
 0001:0002d1c4       _GetConsoleMode@8          1002e1c4 f   kernel32:KERNEL32.dll
 0001:0002d1ca       _GetExitCodeProcess@8      1002e1ca f   kernel32:KERNEL32.dll
 0001:0002d1d0       _CreateProcessW@40         1002e1d0 f   kernel32:KERNEL32.dll
 0001:0002d1d6       _SetConsoleMode@8          1002e1d6 f   kernel32:KERNEL32.dll
 0001:0002d1dc       _GetEnvironmentStringsW@0  1002e1dc f   kernel32:KERNEL32.dll
 0001:0002d1e2       _lstrcatW@8                1002e1e2 f   kernel32:KERNEL32.dll
 0001:0002d1e8       _GetEnvironmentVariableW@12 1002e1e8 f   kernel32:KERNEL32.dll
 0001:0002d1ee       _WaitForMultipleObjects@16 1002e1ee f   kernel32:KERNEL32.dll
 0001:0002d1f4       _CreateEventW@16           1002e1f4 f   kernel32:KERNEL32.dll
 0001:0002d1fa       _SetConsoleTitleW@4        1002e1fa f   kernel32:KERNEL32.dll
 0001:0002d200       _CreateSemaphoreW@16       1002e200 f   kernel32:KERNEL32.dll
 0001:0002d206       _ResetEvent@4              1002e206 f   kernel32:KERNEL32.dll
 0001:0002d20c       _TerminateProcess@8        1002e20c f   kernel32:KERNEL32.dll
 0001:0002d212       _GetCurrentProcess@0       1002e212 f   kernel32:KERNEL32.dll
 0001:0002d218       _SetEvent@4                1002e218 f   kernel32:KERNEL32.dll
 0001:0002d21e       _IsBadStringPtrW@8         1002e21e f   kernel32:KERNEL32.dll
 0001:0002d224       _InterlockedDecrement@4    1002e224 f   kernel32:KERNEL32.dll
 0001:0002d22a       _ReleaseSemaphore@12       1002e22a f   kernel32:KERNEL32.dll
 0001:0002d230       _WriteConsoleInputW@16     1002e230 f   kernel32:KERNEL32.dll
 0001:0002d236       _GetNumberOfConsoleInputEvents@8 1002e236 f   kernel32:KERNEL32.dll
 0001:0002d23c       _ReadConsoleInputW@16      1002e23c f   kernel32:KERNEL32.dll
 0001:0002d242       _PeekConsoleInputW@16      1002e242 f   kernel32:KERNEL32.dll
 0001:0002d248       _SuspendThread@4           1002e248 f   kernel32:KERNEL32.dll
 0001:0002d24e       _ResumeThread@4            1002e24e f   kernel32:KERNEL32.dll
 0001:0002d254       _VerifyVersionInfoW@16     1002e254 f   kernel32:KERNEL32.dll
 0001:0002d25a       _VerSetConditionMask@16    1002e25a f   kernel32:KERNEL32.dll
 0001:0002d260       _ReleaseMutex@4            1002e260 f   kernel32:KERNEL32.dll
 0001:0002d266       _CreateMutexW@12           1002e266 f   kernel32:KERNEL32.dll
 0001:0002d26c       _SetFilePointer@16         1002e26c f   kernel32:KERNEL32.dll
 0001:0002d272       _GetFileInformationByHandle@8 1002e272 f   kernel32:KERNEL32.dll
 0001:0002d278       _ReadProcessMemory@20      1002e278 f   kernel32:KERNEL32.dll
 0001:0002d27e       _FreeLibrary@4             1002e27e f   kernel32:KERNEL32.dll
 0001:0002d284       _ExpandEnvironmentStringsW@12 1002e284 f   kernel32:KERNEL32.dll
 0001:0002d28a       _SearchPathW@24            1002e28a f   kernel32:KERNEL32.dll
 0001:0002d290       _DebugBreak@0              1002e290 f   kernel32:KERNEL32.dll
 0001:0002d296       _HeapCreate@12             1002e296 f   kernel32:KERNEL32.dll
 0001:0002d29c       _HeapDestroy@4             1002e29c f   kernel32:KERNEL32.dll
 0001:0002d2a2       _HeapAlloc@12              1002e2a2 f   kernel32:KERNEL32.dll
 0001:0002d2a8       _HeapReAlloc@16            1002e2a8 f   kernel32:KERNEL32.dll
 0001:0002d2ae       _HeapFree@12               1002e2ae f   kernel32:KERNEL32.dll
 0001:0002d2b4       _HeapValidate@12           1002e2b4 f   kernel32:KERNEL32.dll
 0001:0002d2ba       _GetStartupInfoW@4         1002e2ba f   kernel32:KERNEL32.dll
 0001:0002d2c0       _OpenThread@12             1002e2c0 f   kernel32:KERNEL32.dll
 0001:0002d2c6       _InitializeCriticalSection@4 1002e2c6 f   kernel32:KERNEL32.dll
 0001:0002d2cc       _DeleteCriticalSection@4   1002e2cc f   kernel32:KERNEL32.dll
 0001:0002d2d2       _EnterCriticalSection@4    1002e2d2 f   kernel32:KERNEL32.dll
 0001:0002d2d8       _LeaveCriticalSection@4    1002e2d8 f   kernel32:KERNEL32.dll
 0001:0002d2de       _TryEnterCriticalSection@4 1002e2de f   kernel32:KERNEL32.dll
 0001:0002d2e4       _LocalFree@4               1002e2e4 f   kernel32:KERNEL32.dll
 0001:0002d2ea       _LocalAlloc@8              1002e2ea f   kernel32:KERNEL32.dll
 0001:0002d2f0       _lstrcmpiA@8               1002e2f0 f   kernel32:KERNEL32.dll
 0001:0002d2f6       _GetExitCodeThread@8       1002e2f6 f   kernel32:KERNEL32.dll
 0001:0002d2fc       _DisconnectNamedPipe@4     1002e2fc f   kernel32:KERNEL32.dll
 0001:0002d302       _SetThreadPriority@8       1002e302 f   kernel32:KERNEL32.dll
 0001:0002d308       _FlushFileBuffers@4        1002e308 f   kernel32:KERNEL32.dll
 0001:0002d30e       _GetOverlappedResult@16    1002e30e f   kernel32:KERNEL32.dll
 0001:0002d314       _ConnectNamedPipe@8        1002e314 f   kernel32:KERNEL32.dll
 0001:0002d31a       _CreateNamedPipeW@32       1002e31a f   kernel32:KERNEL32.dll
 0001:0002d320       _FreeEnvironmentStringsW@4 1002e320 f   kernel32:KERNEL32.dll
 0001:0002d326       _SetConsoleWindowInfo@12   1002e326 f   kernel32:KERNEL32.dll
 0001:0002d32c       _GetConsoleOutputCP@0      1002e32c f   kernel32:KERNEL32.dll
 0001:0002d332       _GetLargestConsoleWindowSize@4 1002e332 f   kernel32:KERNEL32.dll
 0001:0002d338       _SetConsoleTextAttribute@8 1002e338 f   kernel32:KERNEL32.dll
 0001:0002d33e       _FindClose@4               1002e33e f   kernel32:KERNEL32.dll
 0001:0002d344       _FindFirstFileW@8          1002e344 f   kernel32:KERNEL32.dll
 0001:0002d34a       _GetFileSize@8             1002e34a f   kernel32:KERNEL32.dll
 0001:0002d350       _FindNextFileW@8           1002e350 f   kernel32:KERNEL32.dll
 0001:0002d356       _CreateDirectoryW@8        1002e356 f   kernel32:KERNEL32.dll
 0001:0002d35c       _GetFileSizeEx@8           1002e35c f   kernel32:KERNEL32.dll
 0001:0002d362       _GetPrivateProfileIntW@16  1002e362 f   kernel32:KERNEL32.dll
 0001:0002d368       _WritePrivateProfileStringW@16 1002e368 f   kernel32:KERNEL32.dll
 0001:0002d36e       _IsBadReadPtr@8            1002e36e f   kernel32:KERNEL32.dll
 0001:0002d374       _VirtualFree@12            1002e374 f   kernel32:KERNEL32.dll
 0001:0002d37a       _VirtualAlloc@16           1002e37a f   kernel32:KERNEL32.dll
 0001:0002d380       _GetSystemInfo@4           1002e380 f   kernel32:KERNEL32.dll
 0001:0002d386       _GetFullPathNameW@16       1002e386 f   kernel32:KERNEL32.dll
 0001:0002d38c       _GetVersionExW@4           1002e38c f   kernel32:KERNEL32.dll
 0001:0002d392       _OpenProcess@12            1002e392 f   kernel32:KERNEL32.dll
 0001:0002d398       _Process32NextW@8          1002e398 f   kernel32:KERNEL32.dll
 0001:0002d39e       _Process32FirstW@8         1002e39e f   kernel32:KERNEL32.dll
 0001:0002d3a4       _GetWindowsDirectoryW@8    1002e3a4 f   kernel32:KERNEL32.dll
 0001:0002d3aa       _CreateThread@24           1002e3aa f   kernel32:KERNEL32.dll
 0001:0002d3b0       _TerminateThread@8         1002e3b0 f   kernel32:KERNEL32.dll
 0001:0002d3b6       _RaiseException@16         1002e3b6 f   kernel32:KERNEL32.dll
 0001:0002d3bc       _DuplicateHandle@28        1002e3bc f   kernel32:KERNEL32.dll
 0001:0002d3c2       _CharUpperBuffW@8          1002e3c2 f   user32:USER32.dll
 0001:0002d3c8       _MapVirtualKeyW@8          1002e3c8 f   user32:USER32.dll
 0001:0002d3ce       _VkKeyScanW@4              1002e3ce f   user32:USER32.dll
 0001:0002d3d4       _IsWindow@4                1002e3d4 f   user32:USER32.dll
 0001:0002d3da       _GetWindowLongW@8          1002e3da f   user32:USER32.dll
 0001:0002d3e0       _GetClassNameW@12          1002e3e0 f   user32:USER32.dll
[...]
 0003:00002a44       ?gpReqCommandData@@3PAXA   1004ba44     ConEmuPluginBase.obj
 0003:00002a48       ?ghReqCommandEvent@@3PAXA  1004ba48     ConEmuPluginBase.obj
 0003:00002a4c       ?gbReqCommandWaiting@@3HA  1004ba4c     ConEmuPluginBase.obj
 0003:00002a50       ?gnMsgTabChanged@@3IA      1004ba50     ConEmuPluginBase.obj
 0003:00002a54       ?csTabs@@3PAVMSection@@A   1004ba54     ConEmuPluginBase.obj
 0003:00002a58       ?gbPlugKeyChanged@@3HA     1004ba58     ConEmuPluginBase.obj
 0003:00002a5c       ?ghRegMonitorKey@@3PAUHKEY__@@A 1004ba5c     ConEmuPluginBase.obj
 0003:00002a60       ?ghRegMonitorEvt@@3PAXA    1004ba60     ConEmuPluginBase.obj
 0003:00002a64       ?ghPluginSemaphore@@3PAXA  1004ba64     ConEmuPluginBase.obj
 0003:00002a68       ?gsFarLang@@3PA_WA         1004ba68     ConEmuPluginBase.obj
 0003:00002ae8       ?gbNeedPostTabSend@@3HA    1004bae8     ConEmuPluginBase.obj
 0003:00002aec       ?gbNeedPostEditCheck@@3HA  1004baec     ConEmuPluginBase.obj
 0003:00002af0       ?gbNeedPostReloadFarInfo@@3HA 1004baf0     ConEmuPluginBase.obj
 0003:00002af4       ?gnNeedPostTabSendTick@@3KA 1004baf4     ConEmuPluginBase.obj
 0003:00002af8       ?gpConMapInfo@@3PBUCESERVER_CONSOLE_MAPPING_HDR@@B 1004baf8     ConEmuPluginBase.obj
 0003:00002afc       ?gbStartedUnderConsole2@@3HA 1004bafc     ConEmuPluginBase.obj
 0003:00002b00       ?gnSelfPID@@3KA            1004bb00     ConEmuPluginBase.obj
 0003:00002b04       ?ghFarInfoMapping@@3PAXA   1004bb04     ConEmuPluginBase.obj
 0003:00002b08       ?gpFarInfo@@3PAUCEFAR_INFO_MAPPING@@A 1004bb08     ConEmuPluginBase.obj
 0003:00002b0c       ?gpFarInfoMapping@@3PAUCEFAR_INFO_MAPPING@@A 1004bb0c     ConEmuPluginBase.obj
 0003:00002b10       ?ghFarAliveEvent@@3PAXA    1004bb10     ConEmuPluginBase.obj
 0003:00002b14       ?gPanelRegLeft@@3UPanelViewRegInfo@@A 1004bb14     ConEmuPluginBase.obj
 0003:00002b2c       ?gPanelRegRight@@3UPanelViewRegInfo@@A 1004bb2c     ConEmuPluginBase.obj
 0003:00002b44       ?ghConEmuCtrlPressed@@3PAXA 1004bb44     ConEmuPluginBase.obj
 0003:00002b48       ?ghConEmuShiftPressed@@3PAXA 1004bb48     ConEmuPluginBase.obj
 0003:00002b4c       ?gbWaitConsoleInputEmpty@@3HA 1004bb4c     ConEmuPluginBase.obj
 0003:00002b50       ?gbWaitConsoleWrite@@3HA   1004bb50     ConEmuPluginBase.obj
 0003:00002b54       ?ghConsoleInputEmpty@@3PAXA 1004bb54     ConEmuPluginBase.obj
 0003:00002b58       ?ghConsoleWrite@@3PAXA     1004bb58     ConEmuPluginBase.obj
 0003:00002b5c       ?gnSynchroCount@@3HA       1004bb5c     ConEmuPluginBase.obj
 0003:00002b60       ?gbSynchroProhibited@@3_NA 1004bb60     ConEmuPluginBase.obj
 0003:00002b61       ?gbInputSynchroPending@@3_NA 1004bb61     ConEmuPluginBase.obj
 0003:00002b78       ?hkFunc@@3UHkFunc@@A       1004bb78     HkFunc.obj
 0003:00002b7c       ?AssertMsgBox@@3P6IHPB_WI0PAUHWND__@@_N@ZA 1004bb7c     MAssert.obj
 0003:00002b80       ?gfnHooksUnlockerProc@@3P6I_N_N@ZA 1004bb80     MAssert.obj
 0003:00002b84       ?ghHeap@@3PAXA             1004bb84     Memory.obj
 0003:00002b88       ?gNullDesc@@3PAVMNullDesc@@A 1004bb88     MSecurity.obj
 0003:00002b8c       ?gbNeedBgActivate@@3HA     1004bb8c     PluginBackground.obj
 0003:00002b90       ?gbBgPluginsAllowed@@3HA   1004bb90     PluginBackground.obj
 0003:00002b94       ?gpBgPlugin@@3PAVCPluginBackground@@A 1004bb94     PluginBackground.obj
 0003:00002b98       ?gszPluginServerPipe@@3PA_WA 1004bb98     PluginSrv.obj
 0003:00002da0       ?gpPlugServer@@3PAU?$PipeServer@UCESERVER_REQ@@@@A 1004bda0     PluginSrv.obj
 0003:00002da4       ?ghServerTerminateEvent@@3PAXA 1004bda4     PluginSrv.obj
 0003:00002da8       ?gbForcedServerTermination@@3_NA 1004bda8     PluginSrv.obj
 0003:00002db0       ?g_LastSetConsoleFont@@3UMY_CONSOLE_FONT_INFOEX@@A 1004bdb0     WConsole.obj
 0003:00002e08       ?gsMapHelper@@3UConsoleSectionHelper@@A 1004be08     WConsole.obj
 0003:00002e68       ?gfnSearchAppPaths@@3P6I_NPB_WAAUCEStr@@_NPAU1@@ZA 1004be68     WObjects.obj
 0003:0000a6a0       ?g_ThreadsIdx@@3JA         100536a0     WThreads.obj
 0003:0000a6a8       __aenvptr                  100536a8     LIBCMT:dllcrt0.obj
 0003:0000a6ac       __wenvptr                  100536ac     LIBCMT:dllcrt0.obj
 0003:0000a6b0       ___error_mode              100536b0     LIBCMT:dllcrt0.obj
 0003:0000a6b4       ___app_type                100536b4     LIBCMT:dllcrt0.obj
 0003:0000a9cc       _gpFlsAlloc                100539cc     LIBCMT:tidtable.obj
 0003:0000a9d0       _gpFlsGetValue             100539d0     LIBCMT:tidtable.obj
 0003:0000a9d4       _gpFlsSetValue             100539d4     LIBCMT:tidtable.obj
 0003:0000a9d8       _gpFlsFree                 100539d8     LIBCMT:tidtable.obj
 0003:0000a9e4       ___pPurecall               100539e4     LIBCMT:inithelp.obj
 0003:0000a9ec       ___mbulinfo                100539ec     LIBCMT:mbctype.obj
 0003:0000a9f8       ___mbcodepage              100539f8     LIBCMT:mbctype.obj
 0003:0000a9fc       ___ismbcodepage            100539fc     LIBCMT:mbctype.obj
 0003:0000aa00       ___mblcid                  10053a00     LIBCMT:mbctype.obj
 0003:0000aa04       ___locale_changed          10053a04     LIBCMT:setlocal.obj
 0003:0000aa08       ___lc_handle               10053a08     LIBCMT:nlsdata2.obj
 0003:0000aa20       ___lc_codepage             10053a20     LIBCMT:nlsdata2.obj
 0003:0000aa24       ___lc_collate_cp           10053a24     LIBCMT:nlsdata2.obj
 0003:0000aa28       ___pInvalidArgHandler      10053a28     LIBCMT:invarg.obj
 0003:0000aa2c       __maxwait                  10053a2c     LIBCMT:crtheap.obj
 0003:0000aa30       __umaskval                 10053a30     LIBCMT:crt0dat.obj
 0003:0000aa34       ___argc                    10053a34     LIBCMT:crt0dat.obj
 0003:0000aa38       ___argv                    10053a38     LIBCMT:crt0dat.obj
 0003:0000aa3c       ___wargv                   10053a3c     LIBCMT:crt0dat.obj
 0003:0000aa40       __environ                  10053a40     LIBCMT:crt0dat.obj
 0003:0000aa44       ___initenv                 10053a44     LIBCMT:crt0dat.obj
 0003:0000aa48       __wenviron                 10053a48     LIBCMT:crt0dat.obj
 0003:0000aa4c       ___winitenv                10053a4c     LIBCMT:crt0dat.obj
 0003:0000aa50       __pgmptr                   10053a50     LIBCMT:crt0dat.obj
 0003:0000aa54       __wpgmptr                  10053a54     LIBCMT:crt0dat.obj
 0003:0000aa58       __exitflag                 10053a58     LIBCMT:crt0dat.obj
 0003:0000aa5c       __C_Termination_Done       10053a5c     LIBCMT:crt0dat.obj
 0003:0000aa60       __C_Exit_Done              10053a60     LIBCMT:crt0dat.obj
 0003:0000abfc       __crtheap                  10053bfc     LIBCMT:heapinit.obj
 0003:0000ad84       ___lconv_static_null       10053d84     LIBCMT:lconv.obj
 0003:0000ad88       ___sbh_pHeaderDefer        10053d88     LIBCMT:sbheap.obj
 0003:0000ad8c       ?__pInconsistency@@3P6AXXZA 10053d8c     LIBCMT:hooks.obj
 0003:0000ad98       ?_pnhHeap@@3P6AHI@ZA       10053d98     LIBCMT:handler.obj
 0003:0000b180       __newmode                  10054180     LIBCMT:_newmode.obj
 0003:0000b188       ___sbh_initialized         10054188     <common>
 0003:0000b18c       ___sbh_cntHeaderList       1005418c     <common>
 0003:0000b190       ___sbh_pHeaderList         10054190     <common>
 0003:0000b194       ___sbh_threshold           10054194     <common>
 0003:0000b198       ___sbh_pHeaderScan         10054198     <common>
 0003:0000b19c       ___sbh_sizeHeaderList      1005419c     <common>
 0003:0000b1a0       ___sbh_indGroupDefer       100541a0     <common>
 0003:0000b1a4       __debugger_hook_dummy      100541a4     <common>
 0003:0000b1a8       ___active_heap             100541a8     <common>
 0003:0000b1ac       __nhandle                  100541ac     <common>
 0003:0000b1c0       ___pioinfo                 100541c0     <common>
 0003:0000b2c0       __pDestructExceptionObject 100542c0     <common>
 0003:0000b2c4       ___env_initialized         100542c4     <common>
 0003:0000b2c8       ___onexitend               100542c8     <common>
 0003:0000b2cc       ___onexitbegin             100542cc     <common>
 0003:0000b2d0       ___mbctype_initialized     100542d0     <common>
 0003:0000b2d4       __FPinit                   100542d4     <common>
 0003:0000b2d8       ___dyn_tls_init_callback   100542d8     <common>
 0003:0000b2dc       ___setlc_active            100542dc     <common>
 0003:0000b2e0       ___unguarded_readlc_active 100542e0     <common>
 0003:0000b2e4       ___sse2_available          100542e4     <common>
 0003:0000b2e8       __acmdln                   100542e8     <common>

 entry point at        0001:0003149c

 Static symbols

 0001:00000640       ?StringValidateDestW@@YGJPB_WII@Z 10001640 f   CEStr.obj
 0001:00000670       ?StringCopyWorkerW@@YGJPA_WIPAIPB_WI@Z 10001670 f   CEStr.obj
 0001:00004310       ?StringValidateDestW@@YGJPB_WII@Z 10005310 f   ConEmuCheck.obj
 0001:00004340       ?StringCopyWorkerW@@YGJPA_WIPAIPB_WI@Z 10005340 f   ConEmuCheck.obj
 0001:00005ea0       ?StringValidateDestW@@YGJPB_WII@Z 10006ea0 f   ConEmuCheckEx.obj
 0001:00005ed0       ?StringCopyWorkerW@@YGJPA_WIPAIPB_WI@Z 10006ed0 f   ConEmuCheckEx.obj
 0001:00006060       ?StringValidateDestAndLengthW@@YGJPB_WIPAII@Z 10007060 f   ConEmuCheckEx.obj
 0001:000060b0       ?StringLengthWorkerW@@YGJPB_WIPAI@Z 100070b0 f   ConEmuCheckEx.obj
 0001:000066d0       ?StringValidateDestW@@YGJPB_WII@Z 100076d0 f   ConEmuInjects.obj
 0001:00006700       ?StringCopyWorkerW@@YGJPA_WIPAIPB_WI@Z 10007700 f   ConEmuInjects.obj
 0001:00007160       ?ChangeExports@@YI_NPBUExportFunc@@PAUHINSTANCE__@@@Z 10008160 f   ConEmuPlugin.obj
 0001:00009ed0       ?GetFarSetting@@YIHPAXIPB_W@Z 1000aed0 f   ConEmuPlugin1900.obj
 0001:0000a170       ?CallGuiMacroProc@@YIXXZ   1000b170 f   ConEmuPlugin1900.obj
 0001:0000a540       ?CallGuiMacroDlg@@YGHPAXHH0@Z 1000b540 f   ConEmuPlugin1900.obj
 0001:0000aa60       ?MAKEFARVERSION@@YI?AUVersionInfo@@KKKKW4VERSION_STAGE@@@Z 1000ba60 f   ConEmuPlugin2800.obj
 0001:0000c090       ?WExists@@YIHABUWindowInfo@@ABV?$MArray@UWindowInfo@@@@@Z 1000d090 f   ConEmuPlugin2800.obj
 0001:0000c110       ?WLoadWindows@@YIHAAV?$MArray@UWindowInfo@@@@H@Z 1000d110 f   ConEmuPlugin2800.obj
 0001:0000d0d0       ?GetFarSetting@@YIHPAXIPB_W@Z 1000e0d0 f   ConEmuPlugin2800.obj
 0001:0000d380       ?CallGuiMacroProc@@YIXXZ   1000e380 f   ConEmuPlugin2800.obj
 0001:0000d6e0       ?CallGuiMacroDlg@@YGHPAXHH0@Z 1000e6e0 f   ConEmuPlugin2800.obj
 0001:0000db30       ?FreeMacroResult@@YGXPAXPAUFarMacroValue@@I@Z 1000eb30 f   ConEmuPlugin2800.obj
 0001:0000fb90       ?CallGuiMacroProc@@YIXXZ   10010b90 f   ConEmuPlugin995.obj
 0001:0000fef0       ?CallGuiMacroDlg@@YGJPAXHHJ@Z 10010ef0 f   ConEmuPlugin995.obj
 0001:00011b50       ?CallGuiMacroProc@@YIXXZ   10012b50 f   ConEmuPluginA.obj
 0001:00011f10       ?CallGuiMacroDlg@@YGJPAXHHJ@Z 10012f10 f   ConEmuPluginA.obj
 0001:00012ba0       ?LoadFarVersion@@YI_NAAUFarVersion@@AAY0CAA@_W@Z 10013ba0 f   ConEmuPluginBase.obj
 0001:00012c40       ?SetDefaultFarVersion@@YIXAAUFarVersion@@@Z 10013c40 f   ConEmuPluginBase.obj
 0001:00012c90       ?LoadFarVersion@@YI_NPB_WAAUFarVersion@@AAY0CAA@_W@Z 10013c90 f   ConEmuPluginBase.obj
 0001:00012cf0       ?LoadAppVersion@@YI_NPB_WAAUtagVS_FIXEDFILEINFO@@AAY0CAA@_W@Z 10013cf0 f   ConEmuPluginBase.obj
 0001:00012d20       ?LoadModuleVersion@@YI_NPB_WAAUtagVS_FIXEDFILEINFO@@PA_WI@Z 10013d20 f   ConEmuPluginBase.obj
 0001:00012f50       ?StringValidateDestW@@YGJPB_WII@Z 10013f50 f   ConEmuPluginBase.obj
 0001:00012f80       ?StringValidateDestAndLengthW@@YGJPB_WIPAII@Z 10013f80 f   ConEmuPluginBase.obj
 0001:00012fd0       ?StringLengthWorkerW@@YGJPB_WIPAI@Z 10013fd0 f   ConEmuPluginBase.obj
 0001:00013040       ?StringCopyWorkerW@@YGJPA_WIPAIPB_WI@Z 10014040 f   ConEmuPluginBase.obj
 0001:000130f0       ?ConvertVersionToFarVersion@@YIXABUtagVS_FIXEDFILEINFO@@AAUFarVersion@@@Z 100140f0 f   ConEmuPluginBase.obj
 0001:0001d180       ?StringValidateDestW@@YGJPB_WII@Z 1001e180 f   Execute.obj
 0001:0001d1b0       ?StringCopyWorkerW@@YGJPA_WIPAIPB_WI@Z 1001e1b0 f   Execute.obj
 0001:0001d7a0       ?FindMonitor@impl@?L@??MonitorFromParam@@YIPAUHMONITOR__@@PB_W@Z@SGHPAU3@PAUHDC__@@PAUtagRECT@@J@Z 1001e7a0 f   Monitors.obj
 0001:0001fa70       ?StringValidateDestA@@YGJPBDII@Z 10020a70 f   MStrDup.obj
 0001:0001faa0       ?StringCopyWorkerA@@YGJPADIPAIPBDI@Z 10020aa0 f   MStrDup.obj
 0001:0001fbc0       ?StringValidateDestW@@YGJPB_WII@Z 10020bc0 f   MStrDup.obj
 0001:0001fbf0       ?StringCopyWorkerW@@YGJPA_WIPAIPB_WI@Z 10020bf0 f   MStrDup.obj
 0001:00023280       ?StringValidateDestW@@YGJPB_WII@Z 10024280 f   PluginBackground.obj
 0001:000232b0       ?StringCopyWorkerW@@YGJPA_WIPAIPB_WI@Z 100242b0 f   PluginBackground.obj
 0001:000259c0       ?StringValidateDestW@@YGJPB_WII@Z 100269c0 f   PluginSrv.obj
 0001:000259f0       ?StringCopyWorkerW@@YGJPA_WIPAIPB_WI@Z 100269f0 f   PluginSrv.obj
 0001:00029b20       ?StringValidateDestW@@YGJPB_WII@Z 1002ab20 f   WObjects.obj
 0001:00029b50       ?StringCopyWorkerW@@YGJPA_WIPAIPB_WI@Z 1002ab50 f   WObjects.obj
 0001:0002a150       ?CheckRegKeyExist@@YI_NPAURegKeyExistArg@@@Z 1002b150 f   WObjects.obj
 0001:0002b3b0       ?StringValidateDestAndLengthW@@YGJPB_WIPAII@Z 1002c3b0 f   WObjects.obj
 0001:0002b400       ?StringLengthWorkerW@@YGJPB_WIPAI@Z 1002c400 f   WObjects.obj
 0001:0002cfd0       ?StringValidateDestW@@YGJPB_WII@Z 1002dfd0 f   WUser.obj
 0001:0002d000       ?StringCopyWorkerW@@YGJPA_WIPAIPB_WI@Z 1002e000 f   WUser.obj
 0001:0002df95       _cmpResult                 1002ef95 f   LIBCMT:memcmp.obj
 0001:0002dfa7       _cmpBYTE                   1002efa7 f   LIBCMT:memcmp.obj
 0001:0002dfbf       _cmpWORD                   1002efbf f   LIBCMT:memcmp.obj
 0001:0002dfff       _cmpDWORD                  1002efff f   LIBCMT:memcmp.obj
 0001:0002e077       _unaligned_memcmp          1002f077 f   LIBCMT:memcmp.obj
 0001:00030c23       ?wcstoxl@@YAKPAUlocaleinfo_struct@@PB_WPAPB_WHH@Z 10031c23 f   LIBCMT:wcstol.obj
 0001:00030eae       __onexit_nolock            10031eae f   LIBCMT:onexit.obj
 0001:000313a6       ___DllMainCRTStartup       100323a6 f   LIBCMT:dllcrt0.obj
 0001:000314bf       _fastcopy_I                100324bf f   LIBCMT:p4_memcpy.obj
 0001:00031629       _has_osfxsr_set            10032629 f   LIBCMT:cpu_disp.obj
 0001:000316e8       _fastzero_I                100326e8 f   LIBCMT:p4_memset.obj
 0001:00032330       ?CPtoLCID@@YAHH@Z          10033330 f   LIBCMT:mbctype.obj
 0001:0003235f       ?setSBCS@@YAXPAUthreadmbcinfostruct@@@Z 1003335f f   LIBCMT:mbctype.obj
 0001:000323c3       ?setSBUpLow@@YAXPAUthreadmbcinfostruct@@@Z 100333c3 f   LIBCMT:mbctype.obj
 0001:000325fa       ?getSystemCP@@YAHH@Z       100335fa f   LIBCMT:mbctype.obj
 0001:00032cce       __copytlocinfo_nolock      10033cce f   LIBCMT:setlocal.obj
 0001:00032cf4       __updatetlocinfoEx_nolock  10033cf4 f   LIBCMT:setlocal.obj
 0001:00032e12       _sync_legacy_variables_lk  10033e12 f   LIBCMT:setlocal.obj
 0001:000331bf       __setlocale_get_all        100341bf f   LIBCMT:setlocal.obj
 0001:0003356d       __setlocale_set_cat        1003456d f   LIBCMT:setlocal.obj
 0001:0003386f       __setlocale_nolock         1003486f f   LIBCMT:setlocal.obj
 0001:0003457f       __initterm                 1003557f f   LIBCMT:crt0dat.obj
 0001:000346bd       _doexit                    100356bd f   LIBCMT:crt0dat.obj
 0001:000348e0       _ValidateLocalCookies      100358e0 f   LIBCMT:chandler4.obj
 0001:00034af4       __unwind_handler           10035af4 f   LIBCMT:exsup.obj
 0001:00034c10       _ValidateScopeTableHandlers 10035c10 f   LIBCMT:eh3valid.obj
 0001:00035436       _parse_cmdline             10036436 f   LIBCMT:stdargv.obj
 0001:000358bd       _xcptlookup                100368bd f   LIBCMT:winxfltr.obj
 0001:00035b26       _ctrlevent_capture@4       10036b26 f   LIBCMT:winsig.obj
 0001:00035bc1       _siglookup                 10036bc1 f   LIBCMT:winsig.obj
 0001:00036b71       ?__crtGetLocaleInfoW_stat@@YAHPAUlocaleinfo_struct@@KKPA_WHH@Z 10037b71 f   LIBCMT:w_loc.obj
 0001:00036bf4       ?__crtGetLocaleInfoA_stat@@YAHPAUlocaleinfo_struct@@KKPADHH@Z 10037bf4 f   LIBCMT:a_loc.obj
 0001:00036d70       ?strncnt@@YAHPBDH@Z        10037d70 f   LIBCMT:a_map.obj
 0001:00036d8e       ?__crtLCMapStringA_stat@@YAHPAUlocaleinfo_struct@@KKPBDHPADHHH@Z 10037d8e f   LIBCMT:a_map.obj
 0001:00037178       ?__crtGetStringTypeA_stat@@YAHPAUlocaleinfo_struct@@KPBDHPAGHHH@Z 10038178 f   LIBCMT:a_str.obj
 0001:000373a3       __get_lc_time              100383a3 f   LIBCMT:inittime.obj
 0001:000379cc       _fix_grouping              100389cc f   LIBCMT:initnum.obj
 0001:00037c0e       _fix_grouping              10038c0e f   LIBCMT:initmon.obj
 0001:00038963       ?_store_str@@YAXPADPAPADPAI@Z 10039963 f   LIBCMT:strftime.obj
 0001:00038983       ?_store_number@@YAXHPAPADPAI@Z 10039983 f   LIBCMT:strftime.obj
 0001:000389b9       ?_store_num@@YAXHHPAPADPAII@Z 100399b9 f   LIBCMT:strftime.obj
 0001:00038a34       ?_expandtime@@YAHPAUlocaleinfo_struct@@DPBUtm@@PAPADPAIPAU__lc_time_data@@I@Z 10039a34 f   LIBCMT:strftime.obj
 0001:00038e1c       ?_store_winword@@YAHPAUlocaleinfo_struct@@HPBUtm@@PAPADPAIPAU__lc_time_data@@@Z 10039e1c f   LIBCMT:strftime.obj
 0001:00039588       _TranslateName             1003a588 f   LIBCMT:getqloc.obj
 0001:000395ea       _GetLcidFromDefault        1003a5ea f   LIBCMT:getqloc.obj
 0001:000395fe       _ProcessCodePage           1003a5fe f   LIBCMT:getqloc.obj
 0001:000396a2       _TestDefaultCountry        1003a6a2 f   LIBCMT:getqloc.obj
 0001:000396c6       _LcidFromHexString         1003a6c6 f   LIBCMT:getqloc.obj
 0001:000396fa       _GetPrimaryLen             1003a6fa f   LIBCMT:getqloc.obj
 0001:00039715       _CountryEnumProc@4         1003a715 f   LIBCMT:getqloc.obj
 0001:000397ad       _TestDefaultLanguage       1003a7ad f   LIBCMT:getqloc.obj
 0001:00039821       _LangCountryEnumProc@4     1003a821 f   LIBCMT:getqloc.obj
 0001:000399f3       _LanguageEnumProc@4        1003a9f3 f   LIBCMT:getqloc.obj
 0001:00039ab4       _GetLcidFromCountry        1003aab4 f   LIBCMT:getqloc.obj
 0001:00039ae0       _GetLcidFromLangCountry    1003aae0 f   LIBCMT:getqloc.obj
 0001:00039b47       _GetLcidFromLanguage       1003ab47 f   LIBCMT:getqloc.obj
 0001:00039e80       ?__crtGetStringTypeW_stat@@YAHPAUlocaleinfo_struct@@KPB_WHPAGHH@Z 1003ae80 f   LIBCMT:w_str.obj
 0001:0003b8ec       __unwind_handler4          1003c8ec f   LIBCMT:exsup4.obj
 0001:0003b9af       ?x_ismbbtype_l@@YAHPAUlocaleinfo_struct@@IHH@Z 1003c9af f   LIBCMT:ismbbyte.obj
 0001:0003c223       __tzset_nolock             1003d223 f   LIBCMT:tzset.obj
 0001:0003c569       _cvtdate                   1003d569 f   LIBCMT:tzset.obj
 0001:0003c760       __isindst_nolock           1003d760 f   LIBCMT:tzset.obj
 0001:0003d00f       _xtoa_s@20                 1003e00f f   LIBCMT:xtoas.obj
 0001:0003d157       @x64toa_s@24               1003e157 f   LIBCMT:xtoas.obj
 0001:0003d333       __getenv_s_helper          1003e333 f   LIBCMT:getenv.obj
 0001:0003d3c8       __dupenv_s_helper          1003e3c8 f   LIBCMT:getenv.obj
 0001:0003d7fb       ?strtoxl@@YAKPAUlocaleinfo_struct@@PBDPAPBDHH@Z 1003e7fb f   LIBCMT:strtol.obj
 0001:0003dabb       ?strtoxq@@YA_KPAUlocaleinfo_struct@@PBDPAPBDHH@Z 1003eabb f   LIBCMT:strtoq.obj
 0001:0003e134       ?strncnt@@YAHPBDH@Z        1003f134 f   LIBCMT:a_cmp.obj
 0001:0003e152       ?__crtCompareStringA_stat@@YAHPAUlocaleinfo_struct@@KKPBDH1HH@Z 1003f152 f   LIBCMT:a_cmp.obj
 0001:0003e627       _findenv                   1003f627 f   LIBCMT:setenv.obj
 0001:0003e679       _copy_environ              1003f679 f   LIBCMT:setenv.obj
 0001:0003eb50       ??__EhkFunc@@YAXXZ         1003fb50 f   HkFunc.obj
 0001:0003eb60       ??__EgsMapHelper@@YAXXZ    1003fb60 f   WConsole.obj
 0001:0003eb80       ??__FgsMapHelper@@YAXXZ    1003fb80 f   WConsole.obj
