 ConEmu.x64

 Timestamp is 56c7b6ca (Sat Feb 20 03:43:54 2016)

 Preferred load address is 0000000180000000

 Start         Length     Name                   Class
 0001:00000000 0004a742H .text                   CODE
 0001:0004a750 0000005eH .text$00                CODE
 0001:0004a7b0 00000346H .text$x                 CODE
 0001:0004ab00 00000041H .text$yc                CODE
 0001:0004ab50 00000015H .text$yd                CODE
 0002:00000000 00000800H .idata$5                DATA
 0002:00000800 00000008H .CRT$XCA                DATA
 0002:00000808 00000010H .CRT$XCU                DATA
 0002:00000818 00000008H .CRT$XCZ                DATA
 0002:00000820 00000008H .CRT$XIA                DATA
 0002:00000828 00000010H .CRT$XIC                DATA
 0002:00000838 00000008H .CRT$XIZ                DATA
 0002:00000840 00000008H .CRT$XPA                DATA
 0002:00000848 00000008H .CRT$XPZ                DATA
 0002:00000850 00000008H .CRT$XTA                DATA
 0002:00000858 00000008H .CRT$XTZ                DATA
 0002:00000860 00006973H .rdata                  DATA
 0002:000071d4 00000073H .rdata$debug            DATA
 0002:00007248 00000008H .rtc$IAA                DATA
 0002:00007250 00000008H .rtc$IZZ                DATA
 0002:00007258 00000008H .rtc$TAA                DATA
 0002:00007260 00000008H .rtc$TZZ                DATA
 0002:00007268 00002a50H .xdata                  DATA
 0002:00009cb8 00000078H .idata$2                DATA
 0002:00009d30 00000014H .idata$3                DATA
 0002:00009d48 00000800H .idata$4                DATA
 0002:0000a548 00001268H .idata$6                DATA
 0002:0000b7b0 000002e1H .edata                  DATA
 0003:00000000 000012acH .data                   DATA
 0003:000012c0 0000bac8H .bss                    DATA
 0004:00000000 00002f10H .pdata                  DATA
 0005:00000000 00000058H .rsrc$01                DATA
 0005:00000060 000002d8H .rsrc$02                DATA

  Address         Publics by Value              Rva+Base               Lib:Object

 0000:00000000       ___safe_se_handler_count   0000000000000000     <absolute>
 0000:00000000       ___safe_se_handler_table   0000000000000000     <absolute>
 0000:00000000       __ImageBase                0000000180000000     <linker-defined>
 0001:00000000       ??0CEStr@@QEAA@XZ          0000000180001000 f   CEStr.obj
 0001:00000050       ??0CEStr@@QEAA@PEA_W@Z     0000000180001050 f   CEStr.obj
 0001:000000c0       ??BCEStr@@QEBAPEB_WXZ      00000001800010c0 f   CEStr.obj
 0001:000000d0       ?Right@CEStr@@QEBAPEB_W_J@Z 00000001800010d0 f   CEStr.obj
 0001:00000160       ??4CEStr@@QEAAAEAU0@PEA_W@Z 0000000180001160 f   CEStr.obj
 0001:00000190       ??4CEStr@@QEAAAEAU0@PEB_W@Z 0000000180001190 f   CEStr.obj
 0001:000001c0       ??1CEStr@@QEAA@XZ          00000001800011c0 f   CEStr.obj
 0001:00000240       ?GetLen@CEStr@@QEAA_JXZ    0000000180001240 f   CEStr.obj
 0001:00000290       ?GetMaxCount@CEStr@@QEAA_JXZ 0000000180001290 f   CEStr.obj
 0001:000002e0       ?GetBuffer@CEStr@@QEAAPEA_W_J@Z 00000001800012e0 f   CEStr.obj
 0001:00000440       ?Detach@CEStr@@QEAAPEA_WXZ 0000000180001440 f   CEStr.obj
 0001:00000480       ?Attach@CEStr@@QEAAPEB_WPEA_W@Z 0000000180001480 f   CEStr.obj
 0001:000004b0       ?AttachInt@CEStr@@AEAAPEB_WAEAPEA_W@Z 00000001800014b0 f   CEStr.obj
 0001:00000550       ?Empty@CEStr@@QEAAXXZ      0000000180001550 f   CEStr.obj
 0001:000005b0       ?IsEmpty@CEStr@@QEAA_NXZ   00000001800015b0 f   CEStr.obj
 0001:000005f0       ?Set@CEStr@@QEAAPEB_WPEB_W_J@Z 00000001800015f0 f   CEStr.obj
 0001:00000750       wmemmove                   0000000180001750 f i CEStr.obj
 0001:00000780       ?StringCchCopyNW@@YAJPEA_W_KPEB_W1@Z 0000000180001780 f i CEStr.obj
 0001:00000940       ?SavePathVar@CEStr@@QEAAXPEB_W@Z 0000000180001940 f   CEStr.obj
 0001:000009a0       ?SaveEnvVar@CEStr@@QEAAXPEB_W0@Z 00000001800019a0 f   CEStr.obj
 0001:00000a50       ?SetAt@CEStr@@QEAAX_J_W@Z  0000000180001a50 f   CEStr.obj
 0001:00000aa0       ?GetPosFrom@CEStr@@QEAAXAEBU1@@Z 0000000180001aa0 f   CEStr.obj
 0001:00000af0       ??$klMin@_J@@YAAEB_JAEB_J0@Z 0000000180001af0 f i CEStr.obj
 0001:00000b40       ?DemangleArg@@YA_NAEAUCEStr@@_N1@Z 0000000180001b40 f   CmdLine.obj
 0001:00000ec0       ?IsNeedDequote@@YA_NPEB_W_NPEAPEB_W@Z 0000000180001ec0 f   CmdLine.obj
 0001:00001170       ?NextArg@@YAHPEAPEB_WAEAUCEStr@@0@Z 0000000180002170 f   CmdLine.obj
 0001:000016f0       ?NextLine@@YAHPEAPEB_WAEAUCEStr@@K@Z 00000001800026f0 f   CmdLine.obj
 0001:000018e0       ?AddEndSlash@@YAHPEA_WH@Z  00000001800028e0 f   CmdLine.obj
 0001:00001970       ?SkipNonPrintable@@YAPEB_WPEB_W@Z 0000000180002970 f   CmdLine.obj
 0001:000019e0       ?CompareFileMask@@YA_NPEB_W0@Z 00000001800029e0 f   CmdLine.obj
 0001:00001c00       ?wcschr@@YAPEA_WPEA_W_W@Z  0000000180002c00 f i CmdLine.obj
 0001:00001c30       ?GetDrive@@YAPEB_WPEB_WPEA_WH@Z 0000000180002c30 f   CmdLine.obj
 0001:00001ee0       ?GetDirectory@@YAHAEAUCEStr@@@Z 0000000180002ee0 f   CmdLine.obj
 0001:00001f80       ?IsNeedCmd@@YA_NHPEB_WAEAUCEStr@@PEAPEB_WPEAH333@Z 0000000180002f80 f   CmdLine.obj
 0001:00002a30       ?Disable@MWow64Disable@@QEAAXXZ 0000000180003a30 f i CmdLine.obj
 0001:00002a70       ??0MWow64Disable@@QEAA@XZ  0000000180003a70 f i CmdLine.obj
 0001:00002b10       ??1MWow64Disable@@QEAA@XZ  0000000180003b10 f i CmdLine.obj
 0001:00002b30       ?Restore@MWow64Disable@@QEAAXXZ 0000000180003b30 f i CmdLine.obj
 0001:00002b80       ?IsExecutable@@YA_NPEB_WPEAPEA_W@Z 0000000180003b80 f   CmdLine.obj
 0001:00002ca0       ?CompareProcessNames@@YA_NPEB_W0@Z 0000000180003ca0 f   CmdLine.obj
 0001:00002ef0       ?CheckProcessName@@YA_NPEB_WPEAPEB_W@Z 0000000180003ef0 f   CmdLine.obj
 0001:000030a0       ?IsConsoleService@@YA_NPEB_W@Z 00000001800040a0 f   CmdLine.obj
 0001:000030e0       ?IsConEmuGui@@YA_NPEB_W@Z  00000001800040e0 f   CmdLine.obj
 0001:00003120       ?IsConsoleServer@@YA_NPEB_W@Z 0000000180004120 f   CmdLine.obj
 0001:00003160       ?IsTerminalServer@@YA_NPEB_W@Z 0000000180004160 f   CmdLine.obj
 0001:000031d0       ?IsGitBashHelper@@YA_NPEB_W@Z 00000001800041d0 f   CmdLine.obj
 0001:00003210       ?IsFarExe@@YA_NPEB_W@Z     0000000180004210 f   CmdLine.obj
 0001:00003250       ?IsCmdProcessor@@YA_NPEB_W@Z 0000000180004250 f   CmdLine.obj
 0001:00003290       ?IsQuotationNeeded@@YA_NPEB_W@Z 0000000180004290 f   CmdLine.obj
 0001:000032e0       ?MergeCmdLine@@YAPEA_WPEB_W0@Z 00000001800042e0 f   CmdLine.obj
 0001:00003430       ?JoinPath@@YAPEA_WPEB_W00@Z 0000000180004430 f   CmdLine.obj
 0001:000036d0       ?IsFilePath@@YA_NPEB_W_N@Z 00000001800046d0 f   CmdLine.obj
 0001:000038d0       ?PointToName@@YAPEB_WPEB_W@Z 00000001800048d0 f   CmdLine.obj
 0001:00003980       ?PointToName@@YAPEBDPEBD@Z 0000000180004980 f   CmdLine.obj
 0001:00003a30       ?PointToExt@@YAPEB_WPEB_W@Z 0000000180004a30 f   CmdLine.obj
 0001:00003a80       ?Unquote@@YAPEB_WPEA_W_N@Z 0000000180004a80 f   CmdLine.obj
 0001:00003b30       ?wcsrchr@@YAPEA_WPEA_W_W@Z 0000000180004b30 f i CmdLine.obj
 0001:00003b60       ?IsNewConsoleArg@@YA_NPEB_W0@Z 0000000180004b60 f   CmdLine.obj
 0001:00003c80       ?Set@STRPTR2@@QEAAXPEA_WH@Z 0000000180004c80 f   Common.obj
 0001:00003cd0       ?Mangle@STRPTR2@@QEAAPEAEPEAE@Z 0000000180004cd0 f   Common.obj
 0001:00003da0       ?Demangle@STRPTR2@@QEAAPEA_WXZ 0000000180004da0 f   Common.obj
 0001:00003df0       ??BSTRPTR2@@QEAAPEB_WXZ    0000000180004df0 f   Common.obj
 0001:00003e10       ?PackInputRecord@@YAHPEBU_INPUT_RECORD@@PEAUMsgStr@MSG64@@@Z 0000000180004e10 f   Common.obj
 0001:000040c0       ?UnpackInputRecord@@YAHPEBUMsgStr@MSG64@@PEAU_INPUT_RECORD@@@Z 00000001800050c0 f   Common.obj
 0001:000043b0       ?TranslateKeyPress@@YAXGK_WHPEAU_INPUT_RECORD@@1@Z 00000001800053b0 f   Common.obj
 0001:00004600       ?GetCommand@CESERVER_REQ_NEWCMD@@QEAAPEA_WXZ 0000000180005600 f   Common.obj
 0001:00004650       ?GetEnvStrings@CESERVER_REQ_NEWCMD@@QEAAPEA_WXZ 0000000180005650 f   Common.obj
 0001:000046a0       ?SetCommand@CESERVER_REQ_NEWCMD@@QEAAXPEB_W@Z 00000001800056a0 f   Common.obj
 0001:00004740       ?SetEnvStrings@CESERVER_REQ_NEWCMD@@QEAAXPEB_WK@Z 0000000180005740 f   Common.obj
 0001:000048e0       ?IsEnvBlockVariableValid@@YA_NPEB_WAEAPEB_W@Z 00000001800058e0 f   Common.obj
 0001:00004950       ?IsEnvBlockVariableValid@@YA_NPEB_W@Z 0000000180005950 f   Common.obj
 0001:000049a0       ?CommonShutdown@@YAXXZ     00000001800059a0 f   Common.obj
 0001:000049c0       ?ModuleName@@YAPEB_WPEB_W@Z 00000001800059c0 f   ConEmuCheck.obj
 0001:00004ab0       ?ExecuteOpenPipe@@YAPEAXPEB_WAEAY0CAI@_W0KKHPEAXH@Z 0000000180005ab0 f   ConEmuCheck.obj
 0001:00004db0       ?ExecutePrepareCmd@@YAXPEAUCESERVER_REQ@@K_K@Z 0000000180005db0 f   ConEmuCheck.obj
 0001:00004e10       ?ExecutePrepareCmd@@YAXPEAUCESERVER_REQ_HDR@@K_K@Z 0000000180005e10 f   ConEmuCheck.obj
 0001:00004ee0       ?ExecuteNewCmd@@YAPEAUCESERVER_REQ@@K_K@Z 0000000180005ee0 f   ConEmuCheck.obj
 0001:00004f50       ?ExecuteNewCmd@@YA_NAEAPEAUCESERVER_REQ@@AEAKK_K@Z 0000000180005f50 f   ConEmuCheck.obj
 0001:00005020       ?LoadSrvMapping@@YAHPEAUHWND__@@AEAUCESERVER_CONSOLE_MAPPING_HDR@@@Z 0000000180006020 f   ConEmuCheck.obj
 0001:00005190       ?LoadGuiMapping@@YAHKAEAUConEmuGuiMapping@@@Z 0000000180006190 f   ConEmuCheck.obj
 0001:000052f0       ?ExecuteNewCmdOnCreate@@YAPEAUCESERVER_REQ@@PEAUCESERVER_CONSOLE_MAPPING_HDR@@PEAUHWND__@@W4CmdOnCreateType@@PEB_W33PEAK444HHPEAX55@Z 00000001800062f0 f   ConEmuCheck.obj
 0001:000057e0       ?StringCchCopyW@@YAJPEA_W_KPEB_W@Z 00000001800067e0 f i ConEmuCheck.obj
 0001:00005970       ?ExecuteGuiCmd@@YAPEAUCESERVER_REQ@@PEAUHWND__@@PEAU1@0H@Z 0000000180006970 f   ConEmuCheck.obj
 0001:00005a30       ?ExecuteSrvCmd@@YAPEAUCESERVER_REQ@@KPEAU1@PEAUHWND__@@HKH@Z 0000000180006a30 f   ConEmuCheck.obj
 0001:00005b00       ?ExecuteHkCmd@@YAPEAUCESERVER_REQ@@KPEAU1@PEAUHWND__@@HH@Z 0000000180006b00 f   ConEmuCheck.obj
 0001:00005bd0       ?ExecuteCmd@@YAPEAUCESERVER_REQ@@PEB_WPEAU1@KPEAUHWND__@@HKH@Z 0000000180006bd0 f   ConEmuCheck.obj
 0001:00005fd0       ?ExecuteFreeResult@@YAXAEAPEAUCESERVER_REQ@@@Z 0000000180006fd0 f   ConEmuCheck.obj
 0001:00006010       ?AllocateSendCurrentDirectory@@YA_NAEAPEAUCESERVER_REQ@@AEAKPEB_W2@Z 0000000180007010 f   ConEmuCheck.obj
 0001:00006160       ?SendCurrentDirectory@@YAXPEAUHWND__@@PEB_W1@Z 0000000180007160 f   ConEmuCheck.obj
 0001:000061e0       ?isConsoleClass@@YA_NPEB_W@Z 00000001800071e0 f   ConEmuCheck.obj
 0001:00006240       ?isConsoleWindow@@YA_NPEAUHWND__@@@Z 0000000180007240 f   ConEmuCheck.obj
 0001:00006350       ?myGetConsoleWindow@@YAPEAUHWND__@@XZ 0000000180007350 f   ConEmuCheck.obj
 0001:00006440       ?GetConEmuHWND@@YAPEAUHWND__@@H@Z 0000000180007440 f   ConEmuCheck.obj
 0001:00006660       ??BHWND2@@QEBAPEAUHWND__@@XZ 0000000180007660 f i ConEmuCheck.obj
 0001:00006670       ??BHWND2@@QEBAKXZ          0000000180007670 f i ConEmuCheck.obj
 0001:00006680       ?ConEmuCheck@@YAHPEAPEAUHWND__@@@Z 0000000180007680 f   ConEmuCheck.obj
 0001:000066d0       ?GuiMessageBox@@YAHPEAUHWND__@@PEB_W1H@Z 00000001800076d0 f   ConEmuCheck.obj
 0001:00006900       ?InitName@?$MFileMapping@UCESERVER_CONSOLE_MAPPING_HDR@@@@QEAAPEB_WPEB_WKK@Z 0000000180007900 f i ConEmuCheck.obj
 0001:00006960       ?CloseMap@?$MFileMapping@UCESERVER_CONSOLE_MAPPING_HDR@@@@QEAAXXZ 0000000180007960 f i ConEmuCheck.obj
 0001:000069f0       ?Open@?$MFileMapping@UCESERVER_CONSOLE_MAPPING_HDR@@@@QEAAPEAUCESERVER_CONSOLE_MAPPING_HDR@@HH@Z 00000001800079f0 f i ConEmuCheck.obj
 0001:00006a20       ??0?$MFileMapping@UCESERVER_CONSOLE_MAPPING_HDR@@@@QEAA@XZ 0000000180007a20 f i ConEmuCheck.obj
 0001:00006a90       ??1?$MFileMapping@UCESERVER_CONSOLE_MAPPING_HDR@@@@QEAA@XZ 0000000180007a90 f i ConEmuCheck.obj
 0001:00006ac0       ?InitName@?$MFileMapping@UConEmuGuiMapping@@@@QEAAPEB_WPEB_WKK@Z 0000000180007ac0 f i ConEmuCheck.obj
 0001:00006b20       ?CloseMap@?$MFileMapping@UConEmuGuiMapping@@@@QEAAXXZ 0000000180007b20 f i ConEmuCheck.obj
 0001:00006bb0       ?Open@?$MFileMapping@UConEmuGuiMapping@@@@QEAAPEAUConEmuGuiMapping@@HH@Z 0000000180007bb0 f i ConEmuCheck.obj
 0001:00006be0       ??0?$MFileMapping@UConEmuGuiMapping@@@@QEAA@XZ 0000000180007be0 f i ConEmuCheck.obj
 0001:00006c50       ??1?$MFileMapping@UConEmuGuiMapping@@@@QEAA@XZ 0000000180007c50 f i ConEmuCheck.obj
 0001:00006c80       ?ClosePtr@?$MFileMapping@UCESERVER_CONSOLE_MAPPING_HDR@@@@QEAAXXZ 0000000180007c80 f i ConEmuCheck.obj
 0001:00006cc0       ?InternalOpenCreate@?$MFileMapping@UCESERVER_CONSOLE_MAPPING_HDR@@@@IEAAPEAUCESERVER_CONSOLE_MAPPING_HDR@@HHH@Z 0000000180007cc0 f i ConEmuCheck.obj
 0001:00006f70       ?ClosePtr@?$MFileMapping@UConEmuGuiMapping@@@@QEAAXXZ 0000000180007f70 f i ConEmuCheck.obj
 0001:00006fb0       ?InternalOpenCreate@?$MFileMapping@UConEmuGuiMapping@@@@IEAAPEAUConEmuGuiMapping@@HHH@Z 0000000180007fb0 f i ConEmuCheck.obj
 0001:00007260       ??$wcscpy_c@$0CA@@@YAHAEAY0CA@_WPEB_W@Z 0000000180008260 f i ConEmuCheck.obj
 0001:00007290       ??$wcscpy_c@$0CAI@@@YAHAEAY0CAI@_WPEB_W@Z 0000000180008290 f i ConEmuCheck.obj
 0001:000072c0       ?LoadGuiMapping@@YAHPEAUHWND__@@AEAUConEmuGuiMapping@@@Z 00000001800082c0 f   ConEmuCheckEx.obj
 0001:00007310       ?IsConEmuExeExist@@YAHPEB_WAEAY0BAF@_W@Z 0000000180008310 f   ConEmuCheckEx.obj
 0001:000073f0       ?FindConEmuBaseDir@@YAHAEAY0BAF@_W0PEAUHINSTANCE__@@@Z 00000001800083f0 f   ConEmuCheckEx.obj
 0001:00007a60       ??$wcscpy_c@$0BAF@@@YAHAEAY0BAF@_WPEB_W@Z 0000000180008a60 f i ConEmuCheckEx.obj
 0001:00007bc0       ??$wcscpy_add@$0BAF@@@YAHPEA_WAEAY0BAF@_WPEB_W@Z 0000000180008bc0 f i ConEmuCheckEx.obj
 0001:00007c30       ??$wcscat_c@$0BAF@@@YAHAEAY0BAF@_WPEB_W@Z 0000000180008c30 f i ConEmuCheckEx.obj
 0001:00007c60       ?StringCchCatW@@YAJPEA_W_KPEB_W@Z 0000000180008c60 f i ConEmuCheckEx.obj
 0001:00007df0       ?StartupHooks@@YA_NPEAUHINSTANCE__@@@Z 0000000180008df0 f   ConEmuInjects.obj
 0001:000082f0       ?ShutdownHooks@@YAXXZ      00000001800092f0 f   ConEmuInjects.obj
 0001:00008580       ??$wcscpy_c@$0EA@@@YAHAEAY0EA@_WPEB_W@Z 0000000180009580 f i ConEmuInjects.obj
 0001:000086e0       DllMain                    00000001800096e0 f   ConEmuPlugin.obj
 0001:00008730       ?GetPluginInfo@@YAXPEAX@Z  0000000180009730 f   ConEmuPlugin.obj
 0001:000087a0       ?GetPluginInfoW@@YAXPEAX@Z 00000001800097a0 f   ConEmuPlugin.obj
 0001:000087d0       ?IsConsoleActive@@YAHXZ    00000001800097d0 f   ConEmuPlugin.obj
 0001:00008850       ?GetFarHWND2@@YAPEAUHWND__@@H@Z 0000000180009850 f   ConEmuPlugin.obj
 0001:000088e0       ?GetFarHWND@@YAPEAUHWND__@@XZ 00000001800098e0 f   ConEmuPlugin.obj
 0001:000088f0       ?IsTerminalMode@@YAHXZ     00000001800098f0 f   ConEmuPlugin.obj
 0001:00008900       ?GetFarVersion@@YAXPEAUFarVersion@@@Z 0000000180009900 f   ConEmuPlugin.obj
 0001:00008930       ?RegisterPanelView@@YAHPEAUPanelViewInit@@@Z 0000000180009930 f   ConEmuPlugin.obj
 0001:00008c00       ?RegisterBackground@@YAHPEAURegisterBackgroundArg@@@Z 0000000180009c00 f   ConEmuPlugin.obj
 0001:00008ca0       ?SyncExecute@@YAHPEAUHINSTANCE__@@P6AX_J@Z1@Z 0000000180009ca0 f   ConEmuPlugin.obj
 0001:00008d20       ?ActivateConsole@@YAHXZ    0000000180009d20 f   ConEmuPlugin.obj
 0001:00008de0       ??4HWND2@@QEAAAEAU0@PEAUHWND__@@@Z 0000000180009de0 f i ConEmuPlugin.obj
 0001:00008e00       ?SetStartupInfo@@YAXPEAX@Z 0000000180009e00 f   ConEmuPlugin.obj
 0001:00008e80       SetStartupInfoW            0000000180009e80 f   ConEmuPlugin.obj
 0001:00008ec0       ?GetMinFarVersion@@YAHXZ   0000000180009ec0 f   ConEmuPlugin.obj
 0001:00008f30       GetMinFarVersionW          0000000180009f30 f   ConEmuPlugin.obj
 0001:00008f40       ProcessSynchroEventW       0000000180009f40 f   ConEmuPlugin.obj
 0001:00008f70       ?ProcessSynchroEventW3@@YA_JPEAX@Z 0000000180009f70 f   ConEmuPlugin.obj
 0001:00008fb0       ?ProcessEditorEvent@@YAHHPEAX@Z 0000000180009fb0 f   ConEmuPlugin.obj
 0001:00008fe0       ProcessEditorEventW        0000000180009fe0 f   ConEmuPlugin.obj
 0001:00009010       ?ProcessEditorEventW3@@YA_JPEAX@Z 000000018000a010 f   ConEmuPlugin.obj
 0001:00009050       ?ProcessViewerEvent@@YAHHPEAX@Z 000000018000a050 f   ConEmuPlugin.obj
 0001:00009080       ProcessViewerEventW        000000018000a080 f   ConEmuPlugin.obj
 0001:000090b0       ?ProcessViewerEventW3@@YA_JPEAX@Z 000000018000a0b0 f   ConEmuPlugin.obj
 0001:000090f0       ?ProcessEditorInput@@YAHPEBU_INPUT_RECORD@@@Z 000000018000a0f0 f   ConEmuPlugin.obj
 0001:00009120       ProcessEditorInputW        000000018000a120 f   ConEmuPlugin.obj
 0001:00009150       ?OpenPlugin@@YAPEAXH_J@Z   000000018000a150 f   ConEmuPlugin.obj
 0001:00009180       OpenPluginW                000000018000a180 f   ConEmuPlugin.obj
 0001:000091e0       ?OpenW@@YAPEAXPEBX@Z       000000018000a1e0 f   ConEmuPlugin.obj
 0001:00009210       ?ExitFAR@@YAXXZ            000000018000a210 f   ConEmuPlugin.obj
 0001:00009280       ExitFARW                   000000018000a280 f   ConEmuPlugin.obj
 0001:000092f0       ?ExitFARW3@@YAXPEAX@Z      000000018000a2f0 f   ConEmuPlugin.obj
 0001:00009360       ?SetupExportsFar3@@YAXXZ   000000018000a360 f   ConEmuPlugin.obj
 0001:00009660       ?_calloc@@YAPEAX_K0@Z      000000018000a660 f   ConEmuPlugin.obj
 0001:00009690       ?_malloc@@YAPEAX_K@Z       000000018000a690 f   ConEmuPlugin.obj
 0001:000096b0       ?_free@@YAXPEAX@Z          000000018000a6b0 f   ConEmuPlugin.obj
 0001:000096d0       ??0CPluginW1900@@QEAA@XZ   000000018000a6d0 f   ConEmuPlugin1900.obj
 0001:000099d0       ??_GCPluginW1900@@UEAAPEAXI@Z 000000018000a9d0 f i ConEmuPlugin1900.obj
 0001:000099d0       ??_ECPluginW1900@@UEAAPEAXI@Z 000000018000a9d0 f i ConEmuPlugin1900.obj
 0001:00009a10       ??1CPluginW1900@@UEAA@XZ   000000018000aa10 f i ConEmuPlugin1900.obj
 0001:00009a40       ?ProcessEditorEventPtr@CPluginW1900@@UEAAHPEAX@Z 000000018000aa40 f   ConEmuPlugin1900.obj
 0001:00009a80       ?ProcessViewerEventPtr@CPluginW1900@@UEAAHPEAX@Z 000000018000aa80 f   ConEmuPlugin1900.obj
 0001:00009ac0       ?ProcessSynchroEventPtr@CPluginW1900@@UEAAHPEAX@Z 000000018000aac0 f   ConEmuPlugin1900.obj
 0001:00009b00       ?GetPanelDir@CPluginW1900@@UEAAPEA_WKPEA_WH@Z 000000018000ab00 f   ConEmuPlugin1900.obj
 0001:00009d30       ?GetPanelInfo@CPluginW1900@@UEAA_NKPEAUCEPanelInfo@@@Z 000000018000ad30 f   ConEmuPlugin1900.obj
 0001:0000a2e0       ?GetPanelItemInfo@CPluginW1900@@UEAA_NAEBUCEPanelInfo@@_N_JAEAU_WIN32_FIND_DATAW@@PEAPEA_W@Z 000000018000b2e0 f   ConEmuPlugin1900.obj
 0001:0000a610       ?PanelControlApi@CPluginW1900@@UEAA_JPEAXH_J0@Z 000000018000b610 f   ConEmuPlugin1900.obj
 0001:0000a680       ?GetPluginInfoPtr@CPluginW1900@@UEAAXPEAX@Z 000000018000b680 f   ConEmuPlugin1900.obj
 0001:0000a720       ?SetStartupInfoPtr@CPluginW1900@@UEAAXPEAX@Z 000000018000b720 f   ConEmuPlugin1900.obj
 0001:0000a8f0       ?GetEditorModifiedState@CPluginW1900@@UEAAKXZ 000000018000b8f0 f   ConEmuPlugin1900.obj
 0001:0000a960       ?ProcessEditorInputPtr@CPluginW1900@@UEAAHPEBX@Z 000000018000b960 f   ConEmuPlugin1900.obj
 0001:0000a9a0       ?GetWindowCount@CPluginW1900@@UEAAHXZ 000000018000b9a0 f   ConEmuPlugin1900.obj
 0001:0000aa00       ?UpdateConEmuTabsApi@CPluginW1900@@UEAA_NH@Z 000000018000ba00 f   ConEmuPlugin1900.obj
 0001:0000b0a0       ?ExitFar@CPluginW1900@@UEAAXXZ 000000018000c0a0 f   ConEmuPlugin1900.obj
 0001:0000b150       ?ShowMessage@CPluginW1900@@UEAAHPEB_WH_N@Z 000000018000c150 f   ConEmuPlugin1900.obj
 0001:0000b210       ?GetMsg@CPluginW1900@@UEAAPEB_WHPEA_W_K@Z 000000018000c210 f   ConEmuPlugin1900.obj
 0001:0000b2b0       ?SetWindow@CPluginW1900@@UEAAXH@Z 000000018000c2b0 f   ConEmuPlugin1900.obj
 0001:0000b330       ?PostMacroApi@CPluginW1900@@UEAAXPEB_WPEAU_INPUT_RECORD@@_N@Z 000000018000c330 f   ConEmuPlugin1900.obj
 0001:0000bf80       ?wcsstr@@YAPEA_WPEA_WPEB_W@Z 000000018000cf80 f i ConEmuPlugin1900.obj
 0001:0000bfb0       ?ShowPluginMenu@CPluginW1900@@UEAAHPEAUConEmuPluginMenuItem@@HH@Z 000000018000cfb0 f   ConEmuPlugin1900.obj
 0001:0000c290       ?OpenEditor@CPluginW1900@@UEAA_NPEB_W_N11HH@Z 000000018000d290 f   ConEmuPlugin1900.obj
 0001:0000c4c0       ?ExecuteSynchroApi@CPluginW1900@@UEAA_NXZ 000000018000d4c0 f   ConEmuPlugin1900.obj
 0001:0000c510       ?WaitEndSynchro@CPluginW1900@@UEAAXXZ 000000018000d510 f   ConEmuPlugin1900.obj
 0001:0000c520       ?StopWaitEndSynchro@CPluginW1900@@UEAAXXZ 000000018000d520 f   ConEmuPlugin1900.obj
 0001:0000c530       ?IsMacroActive@CPluginW1900@@UEAA_NXZ 000000018000d530 f   ConEmuPlugin1900.obj
 0001:0000c590       ?GetMacroArea@CPluginW1900@@UEAAHXZ 000000018000d590 f   ConEmuPlugin1900.obj
 0001:0000c5d0       ?RedrawAll@CPluginW1900@@UEAAXXZ 000000018000d5d0 f   ConEmuPlugin1900.obj
 0001:0000c620       ?InputBox@CPluginW1900@@UEAA_NPEB_W000AEAPEA_W@Z 000000018000d620 f   ConEmuPlugin1900.obj
 0001:0000c6f0       ?ShowUserScreen@CPluginW1900@@UEAAX_N@Z 000000018000d6f0 f   ConEmuPlugin1900.obj
 0001:0000c760       ?LoadFarColors@CPluginW1900@@UEAAXAEAY0BAA@E@Z 000000018000d760 f   ConEmuPlugin1900.obj
 0001:0000c9d0       ?FarColor_3_2@@YAEAEBUFarColor@@@Z 000000018000d9d0 f i ConEmuPlugin1900.obj
 0001:0000cb00       ?Color2FgIndex@Far3Color@@SAXKAEAGPEBK@Z 000000018000db00 f i ConEmuPlugin1900.obj
 0001:0000cc90       ?Max@Far3Color@@SAHHH@Z    000000018000dc90 f i ConEmuPlugin1900.obj
 0001:0000ccc0       ?GetStdIndex@Far3Color@@SAHKPEBK@Z 000000018000dcc0 f i ConEmuPlugin1900.obj
 0001:0000cd40       ?GetStdPalette@Far3Color@@SAPEBKXZ 000000018000dd40 f i ConEmuPlugin1900.obj
 0001:0000cd50       ?Color2BgIndex@Far3Color@@SAXKHAEAGPEBK@Z 000000018000dd50 f i ConEmuPlugin1900.obj
 0001:0000cf30       ?LoadFarSettings@CPluginW1900@@UEAAXPEAUCEFarInterfaceSettings@@PEAUCEFarPanelSettings@@@Z 000000018000df30 f   ConEmuPlugin1900.obj
 0001:0000d1d0       ?GetFarRect@CPluginW1900@@UEAA_NAEAU_SMALL_RECT@@@Z 000000018000e1d0 f   ConEmuPlugin1900.obj
 0001:0000d260       ?CheckPanelExist@CPluginW1900@@UEAA_NXZ 000000018000e260 f   ConEmuPlugin1900.obj
 0001:0000d2d0       ?GetActiveWindowType@CPluginW1900@@UEAAHXZ 000000018000e2d0 f   ConEmuPlugin1900.obj
 0001:0000d3d0       ?GetWindowTypeName@CPluginW1900@@UEAAPEB_WH@Z 000000018000e3d0 f   ConEmuPlugin1900.obj
 0001:0000d490       ?GuiMacroDlg@CPluginW1900@@UEAAXXZ 000000018000e490 f   ConEmuPlugin1900.obj
 0001:0000dbe0       ?Open@CPluginW1900@@UEAAPEAXPEBX@Z 000000018000ebe0 f   ConEmuPlugin1900.obj
 0001:0000de40       GetGlobalInfoW             000000018000ee40 f   ConEmuPlugin2800.obj
 0001:0000e060       ??0CPluginW2800@@QEAA@XZ   000000018000f060 f   ConEmuPlugin2800.obj
 0001:0000e360       ??_ECPluginW2800@@UEAAPEAXI@Z 000000018000f360 f i ConEmuPlugin2800.obj
 0001:0000e360       ??_GCPluginW2800@@UEAAPEAXI@Z 000000018000f360 f i ConEmuPlugin2800.obj
 0001:0000e3a0       ??1CPluginW2800@@UEAA@XZ   000000018000f3a0 f i ConEmuPlugin2800.obj
 0001:0000e3d0       ?GetPanelDir@CPluginW2800@@UEAAPEA_WKPEA_WH@Z 000000018000f3d0 f   ConEmuPlugin2800.obj
 0001:0000e600       ?GetPanelInfo@CPluginW2800@@UEAA_NKPEAUCEPanelInfo@@@Z 000000018000f600 f   ConEmuPlugin2800.obj
 0001:0000ebb0       ?GetPanelItemInfo@CPluginW2800@@UEAA_NAEBUCEPanelInfo@@_N_JAEAU_WIN32_FIND_DATAW@@PEAPEA_W@Z 000000018000fbb0 f   ConEmuPlugin2800.obj
 0001:0000eee0       ?PanelControlApi@CPluginW2800@@UEAA_JPEAXH_J0@Z 000000018000fee0 f   ConEmuPlugin2800.obj
 0001:0000ef50       ?GetPluginInfoPtr@CPluginW2800@@UEAAXPEAX@Z 000000018000ff50 f   ConEmuPlugin2800.obj
 0001:0000eff0       ?SetStartupInfoPtr@CPluginW2800@@UEAAXPEAX@Z 000000018000fff0 f   ConEmuPlugin2800.obj
 0001:0000f1c0       ?GetEditorModifiedState@CPluginW2800@@UEAAKXZ 00000001800101c0 f   ConEmuPlugin2800.obj
 0001:0000f230       ?ProcessEditorEventPtr@CPluginW2800@@UEAAHPEAX@Z 0000000180010230 f   ConEmuPlugin2800.obj
 0001:0000f270       ?ProcessViewerEventPtr@CPluginW2800@@UEAAHPEAX@Z 0000000180010270 f   ConEmuPlugin2800.obj
 0001:0000f2b0       ?ProcessSynchroEventPtr@CPluginW2800@@UEAAHPEAX@Z 00000001800102b0 f   ConEmuPlugin2800.obj
 0001:0000f2f0       ?ProcessEditorInputPtr@CPluginW2800@@UEAAHPEBX@Z 00000001800102f0 f   ConEmuPlugin2800.obj
 0001:0000f330       ?GetWindowCount@CPluginW2800@@UEAAHXZ 0000000180010330 f   ConEmuPlugin2800.obj
 0001:0000f390       ?UpdateConEmuTabsApi@CPluginW2800@@UEAA_NH@Z 0000000180010390 f   ConEmuPlugin2800.obj
 0001:0000fdf0       ?ExitFar@CPluginW2800@@UEAAXXZ 0000000180010df0 f   ConEmuPlugin2800.obj
 0001:0000fea0       ?ShowMessage@CPluginW2800@@UEAAHPEB_WH_N@Z 0000000180010ea0 f   ConEmuPlugin2800.obj
 0001:0000ff60       ?GetMsg@CPluginW2800@@UEAAPEB_WHPEA_W_K@Z 0000000180010f60 f   ConEmuPlugin2800.obj
 0001:00010000       ?SetWindow@CPluginW2800@@UEAAXH@Z 0000000180011000 f   ConEmuPlugin2800.obj
 0001:00010130       ?PostMacroApi@CPluginW2800@@UEAAXPEB_WPEAU_INPUT_RECORD@@_N@Z 0000000180011130 f   ConEmuPlugin2800.obj
 0001:00010750       ?ShowPluginMenu@CPluginW2800@@UEAAHPEAUConEmuPluginMenuItem@@HH@Z 0000000180011750 f   ConEmuPlugin2800.obj
 0001:00010a30       ?OpenEditor@CPluginW2800@@UEAA_NPEB_W_N11HH@Z 0000000180011a30 f   ConEmuPlugin2800.obj
 0001:00010c70       ?ExecuteSynchroApi@CPluginW2800@@UEAA_NXZ 0000000180011c70 f   ConEmuPlugin2800.obj
 0001:00010cc0       ?WaitEndSynchro@CPluginW2800@@UEAAXXZ 0000000180011cc0 f   ConEmuPlugin2800.obj
 0001:00010cd0       ?StopWaitEndSynchro@CPluginW2800@@UEAAXXZ 0000000180011cd0 f   ConEmuPlugin2800.obj
 0001:00010ce0       ?IsMacroActive@CPluginW2800@@UEAA_NXZ 0000000180011ce0 f   ConEmuPlugin2800.obj
 0001:00010d40       ?GetMacroArea@CPluginW2800@@UEAAHXZ 0000000180011d40 f   ConEmuPlugin2800.obj
 0001:00010d80       ?RedrawAll@CPluginW2800@@UEAAXXZ 0000000180011d80 f   ConEmuPlugin2800.obj
 0001:00010dd0       ?InputBox@CPluginW2800@@UEAA_NPEB_W000AEAPEA_W@Z 0000000180011dd0 f   ConEmuPlugin2800.obj
 0001:00010ea0       ?ShowUserScreen@CPluginW2800@@UEAAX_N@Z 0000000180011ea0 f   ConEmuPlugin2800.obj
 0001:00010f10       ?LoadFarColors@CPluginW2800@@UEAAXAEAY0BAA@E@Z 0000000180011f10 f   ConEmuPlugin2800.obj
 0001:00011180       ?LoadFarSettings@CPluginW2800@@UEAAXPEAUCEFarInterfaceSettings@@PEAUCEFarPanelSettings@@@Z 0000000180012180 f   ConEmuPlugin2800.obj
 0001:00011430       ?GetFarRect@CPluginW2800@@UEAA_NAEAU_SMALL_RECT@@@Z 0000000180012430 f   ConEmuPlugin2800.obj
 0001:000114c0       ?CheckPanelExist@CPluginW2800@@UEAA_NXZ 00000001800124c0 f   ConEmuPlugin2800.obj
 0001:00011530       ?GetActiveWindowType@CPluginW2800@@UEAAHXZ 0000000180012530 f   ConEmuPlugin2800.obj
 0001:00011640       ?GetWindowTypeName@CPluginW2800@@UEAAPEB_WH@Z 0000000180012640 f   ConEmuPlugin2800.obj
 0001:00011700       ?GuiMacroDlg@CPluginW2800@@UEAAXXZ 0000000180012700 f   ConEmuPlugin2800.obj
 0001:00011e60       ?Open@CPluginW2800@@UEAAPEAXPEBX@Z 0000000180012e60 f   ConEmuPlugin2800.obj
 0001:00012160       ??0FarMacroValue@@QEAA@XZ  0000000180013160 f i ConEmuPlugin2800.obj
 0001:000121b0       ??0?$MArray@UWindowInfo@@@@QEAA@XZ 00000001800131b0 f i ConEmuPlugin2800.obj
 0001:00012210       ??1?$MArray@UWindowInfo@@@@QEAA@XZ 0000000180013210 f i ConEmuPlugin2800.obj
 0001:00012230       ??A?$MArray@UWindowInfo@@@@QEBAAEBUWindowInfo@@_J@Z 0000000180013230 f i ConEmuPlugin2800.obj
 0001:00012250       ??A?$MArray@UWindowInfo@@@@QEAAAEAUWindowInfo@@_J@Z 0000000180013250 f i ConEmuPlugin2800.obj
 0001:00012270       ?push_back@?$MArray@UWindowInfo@@@@QEAA_JAEBUWindowInfo@@@Z 0000000180013270 f i ConEmuPlugin2800.obj
 0001:00012340       ?insert@?$MArray@UWindowInfo@@@@QEAAX_JAEBUWindowInfo@@@Z 0000000180013340 f i ConEmuPlugin2800.obj
 0001:00012470       ?clear@?$MArray@UWindowInfo@@@@QEAAXXZ 0000000180013470 f i ConEmuPlugin2800.obj
 0001:000124c0       ?erase@?$MArray@UWindowInfo@@@@QEAAX_J@Z 00000001800134c0 f i ConEmuPlugin2800.obj
 0001:00012580       ?size@?$MArray@UWindowInfo@@@@QEBA_JXZ 0000000180013580 f i ConEmuPlugin2800.obj
 0001:00012590       ?addsize@?$MArray@UWindowInfo@@@@QEAAX_J@Z 0000000180013590 f i ConEmuPlugin2800.obj
 0001:000126d0       ??0CPluginW995@@QEAA@XZ    00000001800136d0 f   ConEmuPlugin995.obj
 0001:000129e0       ?Open@CPluginW995@@UEAAPEAXPEBX@Z 00000001800139e0 f i ConEmuPlugin995.obj
 0001:00012a00       ?ProcessEditorEventPtr@CPluginW995@@UEAAHPEAX@Z 0000000180013a00 f i ConEmuPlugin995.obj
 0001:00012a10       ?ProcessSynchroEventPtr@CPluginW995@@UEAAHPEAX@Z 0000000180013a10 f i ConEmuPlugin995.obj
 0001:00012a20       ?ProcessViewerEventPtr@CPluginW995@@UEAAHPEAX@Z 0000000180013a20 f i ConEmuPlugin995.obj
 0001:00012a30       ??_GCPluginW995@@UEAAPEAXI@Z 0000000180013a30 f i ConEmuPlugin995.obj
 0001:00012a30       ??_ECPluginW995@@UEAAPEAXI@Z 0000000180013a30 f i ConEmuPlugin995.obj
 0001:00012a70       ??1CPluginW995@@UEAA@XZ    0000000180013a70 f i ConEmuPlugin995.obj
 0001:00012aa0       ?GetPanelDir@CPluginW995@@UEAAPEA_WKPEA_WH@Z 0000000180013aa0 f   ConEmuPlugin995.obj
 0001:00012c90       ?GetPanelInfo@CPluginW995@@UEAA_NKPEAUCEPanelInfo@@@Z 0000000180013c90 f   ConEmuPlugin995.obj
 0001:00013150       ?GetPanelItemInfo@CPluginW995@@UEAA_NAEBUCEPanelInfo@@_N_JAEAU_WIN32_FIND_DATAW@@PEAPEA_W@Z 0000000180014150 f   ConEmuPlugin995.obj
 0001:00013460       ?PanelControlApi@CPluginW995@@UEAA_JPEAXH_J0@Z 0000000180014460 f   ConEmuPlugin995.obj
 0001:000134d0       ?GetPluginInfoPtr@CPluginW995@@UEAAXPEAX@Z 00000001800144d0 f   ConEmuPlugin995.obj
 0001:00013590       ?SetStartupInfoPtr@CPluginW995@@UEAAXPEAX@Z 0000000180014590 f   ConEmuPlugin995.obj
 0001:00013790       ?GetEditorModifiedState@CPluginW995@@UEAAKXZ 0000000180014790 f   ConEmuPlugin995.obj
 0001:000137f0       ?ProcessEditorInputPtr@CPluginW995@@UEAAHPEBX@Z 00000001800147f0 f   ConEmuPlugin995.obj
 0001:00013830       ?GetWindowCount@CPluginW995@@UEAAHXZ 0000000180014830 f   ConEmuPlugin995.obj
 0001:00013890       ?UpdateConEmuTabsApi@CPluginW995@@UEAA_NH@Z 0000000180014890 f   ConEmuPlugin995.obj
 0001:00013c10       ?ExitFar@CPluginW995@@UEAAXXZ 0000000180014c10 f   ConEmuPlugin995.obj
 0001:00013cc0       ?ShowMessage@CPluginW995@@UEAAHPEB_WH_N@Z 0000000180014cc0 f   ConEmuPlugin995.obj
 0001:00013d80       ?GetMsg@CPluginW995@@UEAAPEB_WHPEA_W_K@Z 0000000180014d80 f   ConEmuPlugin995.obj
 0001:00013e20       ?SetWindow@CPluginW995@@UEAAXH@Z 0000000180014e20 f   ConEmuPlugin995.obj
 0001:00013ea0       ?PostMacroApi@CPluginW995@@UEAAXPEB_WPEAU_INPUT_RECORD@@_N@Z 0000000180014ea0 f   ConEmuPlugin995.obj
 0001:00013fa0       ?ShowPluginMenu@CPluginW995@@UEAAHPEAUConEmuPluginMenuItem@@HH@Z 0000000180014fa0 f   ConEmuPlugin995.obj
 0001:00014220       ?OpenEditor@CPluginW995@@UEAA_NPEB_W_N11HH@Z 0000000180015220 f   ConEmuPlugin995.obj
 0001:00014430       ?ExecuteSynchroApi@CPluginW995@@UEAA_NXZ 0000000180015430 f   ConEmuPlugin995.obj
 0001:00014480       ?WaitEndSynchro@CPluginW995@@UEAAXXZ 0000000180015480 f   ConEmuPlugin995.obj
 0001:000146f0       ?StopWaitEndSynchro@CPluginW995@@UEAAXXZ 00000001800156f0 f   ConEmuPlugin995.obj
 0001:00014730       ?IsMacroActive@CPluginW995@@UEAA_NXZ 0000000180015730 f   ConEmuPlugin995.obj
 0001:000147b0       ?GetMacroArea@CPluginW995@@UEAAHXZ 00000001800157b0 f   ConEmuPlugin995.obj
 0001:00014800       ?RedrawAll@CPluginW995@@UEAAXXZ 0000000180015800 f   ConEmuPlugin995.obj
 0001:00014850       ?InputBox@CPluginW995@@UEAA_NPEB_W000AEAPEA_W@Z 0000000180015850 f   ConEmuPlugin995.obj
 0001:00014900       ?ShowUserScreen@CPluginW995@@UEAAX_N@Z 0000000180015900 f   ConEmuPlugin995.obj
 0001:00014970       ?LoadFarColors@CPluginW995@@UEAAXAEAY0BAA@E@Z 0000000180015970 f   ConEmuPlugin995.obj
 0001:00014aa0       ?LoadFarSettings@CPluginW995@@UEAAXPEAUCEFarInterfaceSettings@@PEAUCEFarPanelSettings@@@Z 0000000180015aa0 f   ConEmuPlugin995.obj
 0001:00014b30       ?GetFarRect@CPluginW995@@UEAA_NAEAU_SMALL_RECT@@@Z 0000000180015b30 f   ConEmuPlugin995.obj
 0001:00014bc0       ?CheckPanelExist@CPluginW995@@UEAA_NXZ 0000000180015bc0 f   ConEmuPlugin995.obj
 0001:00014c30       ?GetActiveWindowType@CPluginW995@@UEAAHXZ 0000000180015c30 f   ConEmuPlugin995.obj
 0001:00014d50       ?GetWindowTypeName@CPluginW995@@UEAAPEB_WH@Z 0000000180015d50 f   ConEmuPlugin995.obj
 0001:00014e10       ?GuiMacroDlg@CPluginW995@@UEAAXXZ 0000000180015e10 f   ConEmuPlugin995.obj
 0001:000154f0       ??0CPluginAnsi@@QEAA@XZ    00000001800164f0 f   ConEmuPluginA.obj
 0001:000157e0       ?ExecuteSynchroApi@CPluginAnsi@@UEAA_NXZ 00000001800167e0 f i ConEmuPluginA.obj
 0001:000157f0       ?GetFarRect@CPluginAnsi@@UEAA_NAEAU_SMALL_RECT@@@Z 00000001800167f0 f i ConEmuPluginA.obj
 0001:00015800       ?Open@CPluginAnsi@@UEAAPEAXPEBX@Z 0000000180016800 f i ConEmuPluginA.obj
 0001:00015820       ?ProcessEditorEventPtr@CPluginAnsi@@UEAAHPEAX@Z 0000000180016820 f i ConEmuPluginA.obj
 0001:00015830       ?ProcessEditorInputPtr@CPluginAnsi@@UEAAHPEBX@Z 0000000180016830 f i ConEmuPluginA.obj
 0001:00015840       ?ProcessSynchroEventPtr@CPluginAnsi@@UEAAHPEAX@Z 0000000180016840 f i ConEmuPluginA.obj
 0001:00015850       ?ProcessViewerEventPtr@CPluginAnsi@@UEAAHPEAX@Z 0000000180016850 f i ConEmuPluginA.obj
 0001:00015860       ?StopWaitEndSynchro@CPluginAnsi@@UEAAXXZ 0000000180016860 f i ConEmuPluginA.obj
 0001:00015870       ?WaitEndSynchro@CPluginAnsi@@UEAAXXZ 0000000180016870 f i ConEmuPluginA.obj
 0001:00015880       ??_ECPluginAnsi@@UEAAPEAXI@Z 0000000180016880 f i ConEmuPluginA.obj
 0001:00015880       ??_GCPluginAnsi@@UEAAPEAXI@Z 0000000180016880 f i ConEmuPluginA.obj
 0001:000158c0       ??1CPluginAnsi@@UEAA@XZ    00000001800168c0 f i ConEmuPluginA.obj
 0001:000158f0       ?GetPanelDir@CPluginAnsi@@UEAAPEA_WKPEA_WH@Z 00000001800168f0 f   ConEmuPluginA.obj
 0001:00015a60       ?GetPanelInfo@CPluginAnsi@@UEAA_NKPEAUCEPanelInfo@@@Z 0000000180016a60 f   ConEmuPluginA.obj
 0001:00015e90       ?GetPanelItemInfo@CPluginAnsi@@UEAA_NAEBUCEPanelInfo@@_N_JAEAU_WIN32_FIND_DATAW@@PEAPEA_W@Z 0000000180016e90 f   ConEmuPluginA.obj
 0001:000160c0       ?PanelControlApi@CPluginAnsi@@UEAA_JPEAXH_J0@Z 00000001800170c0 f   ConEmuPluginA.obj
 0001:00016130       ?SetStartupInfoPtr@CPluginAnsi@@UEAAXPEAX@Z 0000000180017130 f   ConEmuPluginA.obj
 0001:00016330       ?GetPluginInfoPtr@CPluginAnsi@@UEAAXPEAX@Z 0000000180017330 f   ConEmuPluginA.obj
 0001:00016420       ?GetEditorModifiedState@CPluginAnsi@@UEAAKXZ 0000000180017420 f   ConEmuPluginA.obj
 0001:00016490       ?GetWindowCount@CPluginAnsi@@UEAAHXZ 0000000180017490 f   ConEmuPluginA.obj
 0001:000164f0       ?UpdateConEmuTabsApi@CPluginAnsi@@UEAA_NH@Z 00000001800174f0 f   ConEmuPluginA.obj
 0001:00016890       ?ExitFar@CPluginAnsi@@UEAAXXZ 0000000180017890 f   ConEmuPluginA.obj
 0001:000168f0       ?SetWindow@CPluginAnsi@@UEAAXH@Z 00000001800178f0 f   ConEmuPluginA.obj
 0001:00016970       ?PostMacroApi@CPluginAnsi@@UEAAXPEB_WPEAU_INPUT_RECORD@@_N@Z 0000000180017970 f   ConEmuPluginA.obj
 0001:00016aa0       ?ShowPluginMenu@CPluginAnsi@@UEAAHPEAUConEmuPluginMenuItem@@HH@Z 0000000180017aa0 f   ConEmuPluginA.obj
 0001:00016da0       ?OpenEditor@CPluginAnsi@@UEAA_NPEB_W_N11HH@Z 0000000180017da0 f   ConEmuPluginA.obj
 0001:00016fd0       ?ShowMessage@CPluginAnsi@@UEAAHPEB_WH_N@Z 0000000180017fd0 f   ConEmuPluginA.obj
 0001:000170f0       ?GetMsg@CPluginAnsi@@UEAAPEB_WHPEA_W_K@Z 00000001800180f0 f   ConEmuPluginA.obj
 0001:000171f0       ?IsMacroActive@CPluginAnsi@@UEAA_NXZ 00000001800181f0 f   ConEmuPluginA.obj
 0001:00017270       ?GetMacroArea@CPluginAnsi@@UEAAHXZ 0000000180018270 f   ConEmuPluginA.obj
 0001:00017280       ?RedrawAll@CPluginAnsi@@UEAAXXZ 0000000180018280 f   ConEmuPluginA.obj
 0001:000172d0       ?InputBox@CPluginAnsi@@UEAA_NPEB_W000AEAPEA_W@Z 00000001800182d0 f   ConEmuPluginA.obj
 0001:00017460       ?ShowUserScreen@CPluginAnsi@@UEAAX_N@Z 0000000180018460 f   ConEmuPluginA.obj
 0001:000174d0       ?LoadFarColors@CPluginAnsi@@UEAAXAEAY0BAA@E@Z 00000001800184d0 f   ConEmuPluginA.obj
 0001:00017600       ?LoadFarSettings@CPluginAnsi@@UEAAXPEAUCEFarInterfaceSettings@@PEAUCEFarPanelSettings@@@Z 0000000180018600 f   ConEmuPluginA.obj
 0001:00017690       ?CheckPanelExist@CPluginAnsi@@UEAA_NXZ 0000000180018690 f   ConEmuPluginA.obj
 0001:00017700       ?GetActiveWindowType@CPluginAnsi@@UEAAHXZ 0000000180018700 f   ConEmuPluginA.obj
 0001:00017780       ?GetWindowTypeName@CPluginAnsi@@UEAAPEB_WH@Z 0000000180018780 f   ConEmuPluginA.obj
 0001:00017840       ?GuiMacroDlg@CPluginAnsi@@UEAAXXZ 0000000180018840 f   ConEmuPluginA.obj
 0001:00018040       ?Plugin@@YAPEAVCPluginBase@@XZ 0000000180019040 f   ConEmuPluginBase.obj
 0001:000181a0       ??0CPluginBase@@QEAA@XZ    00000001800191a0 f   ConEmuPluginBase.obj
 0001:000184f0       ??_GCPluginBase@@UEAAPEAXI@Z 00000001800194f0 f i ConEmuPluginBase.obj
 0001:000184f0       ??_ECPluginBase@@UEAAPEAXI@Z 00000001800194f0 f i ConEmuPluginBase.obj
 0001:00018530       ??1CPluginBase@@UEAA@XZ    0000000180019530 f   ConEmuPluginBase.obj
 0001:00018550       ?DllMain_ProcessAttach@CPluginBase@@KAXPEAUHINSTANCE__@@@Z 0000000180019550 f   ConEmuPluginBase.obj
 0001:00018690       ?DllMain_ProcessDetach@CPluginBase@@KAXXZ 0000000180019690 f   ConEmuPluginBase.obj
 0001:00018860       ??_GMSection@@QEAAPEAXI@Z  0000000180019860 f i ConEmuPluginBase.obj
 0001:000188a0       ??_GCPluginBackground@@QEAAPEAXI@Z 00000001800198a0 f i ConEmuPluginBase.obj
 0001:000188e0       ?DllCheckUnique@CPluginBase@@KA_N_N@Z 00000001800198e0 f   ConEmuPluginBase.obj
 0001:00018bc0       ?LoadFarVersion@CPluginBase@@SA_NXZ 0000000180019bc0 f   ConEmuPluginBase.obj
 0001:00019390       ?ShowMessageBox@CPluginBase@@KAHPEB_WI@Z 000000018001a390 f   ConEmuPluginBase.obj
 0001:00019490       ?ShowMessageGui@CPluginBase@@QEAAHHH@Z 000000018001a490 f   ConEmuPluginBase.obj
 0001:00019540       ?BackgroundMacroError@CPluginBase@@SAKPEAX@Z 000000018001a540 f   ConEmuPluginBase.obj
 0001:00019590       ?PostMacro@CPluginBase@@QEAAXPEB_WPEAU_INPUT_RECORD@@_N@Z 000000018001a590 f   ConEmuPluginBase.obj
 0001:00019650       ?isMacroActive@CPluginBase@@QEAA_NAEAH@Z 000000018001a650 f   ConEmuPluginBase.obj
 0001:000196e0       ?CheckBufferEnabled@CPluginBase@@QEAA_NXZ 000000018001a6e0 f   ConEmuPluginBase.obj
 0001:00019790       ?PanelControl@CPluginBase@@QEAA_JPEAXH_J0@Z 000000018001a790 f   ConEmuPluginBase.obj
 0001:00019880       ?GetPanelInfo@CPluginBase@@QEAA_NKPEAUBkPanelInfo@@@Z 000000018001a880 f   ConEmuPluginBase.obj
 0001:00019970       ?FillUpdateBackground@CPluginBase@@QEAAXPEAUPaintBackgroundArg@@@Z 000000018001a970 f   ConEmuPluginBase.obj
 0001:00019ba0       ?StorePanelDirs@CPluginBase@@QEAA_NPEB_W0@Z 000000018001aba0 f   ConEmuPluginBase.obj
 0001:00019dd0       ?UpdatePanelDirs@CPluginBase@@QEAAXXZ 000000018001add0 f   ConEmuPluginBase.obj
 0001:00019fe0       ?IsFarLua@FarVersion@@QEBA_NXZ 000000018001afe0 f i ConEmuPluginBase.obj
 0001:0001a040       ?RunExternalProgram@CPluginBase@@QEAA_NPEA_W@Z 000000018001b040 f   ConEmuPluginBase.obj
 0001:0001a2e0       ?ProcessCommandLine@CPluginBase@@QEAA_NPEA_W@Z 000000018001b2e0 f   ConEmuPluginBase.obj
 0001:0001a340       ?ShowPluginMenu@CPluginBase@@QEAAXW4PluginCallCommands@@@Z 000000018001b340 f   ConEmuPluginBase.obj
 0001:0001a690       ?ShowTabsList@CPluginBase@@QEAAXXZ 000000018001b690 f   ConEmuPluginBase.obj
 0001:0001abc0       ?ShowPanelsList@CPluginBase@@QEAAXXZ 000000018001bbc0 f   ConEmuPluginBase.obj
 0001:0001add0       ?DataSize@CESERVER_REQ@@QEAAKXZ 000000018001bdd0 f i ConEmuPluginBase.obj
 0001:0001ae10       ?EditViewConsoleOutput@CPluginBase@@QEAAX_N@Z 000000018001be10 f   ConEmuPluginBase.obj
 0001:0001af20       ?SwitchTabCommand@CPluginBase@@QEAAXW4PluginMenuCommands@@@Z 000000018001bf20 f   ConEmuPluginBase.obj
 0001:0001aff0       ?ProcessSynchroEvent@CPluginBase@@QEAAHHPEAX@Z 000000018001bff0 f   ConEmuPluginBase.obj
 0001:0001b0b0       ?ProcessEditorInputInternal@CPluginBase@@QEAAXAEBU_INPUT_RECORD@@@Z 000000018001c0b0 f   ConEmuPluginBase.obj
 0001:0001b110       ?ProcessEditorViewerEvent@CPluginBase@@QEAAHHH@Z 000000018001c110 f   ConEmuPluginBase.obj
 0001:0001b260       ?isEditorViewer@CPluginBase@@QEAA_NXZ 000000018001c260 f   ConEmuPluginBase.obj
 0001:0001b2b0       ?isModalEditorViewer@CPluginBase@@QEAA_NXZ 000000018001c2b0 f   ConEmuPluginBase.obj
 0001:0001b300       ?GetMainThreadId@CPluginBase@@SAKXZ 000000018001c300 f   ConEmuPluginBase.obj
 0001:0001b3b0       ?ShowConsoleInfo@CPluginBase@@QEAAXXZ 000000018001c3b0 f   ConEmuPluginBase.obj
 0001:0001b650       ?RunExternalProgramW@CPluginBase@@SA_NPEA_W0_N@Z 000000018001c650 f   ConEmuPluginBase.obj
 0001:0001b980       ?StartDebugger@CPluginBase@@QEAA_NXZ 000000018001c980 f   ConEmuPluginBase.obj
 0001:0001bd50       ?Attach2Gui@CPluginBase@@QEAA_NXZ 000000018001cd50 f   ConEmuPluginBase.obj
 0001:0001c310       ?FindServerCmd@CPluginBase@@QEAA_NKAEAK_N@Z 000000018001d310 f   ConEmuPluginBase.obj
 0001:0001c430       ?ShowMessage@CPluginBase@@QEAAHHH@Z 000000018001d430 f   ConEmuPluginBase.obj
 0001:0001c4c0       ?OutDataAlloc@CPluginBase@@SA_NK@Z 000000018001d4c0 f   ConEmuPluginBase.obj
 0001:0001c540       ?OutDataRealloc@CPluginBase@@SA_NK@Z 000000018001d540 f   ConEmuPluginBase.obj
 0001:0001c640       ?OutDataWrite@CPluginBase@@SA_NPEAXK@Z 000000018001d640 f   ConEmuPluginBase.obj
 0001:0001c730       ?CreateTabs@CPluginBase@@SA_NH@Z 000000018001d730 f   ConEmuPluginBase.obj
 0001:0001c830       ?AddTab@CPluginBase@@QEAA_NAEAHH_N1HPEB_W2HHHH@Z 000000018001d830 f   ConEmuPluginBase.obj
 0001:0001ce70       wmemcmp                    000000018001de70 f i ConEmuPluginBase.obj
 0001:0001cf00       ?AddTabFinish@CPluginBase@@QEAAXH@Z 000000018001df00 f   ConEmuPluginBase.obj
 0001:0001cf20       ?SendTabs@CPluginBase@@SAXH_N@Z 000000018001df20 f   ConEmuPluginBase.obj
 0001:0001d170       ?CloseTabs@CPluginBase@@SAXXZ 000000018001e170 f   ConEmuPluginBase.obj
 0001:0001d210       ?UpdateConEmuTabs@CPluginBase@@QEAA_N_N@Z 000000018001e210 f   ConEmuPluginBase.obj
 0001:0001d640       ?ShowProtocolWarning@CPluginBase@@KAXXZ 000000018001e640 f   ConEmuPluginBase.obj
 0001:0001d7f0       ?CheckResources@CPluginBase@@QEAAX_N@Z 000000018001e7f0 f   ConEmuPluginBase.obj
 0001:0001d9d0       ?InitResources@CPluginBase@@QEAAXXZ 000000018001e9d0 f   ConEmuPluginBase.obj
 0001:0001dd60       ?CloseMapHeader@CPluginBase@@SAXXZ 000000018001ed60 f   ConEmuPluginBase.obj
 0001:0001dd90       ?OpenMapHeader@CPluginBase@@SAHXZ 000000018001ed90 f   ConEmuPluginBase.obj
 0001:0001dee0       ?InitRootRegKey@CPluginBase@@IEAAXXZ 000000018001eee0 f   ConEmuPluginBase.obj
 0001:0001e080       ?SetRootRegKey@CPluginBase@@IEAAXPEA_W@Z 000000018001f080 f   ConEmuPluginBase.obj
 0001:0001e1b0       ?LoadPanelTabsFromRegistry@CPluginBase@@IEAAXXZ 000000018001f1b0 f   ConEmuPluginBase.obj
 0001:0001e340       ?InitHWND@CPluginBase@@SAXXZ 000000018001f340 f   ConEmuPluginBase.obj
 0001:0001e680       ?CheckConEmuDetached@CPluginBase@@SAXXZ 000000018001f680 f   ConEmuPluginBase.obj
 0001:0001e730       ?EmergencyShow@CPluginBase@@KAXXZ 000000018001f730 f   ConEmuPluginBase.obj
 0001:0001e7a0       ?MonitorThreadProcW@CPluginBase@@SAKPEAX@Z 000000018001f7a0 f   ConEmuPluginBase.obj
 0001:0001ecd0       ?OpenPluginCommon@CPluginBase@@QEAAPEAXH_J_N@Z 000000018001fcd0 f   ConEmuPluginBase.obj
 0001:0001f1b0       ?ExitFarCommon@CPluginBase@@QEAAX_N@Z 00000001800201b0 f   ConEmuPluginBase.obj
 0001:0001f220       ?OnMainThreadActivated@CPluginBase@@QEAAXXZ 0000000180020220 f   ConEmuPluginBase.obj
 0001:0001f420       ?ProcessSetWindowCommand@CPluginBase@@QEAAXXZ 0000000180020420 f   ConEmuPluginBase.obj
 0001:0001f590       ?CommonPluginStartup@CPluginBase@@QEAAXXZ 0000000180020590 f   ConEmuPluginBase.obj
 0001:0001f6c0       ?StopThread@CPluginBase@@QEAAX_N@Z 00000001800206c0 f   ConEmuPluginBase.obj
 0001:0001faf0       ??_G?$MFileMapping@UCESERVER_CONSOLE_MAPPING_HDR@@@@QEAAPEAXI@Z 0000000180020af0 f i ConEmuPluginBase.obj
 0001:0001fb30       ?ShutdownPluginStep@CPluginBase@@SAXPEB_WHHHH@Z 0000000180020b30 f   ConEmuPluginBase.obj
 0001:0001fb50       ?ExecuteSynchro@CPluginBase@@QEAAXXZ 0000000180020b50 f   ConEmuPluginBase.obj
 0001:0001fc30       ?WaitPluginActivation@CPluginBase@@SAKKPEAPEAXHK@Z 0000000180020c30 f   ConEmuPluginBase.obj
 0001:0001fdc0       ?ActivatePlugin@CPluginBase@@QEAA_NKPEAXK@Z 0000000180020dc0 f   ConEmuPluginBase.obj
 0001:000200f0       ?cmd_OpenEditorLine@CPluginBase@@QEAA_NPEAUCESERVER_REQ_FAREDITOR@@@Z 00000001800210f0 f   ConEmuPluginBase.obj
 0001:00020220       ?cmd_RedrawFarCall@CPluginBase@@QEAA_NAEAPEAUCESERVER_REQ@@PEAPEAU2@@Z 0000000180021220 f   ConEmuPluginBase.obj
 0001:00020310       ?cmd_SetWindow@CPluginBase@@QEAA_NPEAX_N@Z 0000000180021310 f   ConEmuPluginBase.obj
 0001:000203f0       ?cmd_LeftClickSync@CPluginBase@@QEAAXPEAX@Z 00000001800213f0 f   ConEmuPluginBase.obj
 0001:00020580       ?cmd_CloseQSearch@CPluginBase@@QEAAXXZ 0000000180021580 f   ConEmuPluginBase.obj
 0001:000205e0       ?cmd_EMenu@CPluginBase@@QEAAXPEAX@Z 00000001800215e0 f   ConEmuPluginBase.obj
 0001:000206f0       ?cmd_ExternalCallback@CPluginBase@@QEAA_NPEAX@Z 00000001800216f0 f   ConEmuPluginBase.obj
 0001:00020790       ?cmd_ConSetFont@CPluginBase@@QEAAXPEAX@Z 0000000180021790 f   ConEmuPluginBase.obj
 0001:00020810       ?cmd_GuiChanged@CPluginBase@@QEAAXPEAX@Z 0000000180021810 f   ConEmuPluginBase.obj
 0001:00020920       ?ProcessCommand@CPluginBase@@QEAA_NKHPEAXPEAPEAUCESERVER_REQ@@_N@Z 0000000180021920 f   ConEmuPluginBase.obj
 0001:00021040       ?FarSetConsoleSize@CPluginBase@@SA_NFF@Z 0000000180022040 f   ConEmuPluginBase.obj
 0001:000211b0       ?ReloadFarInfoApi@CPluginBase@@IEAA_NXZ 00000001800221b0 f   ConEmuPluginBase.obj
 0001:00021460       ?ReloadFarInfo@CPluginBase@@QEAA_N_N@Z 0000000180022460 f   ConEmuPluginBase.obj
 0001:00021780       ?pcc_Selected@CPluginBase@@SA_NW4PluginMenuCommands@@@Z 0000000180022780 f   ConEmuPluginBase.obj
 0001:00021800       ?pcc_Disabled@CPluginBase@@SA_NW4PluginMenuCommands@@@Z 0000000180022800 f   ConEmuPluginBase.obj
 0001:000218e0       ?TouchReadPeekConsoleInputs@CPluginBase@@SAXH@Z 00000001800228e0 f   ConEmuPluginBase.obj
 0001:00021940       ?OnConsolePeekReadInput@CPluginBase@@SAX_N@Z 0000000180022940 f   ConEmuPluginBase.obj
 0001:00021bb0       ?ActiveServerPID@CESERVER_CONSOLE_MAPPING_HDR@@QEBAKXZ 0000000180022bb0 f i ConEmuPluginBase.obj
 0001:00021bf0       ?UngetDummyMouseEvent@CPluginBase@@SA_N_NPEAUHookCallbackArg@@@Z 0000000180022bf0 f   ConEmuPluginBase.obj
 0001:00021e60       ??4HANDLE2@@QEAAAEAU0@PEAX@Z 0000000180022e60 f i ConEmuPluginBase.obj
 0001:00021e80       ?FillLoadedParm@CPluginBase@@SAXPEAUConEmuLoadedArg@@PEAUHINSTANCE__@@H@Z 0000000180022e80 f   ConEmuPluginBase.obj
 0001:00021fc0       ?NotifyConEmuUnloaded@CPluginBase@@SAXXZ 0000000180022fc0 f   ConEmuPluginBase.obj
 0001:00022110       ?OnPanelViewCallbacks@CPluginBase@@SA_NPEAUHookCallbackArg@@P6AHPEAXPEAU_INPUT_RECORD@@KPEAKPEAH@Z5@Z 0000000180023110 f   ConEmuPluginBase.obj
 0001:00022260       ?OnShellExecuteExW_Except@CPluginBase@@SAXPEAUHookCallbackArg@@@Z 0000000180023260 f   ConEmuPluginBase.obj
 0001:000222b0       ?OnGetNumberOfConsoleInputEventsPost@CPluginBase@@SAXPEAUHookCallbackArg@@@Z 00000001800232b0 f   ConEmuPluginBase.obj
 0001:000222f0       ?OnConsolePeekInput@CPluginBase@@SAHPEAUHookCallbackArg@@@Z 00000001800232f0 f   ConEmuPluginBase.obj
 0001:00022380       ?OnConsolePeekInputPost@CPluginBase@@SAXPEAUHookCallbackArg@@@Z 0000000180023380 f   ConEmuPluginBase.obj
 0001:000223d0       ?OnConsoleReadInputWork@CPluginBase@@SAHPEAUHookCallbackArg@@@Z 00000001800233d0 f   ConEmuPluginBase.obj
 0001:00022480       ?OnConsoleReadInput@CPluginBase@@SAHPEAUHookCallbackArg@@@Z 0000000180023480 f   ConEmuPluginBase.obj
 0001:000224a0       ?OnConsoleReadInputPost@CPluginBase@@SAXPEAUHookCallbackArg@@@Z 00000001800234a0 f   ConEmuPluginBase.obj
 0001:00022750       ?OnWriteConsoleOutput@CPluginBase@@SAHPEAUHookCallbackArg@@@Z 0000000180023750 f   ConEmuPluginBase.obj
 0001:00022870       ?OnConsoleDetaching@CPluginBase@@SAHPEAUHookCallbackArg@@@Z 0000000180023870 f   ConEmuPluginBase.obj
 0001:000229d0       ?OnConsoleWasAttached@CPluginBase@@SAXPEAUHookCallbackArg@@@Z 00000001800239d0 f   ConEmuPluginBase.obj
 0001:00022a50       ?OnCurDirChanged@CPluginBase@@SAXXZ 0000000180023a50 f   ConEmuPluginBase.obj
 0001:00022ae0       ?OnLibraryLoaded@CPluginBase@@SAXPEAUHINSTANCE__@@@Z 0000000180023ae0 f   ConEmuPluginBase.obj
 0001:00022b90       ?ToUnicode@CPluginBase@@SAPEA_WPEBD@Z 0000000180023b90 f   ConEmuPluginBase.obj
 0001:00022c30       ?ToOem@CPluginBase@@SAXPEB_WPEAD_J@Z 0000000180023c30 f   ConEmuPluginBase.obj
 0001:00022cb0       ?ToOem@CPluginBase@@SAPEADPEB_W@Z 0000000180023cb0 f   ConEmuPluginBase.obj
 0001:00022d20       ?ProcessDragFrom@CPluginBase@@QEAAXXZ 0000000180023d20 f   ConEmuPluginBase.obj
 0001:000235e0       ?ProcessDragTo@CPluginBase@@QEAAXXZ 00000001800245e0 f   ConEmuPluginBase.obj
 0001:00023aa0       ?IsCurrentTabModal@CPluginBase@@QEAA_NXZ 0000000180024aa0 f   ConEmuPluginBase.obj
 0001:00023ba0       ?PrintText@CPluginBase@@QEAA_NPEB_W@Z 0000000180024ba0 f   ConEmuPluginBase.obj
 0001:00023d40       ?Ptr@?$MFileMapping@UCESERVER_CONSOLE_MAPPING_HDR@@@@QEAAPEAUCESERVER_CONSOLE_MAPPING_HDR@@XZ 0000000180024d40 f i ConEmuPluginBase.obj
 0001:00023d50       ??$wcscpy_c@$0BBE@@@YAHAEAY0BBE@_WPEB_W@Z 0000000180024d50 f i ConEmuPluginBase.obj
 0001:00023d80       ??$wcscat_c@$0BBE@@@YAHAEAY0BBE@_WPEB_W@Z 0000000180024d80 f i ConEmuPluginBase.obj
 0001:00023db0       ??$wcscat_c@$0CAE@@@YAHAEAY0CAE@_WPEB_W@Z 0000000180024db0 f i ConEmuPluginBase.obj
 0001:00023de0       ?EvaluateDefaultFontWidth@@YAHHPEB_W@Z 0000000180024de0 f   EmergencyShow.obj
 0001:00023f60       ?SetUserFriendlyFont@@YAXPEAUHWND__@@HH@Z 0000000180024f60 f   EmergencyShow.obj
 0001:00024520       ?CorrectConsolePos@@YAXPEAUHWND__@@@Z 0000000180025520 f   EmergencyShow.obj
 0001:00024700       ?EmergencyShow@@YAXPEAUHWND__@@HH@Z 0000000180025700 f   EmergencyShow.obj
 0001:00024880       ?IsFileBatch@@YA_NPEB_W@Z  0000000180025880 f   Execute.obj
 0001:00024920       ?GetImageSubsystem@@YA_NPEB_WAEAK11@Z 0000000180025920 f   Execute.obj
 0001:00024d30       ?GetImageSubsystem@@YA_NAEAK0@Z 0000000180025d30 f   Execute.obj
 0001:00024e10       ?GetImageSubsystem@@YA_NU_PROCESS_INFORMATION@@AEAK1@Z 0000000180025e10 f   Execute.obj
 0001:00025110       ?GetEnclosingSectionHeader@@YAPEAU_IMAGE_SECTION_HEADER@@KPEAUIMAGE_MAPPING@@@Z 0000000180026110 f   Execute.obj
 0001:000251c0       ?GetPtrFromRVA@@YAPEAXKPEAUIMAGE_MAPPING@@@Z 00000001800261c0 f   Execute.obj
 0001:00025250       ?FindImageSubsystem@@YA_NPEB_WAEAK1PEAK@Z 0000000180026250 f   Execute.obj
 0001:000260c0       ?OnHooksUnloaded@@YAXXZ    00000001800270c0 f   HkFunc.obj
 0001:000260d0       ??0HkFunc@@QEAA@XZ         00000001800270d0 f   HkFunc.obj
 0001:000260f0       ?Init@HkFunc@@QEAA_NPEB_WPEAUHINSTANCE__@@@Z 00000001800270f0 f   HkFunc.obj
 0001:00026200       ?SetInternalMode@HkFunc@@QEAAXXZ 0000000180027200 f   HkFunc.obj
 0001:00026220       ?isConEmuHk@HkFunc@@QEAA_NXZ 0000000180027220 f   HkFunc.obj
 0001:00026250       ?HeapInitialize@@YA_NXZ    0000000180027250 f   Memory.obj
 0001:000262a0       ?HeapDeinitialize@@YAXXZ   00000001800272a0 f   Memory.obj
 0001:000262d0       ?xf_malloc@@YAPEAX_K@Z     00000001800272d0 f   Memory.obj
 0001:00026300       ?xf_calloc@@YAPEAX_K0@Z    0000000180027300 f   Memory.obj
 0001:00026340       ?xf_realloc@@YAPEAXPEAX_K@Z 0000000180027340 f   Memory.obj
 0001:00026390       ?xf_free@@YAXPEAX@Z        0000000180027390 f   Memory.obj
 0001:000263d0       ?xf_validate@@YA_NPEAX@Z   00000001800273d0 f   Memory.obj
 0001:00026420       ??2@YAPEAX_K@Z             0000000180027420 f   Memory.obj
 0001:00026450       ??_U@YAPEAX_K@Z            0000000180027450 f   Memory.obj
 0001:00026480       ??3@YAXPEAX@Z              0000000180027480 f   Memory.obj
 0001:000264a0       ??_V@YAXPEAX@Z             00000001800274a0 f   Memory.obj
 0001:000264c0       ?GetStartupMonitor@@YAPEAUHMONITOR__@@XZ 00000001800274c0 f   Monitors.obj
 0001:000265d0       ?MonitorFromParam@@YAPEAUHMONITOR__@@PEB_W@Z 00000001800275d0 f   Monitors.obj
 0001:00026820       ?FindMonitorsWorkspace@@YAHPEAUHMONITOR__@@PEAUHDC__@@PEAUtagRECT@@_J@Z 0000000180027820 f   Monitors.obj
 0001:000268d0       ?GetAllMonitorsWorkspace@@YA?AUtagRECT@@XZ 00000001800278d0 f   Monitors.obj
 0001:00026960       ?FindPrimaryMonitor@@YAHPEAUHMONITOR__@@PEAUHDC__@@PEAUtagRECT@@_J@Z 0000000180027960 f   Monitors.obj
 0001:000269f0       ?GetMonitorInfoSafe@@YA_NPEAUHMONITOR__@@AEAUtagMONITORINFO@@@Z 00000001800279f0 f   Monitors.obj
 0001:00026a60       ?GetPrimaryMonitorInfo@@YAPEAUHMONITOR__@@PEAUtagMONITORINFO@@@Z 0000000180027a60 f   Monitors.obj
 0001:00026b20       ?GetNearestMonitorInfo@@YAPEAUHMONITOR__@@PEAUtagMONITORINFO@@PEAU1@PEBUtagRECT@@PEAUHWND__@@@Z 0000000180027b20 f   Monitors.obj
 0001:00026c50       ?EnumAllMonitors@@YAHPEAUHMONITOR__@@PEAUHDC__@@PEAUtagRECT@@_J@Z 0000000180027c50 f   Monitors.obj
 0001:00026d00       ?MonitorSortCallback@@YAHAEAU_FindAllMonitorsItem@@0@Z 0000000180027d00 f   Monitors.obj
 0001:00026d80       ?GetNextMonitorInfo@@YAPEAUHMONITOR__@@PEAUtagMONITORINFO@@PEBUtagRECT@@_N@Z 0000000180027d80 f   Monitors.obj
 0001:00027010       ??0_FindAllMonitors@@QEAA@XZ 0000000180028010 f i Monitors.obj
 0001:00027030       ??1_FindAllMonitors@@QEAA@XZ 0000000180028030 f i Monitors.obj
 0001:00027050       ?FindTaskbarWindow@@YAPEAUHWND__@@PEAUtagRECT@@@Z 0000000180028050 f   Monitors.obj
 0001:000270d0       ?IsTaskbarAutoHidden@@YA_NPEAUtagRECT@@PEAI@Z 00000001800280d0 f   Monitors.obj
 0001:000271c0       ??0?$MArray@U_FindAllMonitorsItem@@@@QEAA@XZ 00000001800281c0 f i Monitors.obj
 0001:00027220       ??1?$MArray@U_FindAllMonitorsItem@@@@QEAA@XZ 0000000180028220 f i Monitors.obj
 0001:00027240       ??A?$MArray@U_FindAllMonitorsItem@@@@QEAAAEAU_FindAllMonitorsItem@@_J@Z 0000000180028240 f i Monitors.obj
 0001:00027260       ?push_back@?$MArray@U_FindAllMonitorsItem@@@@QEAA_JAEBU_FindAllMonitorsItem@@@Z 0000000180028260 f i Monitors.obj
 0001:00027330       ?size@?$MArray@U_FindAllMonitorsItem@@@@QEBA_JXZ 0000000180028330 f i Monitors.obj
 0001:00027340       ?sort@?$MArray@U_FindAllMonitorsItem@@@@QEAAXP6AHAEAU_FindAllMonitorsItem@@0@Z@Z 0000000180028340 f i Monitors.obj
 0001:00027490       ?clear@?$MArray@U_FindAllMonitorsItem@@@@QEAAXXZ 0000000180028490 f i Monitors.obj
 0001:000274e0       ?addsize@?$MArray@U_FindAllMonitorsItem@@@@QEAAX_J@Z 00000001800284e0 f i Monitors.obj
 0001:00027620       ??0MSection@@QEAA@XZ       0000000180028620 f   MSection.obj
 0001:00027710       ??1MSection@@QEAA@XZ       0000000180028710 f   MSection.obj
 0001:000277e0       ?Process_Lock@MSection@@IEAAXXZ 00000001800287e0 f   MSection.obj
 0001:00027800       ?Process_Unlock@MSection@@IEAAXXZ 0000000180028800 f   MSection.obj
 0001:00027820       ?ThreadTerminated@MSection@@QEAAXK@Z 0000000180028820 f   MSection.obj
 0001:00027890       ?AddRef@MSection@@IEAAXK@Z 0000000180028890 f   MSection.obj
 0001:000279e0       ?ReleaseRef@MSection@@IEAAHK@Z 00000001800289e0 f   MSection.obj
 0001:00027b00       ?WaitUnlocked@MSection@@IEAAXKK@Z 0000000180028b00 f   MSection.obj
 0001:00027bd0       ?MyEnterCriticalSection@MSection@@IEAA_NK@Z 0000000180028bd0 f   MSection.obj
 0001:00027da0       ?Lock@MSection@@IEAAHHK@Z  0000000180028da0 f   MSection.obj
 0001:00027f50       ?Unlock@MSection@@IEAAXH@Z 0000000180028f50 f   MSection.obj
 0001:00027fe0       ?isLockedExclusive@MSection@@QEAA_NXZ 0000000180028fe0 f   MSection.obj
 0001:00028050       ??0MSectionThread@@QEAA@PEAVMSection@@@Z 0000000180029050 f   MSection.obj
 0001:00028090       ??1MSectionThread@@QEAA@XZ 0000000180029090 f   MSection.obj
 0001:000280d0       ??0MSectionLock@@QEAA@XZ   00000001800290d0 f   MSection.obj
 0001:00028100       ??1MSectionLock@@QEAA@XZ   0000000180029100 f   MSection.obj
 0001:00028130       ?Lock@MSectionLock@@QEAAHPEAVMSection@@HK@Z 0000000180029130 f   MSection.obj
 0001:00028200       ?RelockExclusive@MSectionLock@@QEAAHK@Z 0000000180029200 f   MSection.obj
 0001:00028290       ?Unlock@MSectionLock@@QEAAXXZ 0000000180029290 f   MSection.obj
 0001:000282e0       ?isLocked@MSectionLock@@QEAAHH@Z 00000001800292e0 f   MSection.obj
 0001:00028330       ??0MSectionSimple@@QEAA@_N@Z 0000000180029330 f   MSectionSimple.obj
 0001:00028390       ??1MSectionSimple@@QEAA@XZ 0000000180029390 f   MSectionSimple.obj
 0001:000283b0       ?IsInitialized@MSectionSimple@@QEAA_NXZ 00000001800293b0 f   MSectionSimple.obj
 0001:000283f0       ?Init@MSectionSimple@@QEAAXXZ 00000001800293f0 f   MSectionSimple.obj
 0001:00028420       ?Close@MSectionSimple@@QEAAXXZ 0000000180029420 f   MSectionSimple.obj
 0001:00028450       ?Enter@MSectionSimple@@QEAAXXZ 0000000180029450 f   MSectionSimple.obj
 0001:00028470       ?Leave@MSectionSimple@@QEAAXXZ 0000000180029470 f   MSectionSimple.obj
 0001:00028490       ?TryEnter@MSectionSimple@@QEAA_NXZ 0000000180029490 f   MSectionSimple.obj
 0001:000284d0       ?RecreateAndLock@MSectionSimple@@QEAA_NXZ 00000001800294d0 f   MSectionSimple.obj
 0001:00028570       ??0MSectionLockSimple@@QEAA@XZ 0000000180029570 f   MSectionSimple.obj
 0001:00028590       ??1MSectionLockSimple@@QEAA@XZ 0000000180029590 f   MSectionSimple.obj
 0001:000285c0       ?Lock@MSectionLockSimple@@QEAAHPEAUMSectionSimple@@K@Z 00000001800295c0 f   MSectionSimple.obj
 0001:00028690       ?Unlock@MSectionLockSimple@@QEAAXXZ 0000000180029690 f   MSectionSimple.obj
 0001:000286d0       ?isLocked@MSectionLockSimple@@QEAAHXZ 00000001800296d0 f   MSectionSimple.obj
 0001:000286e0       ?NullSecurity@@YAPEAU_SECURITY_ATTRIBUTES@@XZ 00000001800296e0 f   MSecurity.obj
 0001:00028740       ??0MNullDesc@@QEAA@XZ      0000000180029740 f i MSecurity.obj
 0001:000287c0       ?NullSecurity@MNullDesc@@QEAAPEAU_SECURITY_ATTRIBUTES@@XZ 00000001800297c0 f i MSecurity.obj
 0001:00028900       ?LoadAdvApi@MNullDesc@@IEAAHXZ 0000000180029900 f i MSecurity.obj
 0001:00028bc0       ?UnloadAdvApi@MNullDesc@@IEAAXXZ 0000000180029bc0 f i MSecurity.obj
 0001:00028c00       ?LocalSecurity@@YAPEAU_SECURITY_ATTRIBUTES@@XZ 0000000180029c00 f   MSecurity.obj
 0001:00028c60       ?LocalSecurity@MNullDesc@@QEAAPEAU_SECURITY_ATTRIBUTES@@XZ 0000000180029c60 f i MSecurity.obj
 0001:00028f10       ?ShutdownSecurity@@YAXXZ   0000000180029f10 f   MSecurity.obj
 0001:00028f70       ??_GMNullDesc@@QEAAPEAXI@Z 0000000180029f70 f i MSecurity.obj
 0001:00028fb0       ??1MNullDesc@@QEAA@XZ      0000000180029fb0 f i MSecurity.obj
 0001:00029040       ??0MSetter@@QEAA@PEAJ@Z    000000018002a040 f   MSetter.obj
 0001:00029090       ??0MSetter@@QEAA@PEA_N@Z   000000018002a090 f   MSetter.obj
 0001:000290f0       ??0MSetter@@QEAA@PEAKK@Z   000000018002a0f0 f   MSetter.obj
 0001:00029150       ??1MSetter@@QEAA@XZ        000000018002a150 f   MSetter.obj
 0001:00029170       ?Unlock@MSetter@@QEAAXXZ   000000018002a170 f   MSetter.obj
 0001:00029220       ?lstrdup@@YAPEADPEBD@Z     000000018002a220 f   MStrDup.obj
 0001:000292a0       ?StringCchCopyA@@YAJPEAD_KPEBD@Z 000000018002a2a0 f i MStrDup.obj
 0001:00029430       ?lstrdup@@YAPEA_WPEB_W_K@Z 000000018002a430 f   MStrDup.obj
 0001:000295f0       ?lstrdupW@@YAPEA_WPEBDI@Z  000000018002a5f0 f   MStrDup.obj
 0001:00029690       ?lstrdupA@@YAPEADPEB_WIPEAH@Z 000000018002a690 f   MStrDup.obj
 0001:000297e0       ?lstrmerge@@YAPEA_WPEB_W00000000@Z 000000018002a7e0 f   MStrDup.obj
 0001:00029a20       ?lstrmerge@@YA_NPEAPEA_WPEB_W1111111@Z 000000018002aa20 f   MStrDup.obj
 0001:00029ae0       ?msprintf@@YAPEB_WPEA_W_KPEB_WZZ 000000018002aae0 f   MStrSafe.obj
 0001:0002a4a0       ?msprintf@@YAPEBDPEAD_KPEBDZZ 000000018002b4a0 f   MStrSafe.obj
 0001:0002abe0       ?lstrcmpni@@YAHPEBD0H@Z    000000018002bbe0 f   MStrSafe.obj
 0001:0002ad50       ?lstrcmpni@@YAHPEB_W0H@Z   000000018002bd50 f   MStrSafe.obj
 0001:0002af00       ?startswith@@YAHPEB_W0_N@Z 000000018002bf00 f   MStrSafe.obj
 0001:0002afb0       ??0CPluginBackground@@QEAA@XZ 000000018002bfb0 f   PluginBackground.obj
 0001:0002b260       ??1CPluginBackground@@QEAA@XZ 000000018002c260 f   PluginBackground.obj
 0001:0002b510       ?RegisterSubplugin@CPluginBackground@@QEAAHPEAURegisterBackgroundArg@@@Z 000000018002c510 f   PluginBackground.obj
 0001:0002ba80       ?ReallocItems@CPluginBackground@@IEAAXH@Z 000000018002ca80 f   PluginBackground.obj
 0001:0002bb20       ?OnMainThreadActivated@CPluginBackground@@QEAAXHH@Z 000000018002cb20 f   PluginBackground.obj
 0001:0002bc90       ?SetForceCheck@CPluginBackground@@QEAAXXZ 000000018002cc90 f   PluginBackground.obj
 0001:0002bcc0       ?SetForceUpdate@CPluginBackground@@QEAAX_N@Z 000000018002ccc0 f   PluginBackground.obj
 0001:0002bd00       ?SetForceThLoad@CPluginBackground@@QEAAXXZ 000000018002cd00 f   PluginBackground.obj
 0001:0002bd40       ?IsParmChanged@CPluginBackground@@IEAA_NPEAUPaintBackgroundArg@@0@Z 000000018002cd40 f   PluginBackground.obj
 0001:0002c090       ?CheckPanelFolders@CPluginBackground@@IEAAXH@Z 000000018002d090 f   PluginBackground.obj
 0001:0002c1c0       ?SetDcPanelRect@CPluginBackground@@IEAAXPEAUtagRECT@@PEAUBkPanelInfo@@PEAUPaintBackgroundArg@@@Z 000000018002d1c0 f   PluginBackground.obj
 0001:0002c360       ?UpdateBackground_Exec@CPluginBackground@@KAXPEAURegisterBackgroundArg@@PEAUPaintBackgroundArg@@@Z 000000018002d360 f   PluginBackground.obj
 0001:0002c3c0       ?UpdateBackground@CPluginBackground@@IEAAXXZ 000000018002d3c0 f   PluginBackground.obj
 0001:0002d490       ?LoadThSet@CPluginBackground@@IEAAHH@Z 000000018002e490 f   PluginBackground.obj
 0001:0002d700       ?MonitorBackground@CPluginBackground@@QEAAXXZ 000000018002e700 f   PluginBackground.obj
 0001:0002d7e0       ?GetTo@?$MFileMapping@UPanelViewSetMapping@@@@QEAA_NPEAUPanelViewSetMapping@@H@Z 000000018002e7e0 f i PluginBackground.obj
 0001:0002d840       ?InitName@?$MFileMapping@UPanelViewSetMapping@@@@QEAAPEB_WPEB_WKK@Z 000000018002e840 f i PluginBackground.obj
 0001:0002d8a0       ?CloseMap@?$MFileMapping@UPanelViewSetMapping@@@@QEAAXXZ 000000018002e8a0 f i PluginBackground.obj
 0001:0002d930       ?Open@?$MFileMapping@UPanelViewSetMapping@@@@QEAAPEAUPanelViewSetMapping@@HH@Z 000000018002e930 f i PluginBackground.obj
 0001:0002d960       ??0?$MFileMapping@UPanelViewSetMapping@@@@QEAA@XZ 000000018002e960 f i PluginBackground.obj
 0001:0002d9d0       ??1?$MFileMapping@UPanelViewSetMapping@@@@QEAA@XZ 000000018002e9d0 f i PluginBackground.obj
 0001:0002da00       ?IsValid@?$MFileMapping@UPanelViewSetMapping@@@@QEAA_NXZ 000000018002ea00 f i PluginBackground.obj
 0001:0002da30       ?ClosePtr@?$MFileMapping@UPanelViewSetMapping@@@@QEAAXXZ 000000018002ea30 f i PluginBackground.obj
 0001:0002da70       ?InternalOpenCreate@?$MFileMapping@UPanelViewSetMapping@@@@IEAAPEAUPanelViewSetMapping@@HHH@Z 000000018002ea70 f i PluginBackground.obj
 0001:0002de50       ?PlugServerInit@@YAXXZ     000000018002ee50 f   PluginSrv.obj
 0001:0002de60       ?PlugServerStart@@YA_NXZ   000000018002ee60 f   PluginSrv.obj
 0001:0002dfa0       ?PlugServerStop@@YAX_N@Z   000000018002efa0 f   PluginSrv.obj
 0001:0002e000       ?cmd_FarSetChanged@@YAXPEAUFAR_REQ_FARSETCHANGED@@@Z 000000018002f000 f   PluginSrv.obj
 0001:0002e080       ?PlugServerCommand@@YAHPEAXPEAUCESERVER_REQ@@AEAPEAU1@AEAK3_J@Z 000000018002f080 f   PluginSrv.obj
 0001:0002eab0       ?PlugServerFree@@YAXPEAUCESERVER_REQ@@_J@Z 000000018002fab0 f   PluginSrv.obj
 0001:0002ead0       ?SetOverlapped@?$PipeServer@UCESERVER_REQ@@@@QEAAX_N@Z 000000018002fad0 f i PluginSrv.obj
 0001:0002eaf0       ?SetLoopCommands@?$PipeServer@UCESERVER_REQ@@@@QEAAX_N@Z 000000018002faf0 f i PluginSrv.obj
 0001:0002eb10       ?SetDummyAnswerSize@?$PipeServer@UCESERVER_REQ@@@@QEAAXH@Z 000000018002fb10 f i PluginSrv.obj
 0001:0002eb30       ?SetMaxCount@?$PipeServer@UCESERVER_REQ@@@@QEAAXH@Z 000000018002fb30 f i PluginSrv.obj
 0001:0002eb80       ?StartPipeServer@?$PipeServer@UCESERVER_REQ@@@@QEAA_N_NPEB_W_JPEAU_SECURITY_ATTRIBUTES@@P6AHPEAXPEAUCESERVER_REQ@@AEAPEAU3@AEAK72@ZP6AX52@ZP6AH42@ZP6AH42@ZP6AH42@Z@Z 000000018002fb80 f i PluginSrv.obj
 0001:0002edf0       ?StopPipeServer@?$PipeServer@UCESERVER_REQ@@@@QEAAX_NAEA_N@Z 000000018002fdf0 f i PluginSrv.obj
 0001:0002f720       ?BreakConnection@?$PipeServer@UCESERVER_REQ@@@@QEAAXPEAX@Z 0000000180030720 f i PluginSrv.obj
 0001:0002f750       ?DumpError@?$PipeServer@UCESERVER_REQ@@@@IEAAXPEAUPipeInst@1@PEB_WH@Z 0000000180030750 f i PluginSrv.obj
 0001:0002f890       ?_Disconnect@?$PipeServer@UCESERVER_REQ@@@@IEAAXPEAUPipeInst@1@_N11@Z 0000000180030890 f i PluginSrv.obj
 0001:0002f940       ?StartPipeInstance@?$PipeServer@UCESERVER_REQ@@@@IEAA_NPEAUPipeInst@1@@Z 0000000180030940 f i PluginSrv.obj
 0001:0002fc00       ?TerminatePipeThread@?$PipeServer@UCESERVER_REQ@@@@KAXAEAPEAXAEBUPipeInst@1@AEA_N@Z 0000000180030c00 f i PluginSrv.obj
 0001:0002fcc0       ?_PipeServerThread@?$PipeServer@UCESERVER_REQ@@@@KAKPEAX@Z 0000000180030cc0 f i PluginSrv.obj
 0001:0002fd60       ?PipeServerThread@?$PipeServer@UCESERVER_REQ@@@@IEAAKPEAUPipeInst@1@@Z 0000000180030d60 f i PluginSrv.obj
 0001:000302b0       ?PipeServerRead@?$PipeServer@UCESERVER_REQ@@@@IEAAHPEAUPipeInst@1@@Z 00000001800312b0 f i PluginSrv.obj
 0001:00030720       ?PipeServerWrite@?$PipeServer@UCESERVER_REQ@@@@IEAAHPEAUPipeInst@1@PEBXKPEAKH@Z 0000000180031720 f i PluginSrv.obj
 0001:00030960       ?WaitForClient@?$PipeServer@UCESERVER_REQ@@@@IEAA_NPEAUPipeInst@1@AEAH1@Z 0000000180031960 f i PluginSrv.obj
 0001:00030f70       ?WriteDummyAnswer@?$PipeServer@UCESERVER_REQ@@@@IEAAHPEAUPipeInst@1@@Z 0000000180031f70 f i PluginSrv.obj
 0001:00031010       ?WaitOverlapped@?$PipeServer@UCESERVER_REQ@@@@IEAAHPEAUPipeInst@1@PEAK@Z 0000000180032010 f i PluginSrv.obj
 0001:00031300       ?AllocRequestBuf@PipeInst@?$PipeServer@UCESERVER_REQ@@@@QEAAPEAUCESERVER_REQ@@K@Z 0000000180032300 f i PluginSrv.obj
 0001:000313a0       ??$wcscpy_c@$0BAE@@@YAHAEAY0BAE@_WPEB_W@Z 00000001800323a0 f i PluginSrv.obj
 0001:00031500       ?SetConEmuEnvHWND@@YAXPEB_WPEAUHWND__@@@Z 0000000180032500 f   SetEnvVar.obj
 0001:00031560       ?SetConEmuEnvVar@@YAXPEAUHWND__@@@Z 0000000180032560 f   SetEnvVar.obj
 0001:000315e0       ?SetConEmuEnvVarChild@@YAXPEAUHWND__@@0@Z 00000001800325e0 f   SetEnvVar.obj
 0001:00031620       ?SetConEmuWorkEnvVar@@YAXPEAUHINSTANCE__@@@Z 0000000180032620 f   SetEnvVar.obj
 0001:000317f0       ??0CEnvStrings@@QEAA@PEA_W@Z 00000001800327f0 f   SetEnvVar.obj
 0001:000318b0       ??1CEnvStrings@@QEAA@XZ    00000001800328b0 f   SetEnvVar.obj
 0001:000318f0       ?SetConsoleInfo@@YAHPEAUHWND__@@PEAU_CONSOLE_INFO@@@Z 00000001800328f0 f   WConsole.obj
 0001:00031be0       ?CreateConsoleSection@ConsoleSectionHelper@@QEAAPEAXXZ 0000000180032be0 f i WConsole.obj
 0001:00031c40       ?GetConsoleSizeInfo@@YAXPEAU_CONSOLE_INFO@@@Z 0000000180032c40 f   WConsole.obj
 0001:00031d10       ?apiGetConsoleScreenBufferInfoEx@@YAHPEAXPEAUMY_CONSOLE_SCREEN_BUFFER_INFOEX@@@Z 0000000180032d10 f   WConsole.obj
 0001:00031d90       ?apiSetConsoleScreenBufferInfoEx@@YAHPEAXPEAUMY_CONSOLE_SCREEN_BUFFER_INFOEX@@@Z 0000000180032d90 f   WConsole.obj
 0001:00031e30       ?apiGetCurrentConsoleFontEx@@YAHPEAXHPEAUMY_CONSOLE_FONT_INFOEX@@@Z 0000000180032e30 f   WConsole.obj
 0001:00031ec0       ?apiSetCurrentConsoleFontEx@@YAHPEAXHPEAUMY_CONSOLE_FONT_INFOEX@@@Z 0000000180032ec0 f   WConsole.obj
 0001:00031f50       ?apiInitConsoleFontSize@@YAHPEAX@Z 0000000180032f50 f   WConsole.obj
 0001:00031ff0       ?apiGetConsoleFontSize@@YAHPEAXAEAH1AEAY0CA@_W@Z 0000000180032ff0 f   WConsole.obj
 0001:000320c0       ?apiSetConsoleFontSize@@YAHPEAXHHPEB_W@Z 00000001800330c0 f   WConsole.obj
 0001:00032230       ?apiFixFontSizeForBufferSize@@YAHPEAXU_COORD@@PEADH@Z 0000000180033230 f   WConsole.obj
 0001:00032910       ?SetConsoleFontSizeTo@@YAXPEAUHWND__@@HHPEB_WGG@Z 0000000180033910 f   WConsole.obj
 0001:00032ef0       ?CreateConsoleData@ConsoleSectionHelper@@QEAAPEAU_CONSOLE_INFO@@XZ 0000000180033ef0 f i WConsole.obj
 0001:00032f50       ?apiPauseConsoleOutput@@YAHPEAUHWND__@@_N@Z 0000000180033f50 f   WConsole.obj
 0001:000330b0       ?apiGetConsoleSelectionInfo@@YAHPEAU_CONSOLE_SELECTION_INFO@@@Z 00000001800340b0 f   WConsole.obj
 0001:000331d0       ?MyGetLargestConsoleWindowSize@@YA?AU_COORD@@PEAX@Z 00000001800341d0 f   WConsole.obj
 0001:00033260       ??0MSetConTextAttr@@QEAA@PEAXG@Z 0000000180034260 f   WConsole.obj
 0001:000332e0       ??1MSetConTextAttr@@QEAA@XZ 00000001800342e0 f   WConsole.obj
 0001:00033320       ??0ConsoleSectionHelper@@QEAA@XZ 0000000180034320 f i WConsole.obj
 0001:00033350       ??1ConsoleSectionHelper@@QEAA@XZ 0000000180034350 f i WConsole.obj
 0001:000333b0       ?SearchAppPaths@@YA_NPEB_WAEAUCEStr@@_NPEAU1@@Z 00000001800343b0 f   WFiles.obj
 0001:00033aa0       ?GetFullPathNameEx@@YAPEA_WPEB_W@Z 0000000180034aa0 f   WFiles.obj
 0001:00033bb0       ?FindFileName@@YA_NPEB_WAEAUCEStr@@@Z 0000000180034bb0 f   WFiles.obj
 0001:00033e00       ?MakePathProperCase@@YA_NAEAUCEStr@@@Z 0000000180034e00 f   WFiles.obj
 0001:00034130       ?ReadTextFile@@YAHPEB_WKAEAPEA_WAEAK2K@Z 0000000180035130 f   WFiles.obj
 0001:00034760       ?WriteTextFile@@YAHPEB_W0HK_NPEAK@Z 0000000180035760 f   WFiles.obj
 0001:00034b20       ?FilesExists@@YA_NPEB_W0_NH@Z 0000000180035b20 f   WFiles.obj
 0001:00034d40       ?IsDotsName@@YA_NPEB_W@Z   0000000180035d40 f   WFiles.obj
 0001:00034da0       ?FileExistSubDir@@YA_NPEB_W0HAEAUCEStr@@@Z 0000000180035da0 f   WFiles.obj
 0001:00034fe0       ?DirectoryExists@@YA_NPEB_W@Z 0000000180035fe0 f   WFiles.obj
 0001:00035180       ?MyCreateDirectory@@YA_NPEA_W@Z 0000000180036180 f   WFiles.obj
 0001:000352d0       ?FileCompare@@YA_NPEB_W0@Z 00000001800362d0 f   WFiles.obj
 0001:000355c0       ?apiCancelSynchronousIo@@YAHPEAX@Z 00000001800365c0 f   WFiles.obj
 0001:00035680       ?HasZoneIdentifier@@YA_NPEB_WAEAH@Z 0000000180036680 f   WFiles.obj
 0001:000357d0       ?DropZoneIdentifier@@YA_NPEB_WAEAK@Z 00000001800367d0 f   WFiles.obj
 0001:00035900       ?IsModuleValid@@YA_NPEAUHINSTANCE__@@H@Z 0000000180036900 f   WModuleCheck.obj
 0001:00035aa0       ?CheckCallbackPtr@@YA_NPEAUHINSTANCE__@@_KPEAP6A_JXZHHH@Z 0000000180036aa0 f   WModuleCheck.obj
 0001:00035c90       ?getWindowInfo@@YAXPEAUHWND__@@AEAY0EAA@_W_NPEAK@Z 0000000180036c90 f   WObjects.obj
 0001:00035ea0       ?FileExists@@YA_NPEB_WPEAK@Z 0000000180036ea0 f   WObjects.obj
 0001:000360c0       ?apiSearchPath@@YAHPEB_W00AEAUCEStr@@@Z 00000001800370c0 f   WObjects.obj
 0001:00036280       ?apiGetFullPathName@@YAHPEB_WAEAUCEStr@@@Z 0000000180037280 f   WObjects.obj
 0001:00036400       ?FileSearchInDir@@YA_NPEB_WAEAUCEStr@@@Z 0000000180037400 f   WObjects.obj
 0001:00036620       ?FileExistsSearch@@YA_NPEB_WAEAUCEStr@@_N2@Z 0000000180037620 f   WObjects.obj
 0001:00036760       ?GetShortFileName@@YA_NPEB_WHPEA_WH@Z 0000000180037760 f   WObjects.obj
 0001:000369e0       ?GetShortFileNameEx@@YAPEA_WPEB_WH@Z 00000001800379e0 f   WObjects.obj
 0001:00036f20       ?GetModulePathName@@YAKPEAUHINSTANCE__@@AEAUCEStr@@@Z 0000000180037f20 f   WObjects.obj
 0001:00036ff0       ?IsWine@@YA_NXZ            0000000180037ff0 f   WObjects.obj
 0001:00037180       ?IsWinPE@@YA_NXZ           0000000180038180 f   WObjects.obj
 0001:00037230       ?GetOsVersionInformational@@YA_NPEAU_OSVERSIONINFOW@@@Z 0000000180038230 f   WObjects.obj
 0001:00037270       ?IsWinVerOrHigher@@YA_NG@Z 0000000180038270 f   WObjects.obj
 0001:00037340       ?IsWinVerEqual@@YA_NG@Z    0000000180038340 f   WObjects.obj
 0001:00037410       ?IsWin2kEql@@YA_NXZ        0000000180038410 f   WObjects.obj
 0001:00037470       ?IsWin5family@@YA_NXZ      0000000180038470 f   WObjects.obj
 0001:00037530       ?IsWinXPSP1@@YA_NXZ        0000000180038530 f   WObjects.obj
 0001:00037620       ?IsWin6@@YA_NXZ            0000000180038620 f   WObjects.obj
 0001:00037680       ?IsWin7@@YA_NXZ            0000000180038680 f   WObjects.obj
 0001:000376e0       ?IsWin8@@YA_NXZ            00000001800386e0 f   WObjects.obj
 0001:00037740       ?IsWin8_1@@YA_NXZ          0000000180038740 f   WObjects.obj
 0001:000377a0       ?IsWin10@@YA_NXZ           00000001800387a0 f   WObjects.obj
 0001:00037880       ?IsDbcs@@YA_NXZ            0000000180038880 f   WObjects.obj
 0001:000378c0       ?IsWindows64@@YA_NXZ       00000001800388c0 f   WObjects.obj
 0001:000378f0       ?IsHwFullScreenAvailable@@YA_NXZ 00000001800388f0 f   WObjects.obj
 0001:00037980       ?IsVsNetHostExe@@YA_NPEB_W@Z 0000000180038980 f   WObjects.obj
 0001:00037a20       ?IsGDB@@YA_NPEB_W@Z        0000000180038a20 f   WObjects.obj
 0001:00037a90       ?GetProcessBits@@YAHKPEAX@Z 0000000180038a90 f   WObjects.obj
 0001:00037be0       ?GetProcessInfo@@YA_NKPEAUtagPROCESSENTRY32W@@@Z 0000000180038be0 f   WObjects.obj
 0001:00037cd0       ?isTerminalMode@@YA_NXZ    0000000180038cd0 f   WObjects.obj
 0001:00038020       ?ExpandMacroValues@@YAPEA_WPEB_WPEAPEB_W_K@Z 0000000180039020 f   WObjects.obj
 0001:00038270       ?ExpandEnvStr@@YAPEA_WPEB_W@Z 0000000180039270 f   WObjects.obj
 0001:00038380       ?GetEnvVar@@YAPEA_WPEB_W@Z 0000000180039380 f   WObjects.obj
 0001:00038470       ?GetComspecFromEnvVar@@YAPEB_WPEA_WKW4ComSpecBits@@@Z 0000000180039470 f   WObjects.obj
 0001:000387d0       ?GetComspec@@YAPEA_WPEBUConEmuComspec@@@Z 00000001800397d0 f   WObjects.obj
 0001:00038a90       ?IsExportEnvVarAllowed@@YA_NPEB_W@Z 0000000180039a90 f   WObjects.obj
 0001:00038b10       ?ApplyExportEnvVar@@YAXPEB_W@Z 0000000180039b10 f   WObjects.obj
 0001:00038bd0       ?CoordInSmallRect@@YA_NAEBU_COORD@@AEBU_SMALL_RECT@@@Z 0000000180039bd0 f   WObjects.obj
 0001:00038c50       ?GetCpFromString@@YAIPEB_WPEAPEB_W@Z 0000000180039c50 f   WObjects.obj
 0001:00038eb0       ??$wcscpy_c@$0EAA@@@YAHAEAY0EAA@_WPEB_W@Z 0000000180039eb0 f i WObjects.obj
 0001:00038ee0       ??$wcscpy_c@$0BAA@@@YAHAEAY0BAA@_WPEB_W@Z 0000000180039ee0 f i WObjects.obj
 0001:00038f10       ?apiThreadHelper@@YAKPEAX@Z 0000000180039f10 f   WThreads.obj
 0001:00039100       ?apiCreateThread@@YAPEAXP6AKPEAX@Z0PEAKPEBDH@Z 000000018003a100 f   WThreads.obj
 0001:00039300       ??0ConEmuThreadStartArg@@QEAA@P6AKPEAX@Z0K@Z 000000018003a300 f i WThreads.obj
 0001:00039360       ?apiTerminateThreadEx@@YAHPEAXKPEBDH@Z 000000018003a360 f   WThreads.obj
 0001:000394f0       ?SetThreadName@@YAXKPEAD@Z 000000018003a4f0 f   WThreads.obj
 0001:00039550       ?apiSetForegroundWindow@@YA_NPEAUHWND__@@@Z 000000018003a550 f   WUser.obj
 0001:00039590       ?apiShowWindow@@YA_NPEAUHWND__@@H@Z 000000018003a590 f   WUser.obj
 0001:000395d0       ?apiShowWindowAsync@@YA_NPEAUHWND__@@H@Z 000000018003a5d0 f   WUser.obj
 0001:00039610       ?IsUserAdmin@@YA_NXZ       000000018003a610 f   WUser.obj
 0001:00039770       ?GetLogonSID@@YA_NPEAXPEAPEA_W@Z 000000018003a770 f   WUser.obj
 0001:000398d0       ?DuplicateProcessHandle@@YAPEAXK@Z 000000018003a8d0 f   WUser.obj
 0001:00039960       ?FindComspec@@YAXPEAUConEmuComspec@@_N@Z 000000018003a960 f   WUser.obj
 0001:0003a550       ?UpdateComspec@@YAXPEAUConEmuComspec@@_N@Z 000000018003b550 f   WUser.obj
 0001:0003aa00       ?SetEnvVarExpanded@@YAXPEB_W0@Z 000000018003ba00 f   WUser.obj
 0001:0003ac4c       lstrlenW                   000000018003bc4c f   kernel32:KERNEL32.dll
 0001:0003ac52       SetEnvironmentVariableW    000000018003bc52 f   kernel32:KERNEL32.dll
 0001:0003ac58       lstrcpynW                  000000018003bc58 f   kernel32:KERNEL32.dll
 0001:0003ac5e       lstrcmpiW                  000000018003bc5e f   kernel32:KERNEL32.dll
 0001:0003ac64       lstrcmpW                   000000018003bc64 f   kernel32:KERNEL32.dll
 0001:0003ac6a       GetCurrentDirectoryW       000000018003bc6a f   kernel32:KERNEL32.dll
 0001:0003ac70       GetProcAddress             000000018003bc70 f   kernel32:KERNEL32.dll
 0001:0003ac76       GetModuleHandleW           000000018003bc76 f   kernel32:KERNEL32.dll
 0001:0003ac7c       GetModuleFileNameW         000000018003bc7c f   kernel32:KERNEL32.dll
 0001:0003ac82       SetNamedPipeHandleState    000000018003bc82 f   kernel32:KERNEL32.dll
 0001:0003ac88       GetCurrentProcessId        000000018003bc88 f   kernel32:KERNEL32.dll
 0001:0003ac8e       Sleep                      000000018003bc8e f   kernel32:KERNEL32.dll
 0001:0003ac94       SetLastError               000000018003bc94 f   kernel32:KERNEL32.dll
 0001:0003ac9a       WaitNamedPipeW             000000018003bc9a f   kernel32:KERNEL32.dll
 0001:0003aca0       WaitForSingleObject        000000018003bca0 f   kernel32:KERNEL32.dll
 0001:0003aca6       GetLastError               000000018003bca6 f   kernel32:KERNEL32.dll
 0001:0003acac       CreateFileW                000000018003bcac f   kernel32:KERNEL32.dll
 0001:0003acb2       GetTickCount               000000018003bcb2 f   kernel32:KERNEL32.dll
 0001:0003acb8       IsDebuggerPresent          000000018003bcb8 f   kernel32:KERNEL32.dll
 0001:0003acbe       GetCurrentThreadId         000000018003bcbe f   kernel32:KERNEL32.dll
 0001:0003acc4       ReadFile                   000000018003bcc4 f   kernel32:KERNEL32.dll
 0001:0003acca       CloseHandle                000000018003bcca f   kernel32:KERNEL32.dll
 0001:0003acd0       TransactNamedPipe          000000018003bcd0 f   kernel32:KERNEL32.dll
 0001:0003acd6       WriteFile                  000000018003bcd6 f   kernel32:KERNEL32.dll
 0001:0003acdc       GetConsoleWindow           000000018003bcdc f   kernel32:KERNEL32.dll
 0001:0003ace2       UnmapViewOfFile            000000018003bce2 f   kernel32:KERNEL32.dll
 0001:0003ace8       MapViewOfFile              000000018003bce8 f   kernel32:KERNEL32.dll
 0001:0003acee       OpenFileMappingW           000000018003bcee f   kernel32:KERNEL32.dll
 0001:0003acf4       LoadLibraryW               000000018003bcf4 f   kernel32:KERNEL32.dll
 0001:0003acfa       CreateFileMappingW         000000018003bcfa f   kernel32:KERNEL32.dll
 0001:0003ad00       VirtualProtect             000000018003bd00 f   kernel32:KERNEL32.dll
 0001:0003ad06       lstrcpyW                   000000018003bd06 f   kernel32:KERNEL32.dll
 0001:0003ad0c       MultiByteToWideChar        000000018003bd0c f   kernel32:KERNEL32.dll
 0001:0003ad12       lstrcpynA                  000000018003bd12 f   kernel32:KERNEL32.dll
 0001:0003ad18       lstrlenA                   000000018003bd18 f   kernel32:KERNEL32.dll
 0001:0003ad1e       WideCharToMultiByte        000000018003bd1e f   kernel32:KERNEL32.dll
 0001:0003ad24       lstrcpyA                   000000018003bd24 f   kernel32:KERNEL32.dll
 0001:0003ad2a       Module32NextW              000000018003bd2a f   kernel32:KERNEL32.dll
 0001:0003ad30       Module32FirstW             000000018003bd30 f   kernel32:KERNEL32.dll
 0001:0003ad36       CreateToolhelp32Snapshot   000000018003bd36 f   kernel32:KERNEL32.dll
 0001:0003ad3c       GetConsoleCursorInfo       000000018003bd3c f   kernel32:KERNEL32.dll
 0001:0003ad42       GetConsoleScreenBufferInfo 000000018003bd42 f   kernel32:KERNEL32.dll
 0001:0003ad48       GetStdHandle               000000018003bd48 f   kernel32:KERNEL32.dll
 0001:0003ad4e       GetConsoleTitleW           000000018003bd4e f   kernel32:KERNEL32.dll
 0001:0003ad54       DeleteFileW                000000018003bd54 f   kernel32:KERNEL32.dll
 0001:0003ad5a       Thread32Next               000000018003bd5a f   kernel32:KERNEL32.dll
 0001:0003ad60       Thread32First              000000018003bd60 f   kernel32:KERNEL32.dll
 0001:0003ad66       GetConsoleMode             000000018003bd66 f   kernel32:KERNEL32.dll
 0001:0003ad6c       GetExitCodeProcess         000000018003bd6c f   kernel32:KERNEL32.dll
 0001:0003ad72       CreateProcessW             000000018003bd72 f   kernel32:KERNEL32.dll
 0001:0003ad78       SetConsoleMode             000000018003bd78 f   kernel32:KERNEL32.dll
[...]
 0003:00003148       ?ghConsoleWrite@@3PEAXEA   000000018005b148     ConEmuPluginBase.obj
 0003:00003150       ?gbSynchroProhibited@@3_NA 000000018005b150     ConEmuPluginBase.obj
 0003:00003151       ?gbInputSynchroPending@@3_NA 000000018005b151     ConEmuPluginBase.obj
 0003:00003168       ?hkFunc@@3UHkFunc@@A       000000018005b168     HkFunc.obj
 0003:00003170       ?AssertMsgBox@@3P6AHPEB_WI0PEAUHWND__@@_N@ZEA 000000018005b170     MAssert.obj
 0003:00003178       ?gfnHooksUnlockerProc@@3P6A_N_N@ZEA 000000018005b178     MAssert.obj
 0003:00003180       ?ghHeap@@3PEAXEA           000000018005b180     Memory.obj
 0003:00003188       ?gNullDesc@@3PEAVMNullDesc@@EA 000000018005b188     MSecurity.obj
 0003:00003190       ?gbNeedBgActivate@@3HA     000000018005b190     PluginBackground.obj
 0003:00003194       ?gbBgPluginsAllowed@@3HA   000000018005b194     PluginBackground.obj
 0003:00003198       ?gpBgPlugin@@3PEAVCPluginBackground@@EA 000000018005b198     PluginBackground.obj
 0003:000031a0       ?gszPluginServerPipe@@3PA_WA 000000018005b1a0     PluginSrv.obj
 0003:000033a8       ?gpPlugServer@@3PEAU?$PipeServer@UCESERVER_REQ@@@@EA 000000018005b3a8     PluginSrv.obj
 0003:000033b0       ?ghServerTerminateEvent@@3PEAXEA 000000018005b3b0     PluginSrv.obj
 0003:000033b8       ?gbForcedServerTermination@@3_NA 000000018005b3b8     PluginSrv.obj
 0003:000033c0       ?g_LastSetConsoleFont@@3UMY_CONSOLE_FONT_INFOEX@@A 000000018005b3c0     WConsole.obj
 0003:00003418       ?gsMapHelper@@3UConsoleSectionHelper@@A 000000018005b418     WConsole.obj
 0003:000034c0       ?gfnSearchAppPaths@@3P6A_NPEB_WAEAUCEStr@@_NPEAU1@@ZEA 000000018005b4c0     WObjects.obj
 0003:0000bd10       ?g_ThreadsIdx@@3JA         0000000180063d10     WThreads.obj
 0003:0000bd1c       __error_mode               0000000180063d1c     LIBCMT:dllcrt0.obj
 0003:0000bd20       _aenvptr                   0000000180063d20     LIBCMT:dllcrt0.obj
 0003:0000bd28       _wenvptr                   0000000180063d28     LIBCMT:dllcrt0.obj
 0003:0000bd30       __app_type                 0000000180063d30     LIBCMT:dllcrt0.obj
 0003:0000c060       __pPurecall                0000000180064060     LIBCMT:inithelp.obj
 0003:0000c070       __mbulinfo                 0000000180064070     LIBCMT:mbctype.obj
 0003:0000c07c       __mbcodepage               000000018006407c     LIBCMT:mbctype.obj
 0003:0000c080       __ismbcodepage             0000000180064080     LIBCMT:mbctype.obj
 0003:0000c084       __mblcid                   0000000180064084     LIBCMT:mbctype.obj
 0003:0000c088       __locale_changed           0000000180064088     LIBCMT:setlocal.obj
 0003:0000c090       __lc_handle                0000000180064090     LIBCMT:nlsdata2.obj
 0003:0000c0a8       __lc_codepage              00000001800640a8     LIBCMT:nlsdata2.obj
 0003:0000c0ac       __lc_collate_cp            00000001800640ac     LIBCMT:nlsdata2.obj
 0003:0000c0b0       __pInvalidArgHandler       00000001800640b0     LIBCMT:invarg.obj
 0003:0000c0b8       _maxwait                   00000001800640b8     LIBCMT:crtheap.obj
 0003:0000c0c0       _umaskval                  00000001800640c0     LIBCMT:crt0dat.obj
 0003:0000c0c4       __argc                     00000001800640c4     LIBCMT:crt0dat.obj
 0003:0000c0c8       __argv                     00000001800640c8     LIBCMT:crt0dat.obj
 0003:0000c0d0       __wargv                    00000001800640d0     LIBCMT:crt0dat.obj
 0003:0000c0d8       _environ                   00000001800640d8     LIBCMT:crt0dat.obj
 0003:0000c0e0       __initenv                  00000001800640e0     LIBCMT:crt0dat.obj
 0003:0000c0e8       _wenviron                  00000001800640e8     LIBCMT:crt0dat.obj
 0003:0000c0f0       __winitenv                 00000001800640f0     LIBCMT:crt0dat.obj
 0003:0000c0f8       _pgmptr                    00000001800640f8     LIBCMT:crt0dat.obj
 0003:0000c100       _wpgmptr                   0000000180064100     LIBCMT:crt0dat.obj
 0003:0000c108       _exitflag                  0000000180064108     LIBCMT:crt0dat.obj
 0003:0000c10c       _C_Termination_Done        000000018006410c     LIBCMT:crt0dat.obj
 0003:0000c110       _C_Exit_Done               0000000180064110     LIBCMT:crt0dat.obj
 0003:0000c230       _crtheap                   0000000180064230     LIBCMT:heapinit.obj
 0003:0000c4cc       __lconv_static_null        00000001800644cc     LIBCMT:lconv.obj
 0003:0000c4d0       ?__pInconsistency@@3P6AXXZEA 00000001800644d0     LIBCMT:hooks.obj
 0003:0000c4e8       ?_pnhHeap@@3P6AH_K@ZEA     00000001800644e8     LIBCMT:handler.obj
 0003:0000cb1c       _newmode                   0000000180064b1c     LIBCMT:_newmode.obj
 0003:0000cb24       _debugger_hook_dummy       0000000180064b24     <common>
 0003:0000cb28       _nhandle                   0000000180064b28     <common>
 0003:0000cb40       __pioinfo                  0000000180064b40     <common>
 0003:0000cd40       __env_initialized          0000000180064d40     <common>
 0003:0000cd48       __onexitend                0000000180064d48     <common>
 0003:0000cd50       __onexitbegin              0000000180064d50     <common>
 0003:0000cd58       __mbctype_initialized      0000000180064d58     <common>
 0003:0000cd60       _FPinit                    0000000180064d60     <common>
 0003:0000cd68       __dyn_tls_init_callback    0000000180064d68     <common>
 0003:0000cd70       __setlc_active             0000000180064d70     <common>
 0003:0000cd74       __unguarded_readlc_active  0000000180064d74     <common>
 0003:0000cd78       _acmdln                    0000000180064d78     <common>
 0003:0000cd80       _pDestructExceptionObject  0000000180064d80     <common>

 entry point at        0001:0003c2ec

 Static symbols

 0001:00000810       ?StringValidateDestW@@YAJPEB_W_K_K@Z 0000000180001810 f   CEStr.obj
 0001:00000850       ?StringCopyWorkerW@@YAJPEA_W_KPEA_KPEB_W1@Z 0000000180001850 f   CEStr.obj
 0001:00005840       ?StringValidateDestW@@YAJPEB_W_K_K@Z 0000000180006840 f   ConEmuCheck.obj
 0001:00005880       ?StringCopyWorkerW@@YAJPEA_W_KPEA_KPEB_W1@Z 0000000180006880 f   ConEmuCheck.obj
 0001:00007a90       ?StringValidateDestW@@YAJPEB_W_K_K@Z 0000000180008a90 f   ConEmuCheckEx.obj
 0001:00007ad0       ?StringCopyWorkerW@@YAJPEA_W_KPEA_KPEB_W1@Z 0000000180008ad0 f   ConEmuCheckEx.obj
 0001:00007ce0       ?StringValidateDestAndLengthW@@YAJPEB_W_KPEA_K_K@Z 0000000180008ce0 f   ConEmuCheckEx.obj
 0001:00007d50       ?StringLengthWorkerW@@YAJPEB_W_KPEA_K@Z 0000000180008d50 f   ConEmuCheckEx.obj
 0001:000085b0       ?StringValidateDestW@@YAJPEB_W_K_K@Z 00000001800095b0 f   ConEmuInjects.obj
 0001:000085f0       ?StringCopyWorkerW@@YAJPEA_W_KPEA_KPEB_W1@Z 00000001800095f0 f   ConEmuInjects.obj
 0001:00009390       ?ChangeExports@@YA_NPEBUExportFunc@@PEAUHINSTANCE__@@@Z 000000018000a390 f   ConEmuPlugin.obj
 0001:0000d140       ?GetFarSetting@@YAHPEAX_KPEB_W@Z 000000018000e140 f   ConEmuPlugin1900.obj
 0001:0000d4b0       ?CallGuiMacroProc@@YAXXZ   000000018000e4b0 f   ConEmuPlugin1900.obj
 0001:0000d900       ?CallGuiMacroDlg@@YA_JPEAXHH0@Z 000000018000e900 f   ConEmuPlugin1900.obj
 0001:0000e000       ?MAKEFARVERSION@@YA?AUVersionInfo@@KKKKW4VERSION_STAGE@@@Z 000000018000f000 f   ConEmuPlugin2800.obj
 0001:0000fc10       ?WExists@@YA_JAEBUWindowInfo@@AEBV?$MArray@UWindowInfo@@@@@Z 0000000180010c10 f   ConEmuPlugin2800.obj
 0001:0000fcb0       ?WLoadWindows@@YA_JAEAV?$MArray@UWindowInfo@@@@H@Z 0000000180010cb0 f   ConEmuPlugin2800.obj
 0001:00011390       ?GetFarSetting@@YAHPEAX_KPEB_W@Z 0000000180012390 f   ConEmuPlugin2800.obj
 0001:00011720       ?CallGuiMacroProc@@YAXXZ   0000000180012720 f   ConEmuPlugin2800.obj
 0001:00011b60       ?CallGuiMacroDlg@@YA_JPEAX_J10@Z 0000000180012b60 f   ConEmuPlugin2800.obj
 0001:00012180       ?FreeMacroResult@@YAXPEAXPEAUFarMacroValue@@_K@Z 0000000180013180 f   ConEmuPlugin2800.obj
 0001:00014e30       ?CallGuiMacroProc@@YAXXZ   0000000180015e30 f   ConEmuPlugin995.obj
 0001:00015230       ?CallGuiMacroDlg@@YA_JPEAXHH_J@Z 0000000180016230 f   ConEmuPlugin995.obj
 0001:00017860       ?CallGuiMacroProc@@YAXXZ   0000000180018860 f   ConEmuPluginA.obj
 0001:00017c80       ?CallGuiMacroDlg@@YA_JPEAXHH_J@Z 0000000180018c80 f   ConEmuPluginA.obj
 0001:00018c50       ?LoadFarVersion@@YA_NAEAUFarVersion@@AEAY0CAA@_W@Z 0000000180019c50 f   ConEmuPluginBase.obj
 0001:00018cf0       ?SetDefaultFarVersion@@YAXAEAUFarVersion@@@Z 0000000180019cf0 f   ConEmuPluginBase.obj
 0001:00018d50       ?LoadFarVersion@@YA_NPEB_WAEAUFarVersion@@AEAY0CAA@_W@Z 0000000180019d50 f   ConEmuPluginBase.obj
 0001:00018dc0       ?LoadAppVersion@@YA_NPEB_WAEAUtagVS_FIXEDFILEINFO@@AEAY0CAA@_W@Z 0000000180019dc0 f   ConEmuPluginBase.obj
 0001:00018e00       ?LoadModuleVersion@@YA_NPEB_WAEAUtagVS_FIXEDFILEINFO@@PEA_W_K@Z 0000000180019e00 f   ConEmuPluginBase.obj
 0001:000190e0       ?StringValidateDestW@@YAJPEB_W_K_K@Z 000000018001a0e0 f   ConEmuPluginBase.obj
 0001:00019120       ?StringValidateDestAndLengthW@@YAJPEB_W_KPEA_K_K@Z 000000018001a120 f   ConEmuPluginBase.obj
 0001:00019190       ?StringLengthWorkerW@@YAJPEB_W_KPEA_K@Z 000000018001a190 f   ConEmuPluginBase.obj
 0001:00019230       ?StringCopyWorkerW@@YAJPEA_W_KPEA_KPEB_W1@Z 000000018001a230 f   ConEmuPluginBase.obj
 0001:00019320       ?ConvertVersionToFarVersion@@YAXAEBUtagVS_FIXEDFILEINFO@@AEAUFarVersion@@@Z 000000018001a320 f   ConEmuPluginBase.obj
 0001:00025f90       ?StringValidateDestW@@YAJPEB_W_K_K@Z 0000000180026f90 f   Execute.obj
 0001:00025fd0       ?StringCopyWorkerW@@YAJPEA_W_KPEA_KPEB_W1@Z 0000000180026fd0 f   Execute.obj
 0001:00026750       ?FindMonitor@impl@?L@??MonitorFromParam@@YAPEAUHMONITOR__@@PEB_W@Z@SAHPEAU3@PEAUHDC__@@PEAUtagRECT@@_J@Z 0000000180027750 f   Monitors.obj
 0001:00029300       ?StringValidateDestA@@YAJPEBD_K_K@Z 000000018002a300 f   MStrDup.obj
 0001:00029340       ?StringCopyWorkerA@@YAJPEAD_KPEA_KPEBD1@Z 000000018002a340 f   MStrDup.obj
 0001:000294c0       ?StringValidateDestW@@YAJPEB_W_K_K@Z 000000018002a4c0 f   MStrDup.obj
 0001:00029500       ?StringCopyWorkerW@@YAJPEA_W_KPEA_KPEB_W1@Z 000000018002a500 f   MStrDup.obj
 0001:0002dd20       ?StringValidateDestW@@YAJPEB_W_K_K@Z 000000018002ed20 f   PluginBackground.obj
 0001:0002dd60       ?StringCopyWorkerW@@YAJPEA_W_KPEA_KPEB_W1@Z 000000018002ed60 f   PluginBackground.obj
 0001:000313d0       ?StringValidateDestW@@YAJPEB_W_K_K@Z 00000001800323d0 f   PluginSrv.obj
 0001:00031410       ?StringCopyWorkerW@@YAJPEA_W_KPEA_KPEB_W1@Z 0000000180032410 f   PluginSrv.obj
 0001:000368b0       ?StringValidateDestW@@YAJPEB_W_K_K@Z 00000001800378b0 f   WObjects.obj
 0001:000368f0       ?StringCopyWorkerW@@YAJPEA_W_KPEA_KPEB_W1@Z 00000001800378f0 f   WObjects.obj
 0001:000370a0       ?CheckRegKeyExist@@YA_NPEAURegKeyExistArg@@@Z 00000001800380a0 f   WObjects.obj
 0001:000386c0       ?StringValidateDestAndLengthW@@YAJPEB_W_KPEA_K_K@Z 00000001800396c0 f   WObjects.obj
 0001:00038730       ?StringLengthWorkerW@@YAJPEB_W_KPEA_K@Z 0000000180039730 f   WObjects.obj
 0001:0003ab20       ?StringValidateDestW@@YAJPEB_W_K_K@Z 000000018003bb20 f   WUser.obj
 0001:0003ab60       ?StringCopyWorkerW@@YAJPEA_W_KPEA_KPEB_W1@Z 000000018003bb60 f   WUser.obj
 0001:0003b8cc       ?wcstoxl@@YAKPEAUlocaleinfo_struct@@PEB_WPEAPEB_WHH@Z 000000018003c8cc f   LIBCMT:wcstol.obj
 0001:0003bbc4       _onexit_nolock             000000018003cbc4 f   LIBCMT:onexit.obj
 0001:0003c1d4       __DllMainCRTStartup        000000018003d1d4 f   LIBCMT:dllcrt0.obj
 0001:0003cc58       ?CPtoLCID@@YAHH@Z          000000018003dc58 f   LIBCMT:mbctype.obj
 0001:0003cc8c       ?setSBCS@@YAXPEAUthreadmbcinfostruct@@@Z 000000018003dc8c f   LIBCMT:mbctype.obj
 0001:0003cd20       ?setSBUpLow@@YAXPEAUthreadmbcinfostruct@@@Z 000000018003dd20 f   LIBCMT:mbctype.obj
 0001:0003cfc0       ?getSystemCP@@YAHH@Z       000000018003dfc0 f   LIBCMT:mbctype.obj
 0001:0003d804       _copytlocinfo_nolock       000000018003e804 f   LIBCMT:setlocal.obj
 0001:0003d838       _updatetlocinfoEx_nolock   000000018003e838 f   LIBCMT:setlocal.obj
 0001:0003d984       sync_legacy_variables_lk   000000018003e984 f   LIBCMT:setlocal.obj
 0001:0003dda0       _setlocale_get_all         000000018003eda0 f   LIBCMT:setlocal.obj
 0001:0003e1c8       _setlocale_set_cat         000000018003f1c8 f   LIBCMT:setlocal.obj
 0001:0003e4d0       _setlocale_nolock          000000018003f4d0 f   LIBCMT:setlocal.obj
 0001:0003f4c8       _initterm                  00000001800404c8 f   LIBCMT:crt0dat.obj
 0001:0003f678       doexit                     0000000180040678 f   LIBCMT:crt0dat.obj
 0001:0003fec8       parse_cmdline              0000000180040ec8 f   LIBCMT:stdargv.obj
 0001:0004042c       xcptlookup                 000000018004142c f   LIBCMT:winxfltr.obj
 0001:0004072c       ctrlevent_capture          000000018004172c f   LIBCMT:winsig.obj
 0001:000407c4       siglookup                  00000001800417c4 f   LIBCMT:winsig.obj
 0001:00041fe0       ?__crtGetLocaleInfoW_stat@@YAHPEAUlocaleinfo_struct@@KKPEA_WHH@Z 0000000180042fe0 f   LIBCMT:w_loc.obj
 0001:00042088       ?__crtGetLocaleInfoA_stat@@YAHPEAUlocaleinfo_struct@@KKPEADHH@Z 0000000180043088 f   LIBCMT:a_loc.obj
 0001:00042310       ?strncnt@@YAHPEBDH@Z       0000000180043310 f   LIBCMT:a_map.obj
 0001:0004232c       ?__crtLCMapStringA_stat@@YAHPEAUlocaleinfo_struct@@KKPEBDHPEADHHH@Z 000000018004332c f   LIBCMT:a_map.obj
 0001:00042904       ?__crtGetStringTypeA_stat@@YAHPEAUlocaleinfo_struct@@KPEBDHPEAGHHH@Z 0000000180043904 f   LIBCMT:a_str.obj
 0001:00042c40       _get_lc_time               0000000180043c40 f   LIBCMT:inittime.obj
 0001:000434fc       fix_grouping               00000001800444fc f   LIBCMT:initnum.obj
 0001:0004378c       fix_grouping               000000018004478c f   LIBCMT:initmon.obj
 0001:000447dc       ?_store_str@@YAXPEADPEAPEADPEA_K@Z 00000001800457dc f   LIBCMT:strftime.obj
 0001:00044800       ?_store_number@@YAXHPEAPEADPEA_K@Z 0000000180045800 f   LIBCMT:strftime.obj
 0001:00044864       ?_store_num@@YAXHHPEAPEADPEA_KI@Z 0000000180045864 f   LIBCMT:strftime.obj
 0001:00044940       ?_expandtime@@YAHPEAUlocaleinfo_struct@@DPEBUtm@@PEAPEADPEA_KPEAU__lc_time_data@@I@Z 0000000180045940 f   LIBCMT:strftime.obj
 0001:00044f9c       ?_store_winword@@YAHPEAUlocaleinfo_struct@@HPEBUtm@@PEAPEADPEA_KPEAU__lc_time_data@@@Z 0000000180045f9c f   LIBCMT:strftime.obj
 0001:00045920       TranslateName              0000000180046920 f   LIBCMT:getqloc.obj
 0001:000459b8       GetLcidFromDefault         00000001800469b8 f   LIBCMT:getqloc.obj
 0001:000459dc       ProcessCodePage            00000001800469dc f   LIBCMT:getqloc.obj
 0001:00045aa4       TestDefaultCountry         0000000180046aa4 f   LIBCMT:getqloc.obj
 0001:00045acc       LcidFromHexString          0000000180046acc f   LIBCMT:getqloc.obj
 0001:00045b08       GetPrimaryLen              0000000180046b08 f   LIBCMT:getqloc.obj
 0001:00045b24       CountryEnumProc            0000000180046b24 f   LIBCMT:getqloc.obj
 0001:00045c0c       TestDefaultLanguage        0000000180046c0c f   LIBCMT:getqloc.obj
 0001:00045cc0       LangCountryEnumProc        0000000180046cc0 f   LIBCMT:getqloc.obj
 0001:00045f54       LanguageEnumProc           0000000180046f54 f   LIBCMT:getqloc.obj
 0001:00046064       GetLcidFromCountry         0000000180047064 f   LIBCMT:getqloc.obj
 0001:000460a4       GetLcidFromLangCountry     00000001800470a4 f   LIBCMT:getqloc.obj
 0001:00046138       GetLcidFromLanguage        0000000180047138 f   LIBCMT:getqloc.obj
 0001:00046574       ?__crtGetStringTypeW_stat@@YAHPEAUlocaleinfo_struct@@KPEB_WHPEAGHH@Z 0000000180047574 f   LIBCMT:w_str.obj
 0001:00046c04       ?x_ismbbtype_l@@YAHPEAUlocaleinfo_struct@@IHH@Z 0000000180047c04 f   LIBCMT:ismbbyte.obj
 0001:00047628       _tzset_nolock              0000000180048628 f   LIBCMT:tzset.obj
 0001:00047ac8       cvtdate                    0000000180048ac8 f   LIBCMT:tzset.obj
 0001:00047d80       _isindst_nolock            0000000180048d80 f   LIBCMT:tzset.obj
 0001:000486c0       xtoa_s                     00000001800496c0 f   LIBCMT:xtoas.obj
 0001:00048824       x64toa_s                   0000000180049824 f   LIBCMT:xtoas.obj
 0001:00048a14       _getenv_s_helper           0000000180049a14 f   LIBCMT:getenv.obj
 0001:00048ae8       _dupenv_s_helper           0000000180049ae8 f   LIBCMT:getenv.obj
 0001:00049070       ?strtoxl@@YAKPEAUlocaleinfo_struct@@PEBDPEAPEBDHH@Z 000000018004a070 f   LIBCMT:strtol.obj
 0001:000493a4       ?strtoxq@@YA_KPEAUlocaleinfo_struct@@PEBDPEAPEBDHH@Z 000000018004a3a4 f   LIBCMT:strtoq.obj
 0001:00049938       ?strncnt@@YAHPEBDH@Z       000000018004a938 f   LIBCMT:a_cmp.obj
 0001:00049954       ?__crtCompareStringA_stat@@YAHPEAUlocaleinfo_struct@@KKPEBDH1HH@Z 000000018004a954 f   LIBCMT:a_cmp.obj
 0001:00049ff8       findenv                    000000018004aff8 f   LIBCMT:setenv.obj
 0001:0004a07c       copy_environ               000000018004b07c f   LIBCMT:setenv.obj
 0001:0004a7b0       ?filt$0@?0??SetThreadName@@YAXKPEAD@Z@4HA 000000018004b7b0 f   WThreads.obj
 0001:0004a7c4       _onexit$fin$0              000000018004b7c4 f   LIBCMT:onexit.obj
 0001:0004a7d8       __DllMainCRTStartup$filt$0 000000018004b7d8 f   LIBCMT:dllcrt0.obj
 0001:0004a7f4       _initptd$fin$1             000000018004b7f4 f   LIBCMT:tidtable.obj
 0001:0004a814       _initptd$fin$0             000000018004b814 f   LIBCMT:tidtable.obj
 0001:0004a82d       _freefls$fin$1             000000018004b82d f   LIBCMT:tidtable.obj
 0001:0004a84d       _freefls$fin$0             000000018004b84d f   LIBCMT:tidtable.obj
 0001:0004a866       __updatetmbcinfo$fin$0     000000018004b866 f   LIBCMT:mbctype.obj
 0001:0004a87f       _setmbcp$fin$0             000000018004b87f f   LIBCMT:mbctype.obj
 0001:0004a898       __updatetlocinfo$fin$0     000000018004b898 f   LIBCMT:setlocal.obj
 0001:0004a8b1       _free_locale$fin$1         000000018004b8b1 f   LIBCMT:setlocal.obj
 0001:0004a8d1       _free_locale$fin$0         000000018004b8d1 f   LIBCMT:setlocal.obj
 0001:0004a8ea       _get_current_locale$fin$1  000000018004b8ea f   LIBCMT:setlocal.obj
 0001:0004a90a       _get_current_locale$fin$0  000000018004b90a f   LIBCMT:setlocal.obj
 0001:0004a923       setlocale$fin$1            000000018004b923 f   LIBCMT:setlocal.obj
 0001:0004a943       setlocale$fin$0            000000018004b943 f   LIBCMT:setlocal.obj
 0001:0004a963       setlocale$fin$2            000000018004b963 f   LIBCMT:setlocal.obj
 0001:0004a97d       doexit$fin$0               000000018004b97d f   LIBCMT:crt0dat.obj
 0001:0004a9a0       _IsNonwritableInCurrentImage$filt$0 000000018004b9a0 f   LIBCMT:pesect.obj
 0001:0004a9c1       ctrlevent_capture$fin$0    000000018004b9c1 f   LIBCMT:winsig.obj
 0001:0004a9d7       signal$fin$0               000000018004b9d7 f   LIBCMT:winsig.obj
 0001:0004a9ed       raise$fin$0                000000018004b9ed f   LIBCMT:winsig.obj
 0001:0004aa09       _mtinitlocknum$fin$0       000000018004ba09 f   LIBCMT:mlock.obj
 0001:0004aa25       __crtInitCritSecAndSpinCount$filt$0 000000018004ba25 f   LIBCMT:initcrit.obj
 0001:0004aa47       _tzset_nolock$fin$0        000000018004ba47 f   LIBCMT:tzset.obj
 0001:0004aa60       __tzset$fin$0              000000018004ba60 f   LIBCMT:tzset.obj
 0001:0004aa79       _tzset$fin$0               000000018004ba79 f   LIBCMT:tzset.obj
 0001:0004aa92       _isindst$fin$0             000000018004ba92 f   LIBCMT:tzset.obj
 0001:0004aaab       getenv$fin$0               000000018004baab f   LIBCMT:getenv.obj
 0001:0004aac4       getenv_s$fin$0             000000018004bac4 f   LIBCMT:getenv.obj
 0001:0004aadd       _dupenv_s$fin$0            000000018004badd f   LIBCMT:getenv.obj
 0001:0004ab00       ??__EhkFunc@@YAXXZ         000000018004bb00 f   HkFunc.obj
 0001:0004ab20       ??__EgsMapHelper@@YAXXZ    000000018004bb20 f   WConsole.obj
 0001:0004ab50       ??__FgsMapHelper@@YAXXZ    000000018004bb50 f   WConsole.obj
