 ConEmuTh

 Timestamp is 56c7b516 (Sat Feb 20 03:36:38 2016)

 Preferred load address is 10000000

 Start         Length     Name                   Class
 0001:00000000 000156a4H .text                   CODE
 0002:00000000 00000310H .idata$5                DATA
 0002:00000310 00000004H .CRT$XCA                DATA
 0002:00000314 00000004H .CRT$XCZ                DATA
 0002:00000318 00000004H .CRT$XIA                DATA
 0002:0000031c 0000000cH .CRT$XIC                DATA
 0002:00000328 00000004H .CRT$XIZ                DATA
 0002:0000032c 00000004H .CRT$XPA                DATA
 0002:00000330 00000004H .CRT$XPZ                DATA
 0002:00000334 00000004H .CRT$XTA                DATA
 0002:00000338 00000004H .CRT$XTZ                DATA
 0002:00000340 00002518H .rdata                  DATA
 0002:00002860 00000010H .rdata$sxdata           DATA
 0002:00002870 00000004H .rtc$IAA                DATA
 0002:00002874 00000004H .rtc$IZZ                DATA
 0002:00002878 00000004H .rtc$TAA                DATA
 0002:0000287c 00000004H .rtc$TZZ                DATA
 0002:00002880 00000354H .xdata$x                DATA
 0002:00002bd4 0000008cH .idata$2                DATA
 0002:00002c60 00000014H .idata$3                DATA
 0002:00002c74 00000310H .idata$4                DATA
 0002:00002f84 00000d56H .idata$6                DATA
 0002:00003ce0 00000168H .edata                  DATA
 0003:00000000 00000ce0H .data                   DATA
 0003:00000ce0 00029a44H .bss                    DATA
 0004:00000000 000000e8H .rsrc$01                DATA
 0004:000000f0 000013a8H .rsrc$02                DATA

  Address         Publics by Value              Rva+Base       Lib:Object

 0000:00000000       __except_list              00000000     <absolute>
 0000:00000004       ___safe_se_handler_count   00000004     <absolute>
 0000:00000000       ___ImageBase               10000000     <linker-defined>
 0001:00000000       _wmemmove                  10001000 f i CEStr.obj
 0001:00000018       ??BCEStr@@QBEPB_WXZ        10001018 f   CEStr.obj
 0001:0000001b       ?GetMaxCount@CEStr@@QAEHXZ 1000101b f   CEStr.obj
 0001:0000003a       ?GetBuffer@CEStr@@QAEPA_WH@Z 1000103a f   CEStr.obj
 0001:000000b1       ?Empty@CEStr@@QAEXXZ       100010b1 f   CEStr.obj
 0001:000000d6       ?IsEmpty@CEStr@@QAE_NXZ    100010d6 f   CEStr.obj
 0001:000000e9       ?StringCchCopyNW@@YGJPA_WIPB_WI@Z 100010e9 f i CEStr.obj
 0001:00000165       ??0CEStr@@QAE@XZ           10001165 f   CEStr.obj
 0001:0000017b       ??1CEStr@@QAE@XZ           1000117b f   CEStr.obj
 0001:000001b1       ?AttachInt@CEStr@@AAEPB_WAAPA_W@Z 100011b1 f   CEStr.obj
 0001:000001ef       ?Set@CEStr@@QAEPB_WPB_WH@Z 100011ef f   CEStr.obj
 0001:000002ac       ?SavePathVar@CEStr@@QAEXPB_W@Z 100012ac f   CEStr.obj
 0001:000002d7       ?Attach@CEStr@@QAEPB_WPA_W@Z 100012d7 f   CEStr.obj
 0001:000002e4       ?PointToName@@YIPB_WPB_W@Z 100012e4 f   CmdLine.obj
 0001:0000031f       ?PointToExt@@YIPB_WPB_W@Z  1000131f f   CmdLine.obj
 0001:00000334       ?Unquote@@YIPB_WPA_W_N@Z   10001334 f   CmdLine.obj
 0001:00000377       ?CommonShutdown@@YIXXZ     10001377 f   Common.obj
 0001:00000386       ?ExecutePrepareCmd@@YIXPAUCESERVER_REQ_HDR@@KI@Z 10001386 f   ConEmuCheck.obj
 0001:000003e9       ?ExecuteFreeResult@@YIXAAPAUCESERVER_REQ@@@Z 100013e9 f   ConEmuCheck.obj
 0001:000003fa       ?StringCchCopyW@@YGJPA_WIPB_W@Z 100013fa f i ConEmuCheck.obj
 0001:0000042c       ?ExecutePrepareCmd@@YIXPAUCESERVER_REQ@@KI@Z 1000142c f   ConEmuCheck.obj
 0001:0000045a       ?ExecuteNewCmd@@YIPAUCESERVER_REQ@@KI@Z 1000145a f   ConEmuCheck.obj
 0001:00000494       ?ModuleName@@YIPB_WPB_W@Z  10001494 f   ConEmuCheck.obj
 0001:0000051c       ?ExecuteOpenPipe@@YIPAXPB_WAAY0CAI@_W0KKHPAXH@Z 1000151c f   ConEmuCheck.obj
 0001:0000066b       ?ExecuteCmd@@YIPAUCESERVER_REQ@@PB_WPAU1@KPAUHWND__@@HKH@Z 1000166b f   ConEmuCheck.obj
 0001:000007ca       ?ExecuteGuiCmd@@YIPAUCESERVER_REQ@@PAUHWND__@@PAU1@0H@Z 100017ca f   ConEmuCheck.obj
 0001:000008b6       _GetMinFarVersionW@0       100018b6 f   ConEmuTh.obj
 0001:000008bc       ?GetPluginInfoWcmn@@YGXPAX@Z 100018bc f   ConEmuTh.obj
 0001:000008e9       ?GetMainThreadId@@YIKXZ    100018e9 f   ConEmuTh.obj
 0001:00000a8b       ?OpenW@@YGPAXPBUOpenInfo@@@Z 10001a8b f   ConEmuTh.obj
 0001:00000aba       ?ShowMessage@@YIHHH@Z      10001aba f   ConEmuTh.obj
 0001:00000af2       ?GetMsgW@@YIPB_WH@Z        10001af2 f   ConEmuTh.obj
 0001:00000b2b       ?PostMacro@@YIXPA_W@Z      10001b2b f   ConEmuTh.obj
 0001:00000c5f       ?ShowPluginMenu@@YIHXZ     10001c5f f   ConEmuTh.obj
 0001:00000c97       ?CheckPanelSettings@@YIHH@Z 10001c97 f   ConEmuTh.obj
 0001:00000ccf       ?LoadPanelItemInfo@@YIXPAUCeFullPanelInfo@@H@Z 10001ccf f   ConEmuTh.obj
 0001:00000d07       ?GetActivePanel@@YIPAUCeFullPanelInfo@@XZ 10001d07 f   ConEmuTh.obj
 0001:00000d48       ?ResetUngetBuffer@@YIXXZ   10001d48 f   ConEmuTh.obj
 0001:00000d57       ?OnPreReadConsole@@YGHPAXPAU_INPUT_RECORD@@KPAKPAH@Z 10001d57 f   ConEmuTh.obj
 0001:00000d73       ?ShowLastError@@YIHXZ      10001d73 f   ConEmuTh.obj
 0001:00000de0       ?GetFocusedThumbnails@@YIPAUCeFullPanelInfo@@XZ 10001de0 f   ConEmuTh.obj
 0001:00000e2b       ?CheckWindows@@YI_NXZ      10001e2b f   ConEmuTh.obj
 0001:00000ea2       ?CheckVarsInitialized@@YIXXZ 10001ea2 f   ConEmuTh.obj
 0001:00000fba       ?ExecuteInMainThread@@YIXPAUConEmuThSynchroArg@@@Z 10001fba f   ConEmuTh.obj
 0001:00001026       ?GetFarRect@@YIHPAU_SMALL_RECT@@@Z 10002026 f   ConEmuTh.obj
 0001:00001094       ?SettingsLoad@@YIHPB_WPAK@Z 10002094 f   ConEmuTh.obj
 0001:000010cc       ?SettingsLoadReg@@YIHPB_W0PAK@Z 100020cc f   ConEmuTh.obj
 0001:0000112e       ?SettingsSave@@YIXPB_WPAK@Z 1000212e f   ConEmuTh.obj
 0001:00001166       ?SettingsSaveReg@@YIXPB_W0PAK@Z 10002166 f   ConEmuTh.obj
 0001:000011b2       ?SavePanelViewState@@YIXHK@Z 100021b2 f   ConEmuTh.obj
 0001:000011df       ?isPreloadByDefault@@YI_NXZ 100021df f   ConEmuTh.obj
 0001:00001207       ?FreeUserData@CePluginPanelItem@@QAEXXZ 10002207 f   ConEmuTh.obj
 0001:00001248       ?FreeItem@CePluginPanelItem@@QAEXXZ 10002248 f   ConEmuTh.obj
 0001:0000125d       ??0?$MFileMapping@UPanelViewSetMapping@@@@QAE@XZ 1000225d f i ConEmuTh.obj
 0001:0000125d       ??0?$MFileMapping@Utag_DetectedDialog@@@@QAE@XZ 1000225d f i ConEmuTh.obj
 0001:00001281       ?ClosePtr@?$MFileMapping@UPanelViewSetMapping@@@@QAEXXZ 10002281 f i ConEmuTh.obj
 0001:00001281       ?ClosePtr@?$MFileMapping@Utag_DetectedDialog@@@@QAEXXZ 10002281 f i ConEmuTh.obj
 0001:00001298       ?StringCchCatW@@YGJPA_WIPB_W@Z 10002298 f i ConEmuTh.obj
 0001:0000155f       ?LoadFarVersion@@YIHXZ     1000255f f   ConEmuTh.obj
 0001:000015aa       ?ReloadResourcesW@@YIXXZ   100025aa f   ConEmuTh.obj
 0001:0000160d       ?ReloadPanelsInfo@@YIXXZ   1000260d f   ConEmuTh.obj
 0001:00001763       ?OnPreWriteConsoleOutput@@YGHPAXPBU_CHAR_INFO@@U_COORD@@2PAU_SMALL_RECT@@@Z 10002763 f   ConEmuTh.obj
 0001:00001876       ?IsThumbnailsActive@@YIPAUCeFullPanelInfo@@H@Z 10002876 f   ConEmuTh.obj
 0001:00001a0e       ?SettingsLoadOther@@YIXPB_W@Z 10002a0e f   ConEmuTh.obj
 0001:00001b08       ?SetFrom@?$MFileMapping@Utag_DetectedDialog@@@@QAE_NPBUtag_DetectedDialog@@H@Z 10002b08 f i ConEmuTh.obj
 0001:00001b58       ?CloseMap@?$MFileMapping@UPanelViewSetMapping@@@@QAEXXZ 10002b58 f i ConEmuTh.obj
 0001:00001b58       ?CloseMap@?$MFileMapping@Utag_DetectedDialog@@@@QAEXXZ 10002b58 f i ConEmuTh.obj
 0001:00001b8c       _DllMain@12                10002b8c f   ConEmuTh.obj
 0001:00001c46       ?ProcessConsoleInput@@YIHHPAU_INPUT_RECORD@@KPAK@Z 10002c46 f   ConEmuTh.obj
 0001:00001ee9       ?UpdateEnvVar@@YIXH@Z      10002ee9 f   ConEmuTh.obj
 0001:00001f09       ?InitName@?$MFileMapping@UPanelViewSetMapping@@@@QAEPB_WPB_WKK@Z 10002f09 f i ConEmuTh.obj
 0001:00001f09       ?InitName@?$MFileMapping@Utag_DetectedDialog@@@@QAEPB_WPB_WKK@Z 10002f09 f i ConEmuTh.obj
 0001:00001f39       ?InternalOpenCreate@?$MFileMapping@Utag_DetectedDialog@@@@IAEPAUtag_DetectedDialog@@HHH@Z 10002f39 f i ConEmuTh.obj
 0001:00002050       ?InternalOpenCreate@?$MFileMapping@UPanelViewSetMapping@@@@IAEPAUPanelViewSetMapping@@HHH@Z 10003050 f i ConEmuTh.obj
 0001:00002167       ??_G?$MFileMapping@Utag_DetectedDialog@@@@QAEPAXI@Z 10003167 f i ConEmuTh.obj
 0001:00002188       ?OnPostPeekConsole@@YGHPAXPAU_INPUT_RECORD@@KPAKPAH@Z 10003188 f   ConEmuTh.obj
 0001:000021c5       ?OnPostReadConsole@@YGHPAXPAU_INPUT_RECORD@@KPAKPAH@Z 100031c5 f   ConEmuTh.obj
 0001:00002203       ?ExitPlugin@@YIXXZ         10003203 f   ConEmuTh.obj
 0001:000022fc       _ExitFARW@0                100032fc f   ConEmuTh.obj
 0001:00002323       ?ExitFARW3@@YGXPAX@Z       10003323 f   ConEmuTh.obj
 0001:00002351       ?OnReadyForPanelsReload@@YIXXZ 10003351 f   ConEmuTh.obj
 0001:0000246b       ?ProcessSynchroEventCommon@@YIHHPAX@Z 1000346b f   ConEmuTh.obj
 0001:000025ab       _ProcessSynchroEventW@8    100035ab f   ConEmuTh.obj
 0001:000025bb       ?LoadThSet@@YIHK@Z         100035bb f   ConEmuTh.obj
 0001:00002716       ?CheckConEmu@@YIHH@Z       10003716 f   ConEmuTh.obj
 0001:000027f0       ?StartPlugin@@YIXH@Z       100037f0 f   ConEmuTh.obj
 0001:00002904       ?OnPrePeekConsole@@YGHPAXPAU_INPUT_RECORD@@KPAKPAH@Z 10003904 f   ConEmuTh.obj
 0001:000029a7       ?EntryPoint@@YIXHH_N@Z     100039a7 f   ConEmuTh.obj
 0001:00002b23       _SetStartupInfoW@4         10003b23 f   ConEmuTh.obj
 0001:00002b77       ?OpenPluginWcmn@@YIPAXHH_N@Z 10003b77 f   ConEmuTh.obj
 0001:00002bb8       ?GetStdIndex@Far3Color@@SIHKPBK@Z 10003bb8 f i ConEmuTh1900.obj
 0001:00002bd2       ?Color2FgIndex@Far3Color@@SIXKAAGPBK@Z 10003bd2 f i ConEmuTh1900.obj
 0001:00002ca1       ?Color2BgIndex@Far3Color@@SIXKHAAGPBK@Z 10003ca1 f i ConEmuTh1900.obj
 0001:00002d87       ?FarColor_3_2@@YIEABUFarColor@@@Z 10003d87 f i ConEmuTh1900.obj
 0001:00002e18       ?GetPluginInfoW1900@@YIXPAX@Z 10003e18 f   ConEmuTh1900.obj
 0001:00002e69       ?SetStartupInfoW1900@@YIXPAX@Z 10003e69 f   ConEmuTh1900.obj
 0001:00002f57       ?OpenW1900@@YIPAXPBX@Z     10003f57 f   ConEmuTh1900.obj
 0001:00002faf       ?ExitFARW1900@@YIXXZ       10003faf f   ConEmuTh1900.obj
 0001:00002fde       ?ShowMessageW1900@@YIHPB_WH@Z 10003fde f   ConEmuTh1900.obj
 0001:0000304e       ?ShowMessageW1900@@YIHHH@Z 1000404e f   ConEmuTh1900.obj
 0001:0000307e       ?GetMsgW1900@@YIPB_WH@Z    1000407e f   ConEmuTh1900.obj
 0001:0000309d       ?PostMacroW1900@@YIXPA_W@Z 1000409d f   ConEmuTh1900.obj
 0001:00003102       ?ShowPluginMenuW1900@@YIHXZ 10004102 f   ConEmuTh1900.obj
 0001:0000329b       ?LoadPanelItemInfoW1900@@YIXPAUCeFullPanelInfo@@H@Z 1000429b f   ConEmuTh1900.obj
 0001:0000355b       ?LoadPanelInfoW1900@@YIHH@Z 1000455b f   ConEmuTh1900.obj
 0001:0000396a       ?ReloadPanelsInfoW1900@@YIXXZ 1000496a f   ConEmuTh1900.obj
 0001:00003983       ?SetCurrentPanelItemW1900@@YIXHHH@Z 10004983 f   ConEmuTh1900.obj
 0001:00003a5b       ?CheckPanelSettingsW1900@@YIHH@Z 10004a5b f   ConEmuTh1900.obj
 0001:00003afc       ?ExecuteInMainThreadW1900@@YIXPAUConEmuThSynchroArg@@@Z 10004afc f   ConEmuTh1900.obj
 0001:00003b13       ?GetFarRectW1900@@YIXPAU_SMALL_RECT@@@Z 10004b13 f   ConEmuTh1900.obj
 0001:00003b41       ?CheckFarPanelsW1900@@YI_NXZ 10004b41 f   ConEmuTh1900.obj
 0001:00003b85       ?SettingsLoadW1900@@YIHPB_WPAK@Z 10004b85 f   ConEmuTh1900.obj
 0001:00003c1a       ?SettingsSaveW1900@@YIXPB_WPAK@Z 10004c1a f   ConEmuTh1900.obj
 0001:00003cb4       ?IsFarLua@FarVersion@@QBE_NXZ 10004cb4 f i ConEmuTh2800.obj
 0001:00003ccf       _GetGlobalInfoW@4          10004ccf f   ConEmuTh2800.obj
 0001:00003d62       ?GetPluginInfoW2800@@YIXPAX@Z 10004d62 f   ConEmuTh2800.obj
 0001:00003db3       ?SetStartupInfoW2800@@YIXPAX@Z 10004db3 f   ConEmuTh2800.obj
 0001:00003ea1       ?ProcessSynchroEventW3@@YGHPAX@Z 10004ea1 f   ConEmuTh2800.obj
 0001:00003eb3       ?ExitFARW2800@@YIXXZ       10004eb3 f   ConEmuTh2800.obj
 0001:00003ee2       ?ShowMessageW2800@@YIHPB_WH@Z 10004ee2 f   ConEmuTh2800.obj
 0001:00003f52       ?ShowMessageW2800@@YIHHH@Z 10004f52 f   ConEmuTh2800.obj
 0001:00003f82       ?GetMsgW2800@@YIPB_WH@Z    10004f82 f   ConEmuTh2800.obj
 0001:00003fa1       ?PostMacroW2800@@YIXPA_W@Z 10004fa1 f   ConEmuTh2800.obj
 0001:00004008       ?ShowPluginMenuW2800@@YIHXZ 10005008 f   ConEmuTh2800.obj
 0001:000041a1       ?FreePanelItemUserData2800@@YIXPAXKP6GHXZ@Z 100051a1 f   ConEmuTh2800.obj
 0001:000041ca       ?LoadPanelItemInfoW2800@@YIXPAUCeFullPanelInfo@@H@Z 100051ca f   ConEmuTh2800.obj
 0001:000044c6       ?LoadPanelInfoW2800@@YIHH@Z 100054c6 f   ConEmuTh2800.obj
 0001:000048d5       ?ReloadPanelsInfoW2800@@YIXXZ 100058d5 f   ConEmuTh2800.obj
 0001:000048ee       ?SetCurrentPanelItemW2800@@YIXHHH@Z 100058ee f   ConEmuTh2800.obj
 0001:000049c0       ?SetCurrentPanelItemW2800Int@@YIXHHH@Z 100059c0 f   ConEmuTh2800.obj
 0001:00004a94       ?CheckPanelSettingsW2800@@YIHH@Z 10005a94 f   ConEmuTh2800.obj
 0001:00004b35       ?ExecuteInMainThreadW2800@@YIXPAUConEmuThSynchroArg@@@Z 10005b35 f   ConEmuTh2800.obj
 0001:00004b4c       ?GetFarRectW2800@@YIXPAU_SMALL_RECT@@@Z 10005b4c f   ConEmuTh2800.obj
 0001:00004b7a       ?CheckFarPanelsW2800@@YI_NXZ 10005b7a f   ConEmuTh2800.obj
 0001:00004bd8       ?SettingsLoadW2800@@YIHPB_WPAK@Z 10005bd8 f   ConEmuTh2800.obj
 0001:00004c63       ?SettingsSaveW2800@@YIXPB_WPAK@Z 10005c63 f   ConEmuTh2800.obj
 0001:00004cf3       ?LoadPanelItemInfoA@@YIXPAUCeFullPanelInfo@@H@Z 10005cf3 f   ConEmuThA.obj
 0001:00004cf3       ?SettingsLoadOtherW2800@@YIXXZ 10005cf3 f   ConEmuTh2800.obj
 0001:00004cf3       __initp_misc_winxfltr      10005cf3 f   LIBCMT:winxfltr.obj
 0001:00004cf3       ?OnThreadStopped@?$CQueueProcessor@PAUIMAGE_CACHE_INFO@@@@MAEXXZ 10005cf3 f   ImgCache.obj
 0001:00004cf3       ?SettingsLoadOtherW1900@@YIXXZ 10005cf3 f   ConEmuTh1900.obj
 0001:00004cf4       ?OpenW2800@@YIPAXPBX@Z     10005cf4 f   ConEmuTh2800.obj
 0001:00004d96       ?GetPluginInfoW995@@YIXPAX@Z 10005d96 f   ConEmuTh995.obj
 0001:00004dee       ?SetStartupInfoW995@@YIXPAX@Z 10005dee f   ConEmuTh995.obj
 0001:00004f33       _OpenPluginW@8             10005f33 f   ConEmuTh995.obj
 0001:00004f63       ?ExitFARW995@@YIXXZ        10005f63 f   ConEmuTh995.obj
 0001:00004fa9       ?ShowMessageW995@@YIHPB_WH@Z 10005fa9 f   ConEmuTh995.obj
 0001:00004fce       ?ShowMessageW995@@YIHHH@Z  10005fce f   ConEmuTh995.obj
 0001:00004fff       ?GetMsgW995@@YIPB_WH@Z     10005fff f   ConEmuTh995.obj
 0001:0000501c       ?PostMacroW995@@YIXPA_W@Z  1000601c f   ConEmuTh995.obj
 0001:0000506f       ?ShowPluginMenuW995@@YIHXZ 1000606f f   ConEmuTh995.obj
 0001:0000518d       ?LoadPanelItemInfoW995@@YIXPAUCeFullPanelInfo@@H@Z 1000618d f   ConEmuTh995.obj
 0001:000052d2       ?LoadPanelInfo995@@YIHH@Z  100062d2 f   ConEmuTh995.obj
 0001:00005586       ?ReloadPanelsInfoW995@@YIXXZ 10006586 f   ConEmuTh995.obj
 0001:0000559f       ?SetCurrentPanelItemW995@@YIXHHH@Z 1000659f f   ConEmuTh995.obj
 0001:00005666       ?CheckPanelSettingsW995@@YIHH@Z 10006666 f   ConEmuTh995.obj
 0001:000056c2       ?ExecuteInMainThreadW995@@YIXPAUConEmuThSynchroArg@@@Z 100066c2 f   ConEmuTh995.obj
 0001:000056d5       ?GetFarRectW995@@YIXPAU_SMALL_RECT@@@Z 100066d5 f   ConEmuTh995.obj
 0001:000056ff       ?CheckFarPanelsW995@@YI_NXZ 100066ff f   ConEmuTh995.obj
 0001:00005744       ?SettingsLoadW995@@YIHPB_WPAK@Z 10006744 f   ConEmuTh995.obj
 0001:00005755       ?SettingsSaveW995@@YIXPB_WPAK@Z 10006755 f   ConEmuTh995.obj
 0001:00005766       ?SettingsLoadOtherW995@@YIXXZ 10006766 f   ConEmuTh995.obj
 0001:00005771       _GetMinFarVersion@0        10006771 f   ConEmuThA.obj
 0001:000057a0       _GetPluginInfo@4           100067a0 f   ConEmuThA.obj
 0001:00005801       _ExitFAR@0                 10006801 f   ConEmuThA.obj
 0001:0000584c       ?ShowMessageA@@YIHPBDH@Z   1000684c f   ConEmuThA.obj
 0001:0000587b       ?ShowMessageA@@YIHHH@Z     1000687b f   ConEmuThA.obj
 0001:000058b3       ?PostMacroA@@YIXPAD@Z      100068b3 f   ConEmuThA.obj
 0001:0000590b       ?ShowPluginMenuA@@YIHXZ    1000690b f   ConEmuThA.obj
 0001:00005a8b       ?GetMsgA@@YIPB_WHPA_W@Z    10006a8b f   ConEmuThA.obj
 0001:00005b2b       ?LoadPanelInfoA@@YIHH@Z    10006b2b f   ConEmuThA.obj
 0001:00005e82       ?ReloadPanelsInfoA@@YIXXZ  10006e82 f   ConEmuThA.obj
 0001:00005e9b       ?SetCurrentPanelItemA@@YIXHHH@Z 10006e9b f   ConEmuThA.obj
 0001:00005f73       ?CheckPanelSettingsA@@YIHH@Z 10006f73 f   ConEmuThA.obj
 0001:00005fdb       ?CheckFarPanelsA@@YI_NXZ   10006fdb f   ConEmuThA.obj
 0001:0000603e       ?SettingsLoadA@@YIHPB_WPAK@Z 1000703e f   ConEmuThA.obj
 0001:0000604f       ?SettingsSaveA@@YIXPB_WPAK@Z 1000704f f   ConEmuThA.obj
 0001:00006060       ?SettingsLoadOtherA@@YIXXZ 10007060 f   ConEmuThA.obj
 0001:0000606b       ?ReloadResourcesA@@YIXXZ   1000706b f   ConEmuThA.obj
 0001:000060f6       _SetStartupInfo@4          100070f6 f   ConEmuThA.obj
 0001:00006266       _OpenPlugin@8              10007266 f   ConEmuThA.obj
 0001:00006289       ?GetIndexFromWndCoord@CeFullPanelInfo@@QAEHHHAAH@Z 10007289 f   Display.obj
 0001:00006300       ?GetConCoordFromIndex@CeFullPanelInfo@@QAEHHAAU_COORD@@@Z 10007300 f   Display.obj
 0001:00006396       ?LoadItemColors@CeFullPanelInfo@@QAEXHPAUCePluginPanelItem@@PAUCePluginPanelItemColor@@HH@Z 10007396 f   Display.obj
 0001:000065c1       ?GetItemColors@CeFullPanelInfo@@QAEPAUHBRUSH__@@HPAUCePluginPanelItem@@PAUCePluginPanelItemColor@@HAAK2@Z 100075c1 f   Display.obj
 0001:0000661b       ?CalcTopPanelItem@CeFullPanelInfo@@QAEHHH@Z 1000761b f   Display.obj
 0001:000066c9       ?DisplayReloadPanel@CeFullPanelInfo@@QAEXXZ 100076c9 f   Display.obj
 0001:000066ec       ?UnregisterPanelView@CeFullPanelInfo@@QAEH_N@Z 100076ec f   Display.obj
 0001:000067e9       ?RequestSetPos@CeFullPanelInfo@@QAEXHHH@Z 100077e9 f   Display.obj
 0001:000068a0       ?ReallocItems@CeFullPanelInfo@@QAEHH@Z 100078a0 f   Display.obj
 0001:000069c3       ?FarItem2CeItem@CeFullPanelInfo@@QAEHHPB_W0KU_FILETIME@@_KHPAXKP6GHXZ2K@Z 100079c3 f   Display.obj
 0001:00006c88       ?BisItem2CeItem@CeFullPanelInfo@@QAEHHH_KKKHH@Z 10007c88 f   Display.obj
 0001:00006d13       ?DrawItemText@CeFullPanelInfo@@QAEHPAUHDC__@@PAUtagRECT@@1PAUCePluginPanelItem@@PB_WPAUHBRUSH__@@H@Z 10007d13 f   Display.obj
 0001:000071be       ?Close@CeFullPanelInfo@@QAEXXZ 100081be f   Display.obj
 0001:000071f2       ?FinalRelease@CeFullPanelInfo@@QAEXXZ 100081f2 f   Display.obj
 0001:000072bc       ?PaintItem@CeFullPanelInfo@@QAEHPAUHDC__@@HHHPAUCePluginPanelItem@@PAUCePluginPanelItemColor@@HHPAUHBRUSH__@@3K@Z 100082bc f   Display.obj
 0001:000076de       ?Invalidate@CeFullPanelInfo@@QAEXXZ 100086de f   Display.obj
 0001:00007721       ?Paint@CeFullPanelInfo@@QAEXPAUHWND__@@AAUtagPAINTSTRUCT@@AAUtagRECT@@@Z 10008721 f   Display.obj
 0001:00007e38       ?OnSettingsChanged@CeFullPanelInfo@@QAEHH@Z 10008e38 f   Display.obj
 0001:00007ec9       ?DisplayWndProc@CeFullPanelInfo@@SGJPAUHWND__@@IIJ@Z 10008ec9 f   Display.obj
 0001:00008371       ?InvalidateAll@CeFullPanelInfo@@SIXXZ 10009371 f   Display.obj
 0001:000083af       ?RegisterPanelView@CeFullPanelInfo@@QAEHXZ 100093af f   Display.obj
 0001:00008621       ?CreateView@CeFullPanelInfo@@QAEPAUHWND__@@XZ 10009621 f   Display.obj
 0001:000088da       ?DisplayThread@CeFullPanelInfo@@SGKPAX@Z 100098da f   Display.obj
 0001:000089ce       ?Init@HkFunc@@QAE_NPB_WPAUHINSTANCE__@@@Z 100099ce f   HkFunc.obj
 0001:00008a39       ?LoadModules@CImgCache@@IAEXXZ 10009a39 f   ImgCache.obj
 0001:00008c7f       ?FreeModules@CImgCache@@IAEXXZ 10009c7f f   ImgCache.obj
 0001:00008d3a       ?SetCacheLocation@CImgCache@@QAEXPB_W@Z 10009d3a f   ImgCache.obj
 0001:00008d96       ?CheckLoadDibCreated@CImgCache@@IAEHXZ 10009d96 f   ImgCache.obj
 0001:00008ea2       ?CheckDrawDibCreated@CImgCache@@IAEHXZ 10009ea2 f   ImgCache.obj
 0001:00008fae       ?FindInCache@CImgCache@@IAEHPAUCePluginPanelItem@@PAHI@Z 10009fae f   ImgCache.obj
 0001:0000914b       ?CopyBits@CImgCache@@IAEXU_COORD@@PAEK01@Z 1000a14b f   ImgCache.obj
 0001:000091a3       ?LoadShellIcon@CImgCache@@QAEHPAUIMAGE_CACHE_INFO@@H@Z 1000a1a3 f   ImgCache.obj
 0001:0000942c       ?LoadThumbnail@CImgCache@@QAEHPAUIMAGE_CACHE_INFO@@@Z 1000a42c f   ImgCache.obj
 0001:0000994e       ??0?$CQueueProcessor@PAUIMAGE_CACHE_INFO@@@@QAE@XZ 1000a94e f i ImgCache.obj
 0001:0000999f       ?IsStopRequested@?$CQueueProcessor@PAUIMAGE_CACHE_INFO@@@@UAE_NABQAUIMAGE_CACHE_INFO@@@Z 1000a99f f i ImgCache.obj
 0001:000099b0       ?ProcessItem@?$CQueueProcessor@PAUIMAGE_CACHE_INFO@@@@MAEJAAPAUIMAGE_CACHE_INFO@@J@Z 1000a9b0 f i ImgCache.obj
 0001:000099b8       ?OnThreadStarted@?$CQueueProcessor@PAUIMAGE_CACHE_INFO@@@@MAEJXZ 1000a9b8 f i ImgCache.obj
 0001:000099bb       ?CopyItem@?$CQueueProcessor@PAUIMAGE_CACHE_INFO@@@@MAEXPBQAUIMAGE_CACHE_INFO@@PAPAU2@@Z 1000a9bb f i ImgCache.obj
 0001:000099d7       ?OnItemFailed@?$CQueueProcessor@PAUIMAGE_CACHE_INFO@@@@MAEXAAPAUIMAGE_CACHE_INFO@@J@Z 1000a9d7 f i ImgCache.obj
 0001:000099d7       ?ApplyChanges@?$CQueueProcessor@PAUIMAGE_CACHE_INFO@@@@MAEXAAPAUIMAGE_CACHE_INFO@@ABQAU2@@Z 1000a9d7 f i ImgCache.obj
 0001:000099d7       ?OnItemReady@?$CQueueProcessor@PAUIMAGE_CACHE_INFO@@@@MAEXAAPAUIMAGE_CACHE_INFO@@J@Z 1000a9d7 f i ImgCache.obj
 0001:000099da       ?IsEqual@?$CQueueProcessor@PAUIMAGE_CACHE_INFO@@@@MAE_NABQAUIMAGE_CACHE_INFO@@J0J@Z 1000a9da f i ImgCache.obj
 0001:00009a10       ?FreeItem@?$CQueueProcessor@PAUIMAGE_CACHE_INFO@@@@MAEXABQAUIMAGE_CACHE_INFO@@@Z 1000aa10 f i ImgCache.obj
 0001:00009a13       ?ClearQueue@?$CQueueProcessor@PAUIMAGE_CACHE_INFO@@@@AAEXXZ 1000aa13 f i ImgCache.obj
 0001:00009a70       ?InitializeQueue@?$CQueueProcessor@PAUIMAGE_CACHE_INFO@@@@AAEXH@Z 1000aa70 f i ImgCache.obj
 0001:00009ae1       ?CheckWaitingCount@?$CQueueProcessor@PAUIMAGE_CACHE_INFO@@@@AAEXXZ 1000aae1 f i ImgCache.obj
 0001:00009b18       ?ProcessItem@?$CQueueProcessor@PAUIMAGE_CACHE_INFO@@@@IAEJPAUProcessingItem@1@@Z 1000ab18 f i ImgCache.obj
 0001:00009b59       ??0CImgCache@@QAE@PAUHINSTANCE__@@@Z 1000ab59 f   ImgCache.obj
 0001:00009c59       ?PaintItem@CImgCache@@QAEHPAUHDC__@@HHHPAUCePluginPanelItem@@PAPB_WPAH@Z 1000ac59 f   ImgCache.obj
 0001:0000a087       ?Terminate@?$CQueueProcessor@PAUIMAGE_CACHE_INFO@@@@QAEXK@Z 1000b087 f i ImgCache.obj
 0001:0000a0d2       ?FindOrCreate@?$CQueueProcessor@PAUIMAGE_CACHE_INFO@@@@AAEPAUProcessingItem@1@ABQAUIMAGE_CACHE_INFO@@J_NW4ProcessingPriority@@@Z 1000b0d2 f i ImgCache.obj
 0001:0000a23e       ?ProcessingStep@?$CQueueProcessor@PAUIMAGE_CACHE_INFO@@@@IAE_NXZ 1000b23e f i ImgCache.obj
 0001:0000a3ad       ??$SafeDelete@UMSectionSimple@@@@YIXAAPAUMSectionSimple@@@Z 1000b3ad f i ImgCache.obj
 0001:0000a3cb       ?Reset@CImgCache@@QAEXXZ   1000b3cb f   ImgCache.obj
 0001:0000a510       ?Init@CImgCache@@QAEXK@Z   1000b510 f   ImgCache.obj
 0001:0000a554       ??1?$CQueueProcessor@PAUIMAGE_CACHE_INFO@@@@UAE@XZ 1000b554 f i ImgCache.obj
 0001:0000a5aa       ?ProcessingThread@?$CQueueProcessor@PAUIMAGE_CACHE_INFO@@@@KGKPAX@Z 1000b5aa f i ImgCache.obj
 0001:0000a5cd       ??1CImgCache@@QAE@XZ       1000b5cd f   ImgCache.obj
 0001:0000a660       ?OnThreadStarted@CImgLoader@@UAEJXZ 1000b660 f i ImgCache.obj
 0001:0000a66b       ?OnThreadStopped@CImgLoader@@UAEXXZ 1000b66b f i ImgCache.obj
 0001:0000a671       ?IsEqual@CImgLoader@@UAE_NAAPBUIMAGE_CACHE_INFO@@JAAPAU2@J@Z 1000b671 f i ImgCache.obj
 0001:0000a693       ?CheckHighPriority@CImgLoader@@UAE_NAAPBUIMAGE_CACHE_INFO@@@Z 1000b693 f i ImgCache.obj
 0001:0000a693       ?CheckHighPriority@?$CQueueProcessor@PAUIMAGE_CACHE_INFO@@@@MAE_NABQAUIMAGE_CACHE_INFO@@@Z 1000b693 f i ImgCache.obj
 0001:0000a698       ?ProcessItem@CImgLoader@@UAEJAAPAUIMAGE_CACHE_INFO@@J@Z 1000b698 f i ImgCache.obj
 0001:0000a6dd       ?IsTerminationRequested@CImgLoader@@UAE_NXZ 1000b6dd f i ImgCache.obj
 0001:0000a6dd       ?IsTerminationRequested@?$CQueueProcessor@PAUIMAGE_CACHE_INFO@@@@MAE_NXZ 1000b6dd f i ImgCache.obj
 0001:0000a6e1       ?CheckThread@?$CQueueProcessor@PAUIMAGE_CACHE_INFO@@@@IAEJXZ 1000b6e1 f i ImgCache.obj
 0001:0000a771       ??_ECImgLoader@@UAEPAXI@Z  1000b771 f i ImgCache.obj
 0001:0000a771       ??_G?$CQueueProcessor@PAUIMAGE_CACHE_INFO@@@@UAEPAXI@Z 1000b771 f i ImgCache.obj
 0001:0000a771       ??_GCImgLoader@@UAEPAXI@Z  1000b771 f i ImgCache.obj
 0001:0000a771       ??_E?$CQueueProcessor@PAUIMAGE_CACHE_INFO@@@@UAEPAXI@Z 1000b771 f i ImgCache.obj
 0001:0000a78d       ?RequestItem@?$CQueueProcessor@PAUIMAGE_CACHE_INFO@@@@QAEJ_NW4ProcessingPriority@@QAUIMAGE_CACHE_INFO@@J@Z 1000b78d f i ImgCache.obj
 0001:0000a831       ?RequestItem@CImgCache@@QAEHPAUCePluginPanelItem@@I@Z 1000b831 f   ImgCache.obj
 0001:0000a8d2       ?HeapInitialize@@YI_NXZ    1000b8d2 f   Memory.obj
 0001:0000a8f8       ?HeapDeinitialize@@YIXXZ   1000b8f8 f   Memory.obj
 0001:0000a910       ?xf_malloc@@YAPAXI@Z       1000b910 f   Memory.obj
 0001:0000a923       ?xf_calloc@@YAPAXII@Z      1000b923 f   Memory.obj
 0001:0000a93c       ?xf_realloc@@YAPAXPAXI@Z   1000b93c f   Memory.obj
 0001:0000a961       ?xf_free@@YAXPAX@Z         1000b961 f   Memory.obj
 0001:0000a97f       ??_U@YAPAXI@Z              1000b97f f   Memory.obj
 0001:0000a97f       ??2@YAPAXI@Z               1000b97f f   Memory.obj
 0001:0000a984       ??3@YAXPAX@Z               1000b984 f   Memory.obj
 0001:0000a984       ??_V@YAXPAX@Z              1000b984 f   Memory.obj
 0001:0000a989       ??0MSection@@QAE@XZ        1000b989 f   MSection.obj
 0001:0000a9ee       ??1MSection@@QAE@XZ        1000b9ee f   MSection.obj
 0001:0000aa49       ?AddRef@MSection@@IAEXK@Z  1000ba49 f   MSection.obj
 0001:0000aaa7       ?ReleaseRef@MSection@@IAEHK@Z 1000baa7 f   MSection.obj
 0001:0000ab10       ?WaitUnlocked@MSection@@IAEXKK@Z 1000bb10 f   MSection.obj
 0001:0000ab6b       ?MyEnterCriticalSection@MSection@@IAE_NK@Z 1000bb6b f   MSection.obj
 0001:0000ac55       ?Lock@MSection@@IAEHHK@Z   1000bc55 f   MSection.obj
 0001:0000ad1a       ?Unlock@MSection@@IAEXH@Z  1000bd1a f   MSection.obj
 0001:0000ad54       ??0MSectionLock@@QAE@XZ    1000bd54 f   MSection.obj
 0001:0000ad61       ?Lock@MSectionLock@@QAEHPAVMSection@@HK@Z 1000bd61 f   MSection.obj
 0001:0000adab       ?Unlock@MSectionLock@@QAEXXZ 1000bdab f   MSection.obj
 0001:0000adc8       ??1MSectionLock@@QAE@XZ    1000bdc8 f   MSection.obj
 0001:0000ade1       ?Init@MSectionSimple@@QAEXXZ 1000bde1 f   MSectionSimple.obj
 0001:0000adf7       ?Close@MSectionSimple@@QAEXXZ 1000bdf7 f   MSectionSimple.obj
 0001:0000ae0d       ?Enter@MSectionSimple@@QAEXXZ 1000be0d f   MSectionSimple.obj
 0001:0000ae15       ?Leave@MSectionSimple@@QAEXXZ 1000be15 f   MSectionSimple.obj
 0001:0000ae1d       ?TryEnter@MSectionSimple@@QAE_NXZ 1000be1d f   MSectionSimple.obj
 0001:0000ae3c       ?RecreateAndLock@MSectionSimple@@QAE_NXZ 1000be3c f   MSectionSimple.obj
 0001:0000ae87       ??0MSectionLockSimple@@QAE@XZ 1000be87 f   MSectionSimple.obj
 0001:0000ae91       ?Unlock@MSectionLockSimple@@QAEXXZ 1000be91 f   MSectionSimple.obj
 0001:0000aead       ??0MSectionSimple@@QAE@_N@Z 1000bead f   MSectionSimple.obj
 0001:0000aed6       ??1MSectionSimple@@QAE@XZ  1000bed6 f   MSectionSimple.obj
 0001:0000aedb       ??1MSectionLockSimple@@QAE@XZ 1000bedb f   MSectionSimple.obj
 0001:0000aee7       ?Lock@MSectionLockSimple@@QAEHPAUMSectionSimple@@K@Z 1000bee7 f   MSectionSimple.obj
 0001:0000af53       ?UnloadAdvApi@MNullDesc@@IAEXXZ 1000bf53 f i MSecurity.obj
 0001:0000af6a       ??0MNullDesc@@QAE@XZ       1000bf6a f i MSecurity.obj
 0001:0000af8c       ??1MNullDesc@@QAE@XZ       1000bf8c f i MSecurity.obj
 0001:0000afc4       ?LoadAdvApi@MNullDesc@@IAEHXZ 1000bfc4 f i MSecurity.obj
 0001:0000b0f7       ?LocalSecurity@MNullDesc@@QAEPAU_SECURITY_ATTRIBUTES@@XZ 1000c0f7 f i MSecurity.obj
 0001:0000b230       ?LocalSecurity@@YIPAU_SECURITY_ATTRIBUTES@@XZ 1000c230 f   MSecurity.obj
 0001:0000b25e       ?ShutdownSecurity@@YIXXZ   1000c25e f   MSecurity.obj
 0001:0000b280       ?lstrdup@@YIPA_WPB_WI@Z    1000c280 f   MStrDup.obj
 0001:0000b2c3       ?lstrmerge@@YIPA_WPB_W00000000@Z 1000c2c3 f   MStrDup.obj
 0001:0000b373       ?msprintf@@YAPB_WPA_WIPB_WZZ 1000c373 f   MStrSafe.obj
 0001:0000b6e2       _wmemcmp                   1000c6e2 f i RgnDetect.obj
 0001:0000b713       ??0CRgnDetect@@QAE@XZ      1000c713 f   RgnDetect.obj
 0001:0000b7da       ??1CRgnDetect@@QAE@XZ      1000c7da f   RgnDetect.obj
 0001:0000b823       ?GetDetectedDialogsPtr@CRgnDetect@@QBEPBUtag_DetectedDialog@@XZ 1000c823 f   RgnDetect.obj
 0001:0000b827       ?GetFlags@CRgnDetect@@QBEKXZ 1000c827 f   RgnDetect.obj
 0001:0000b82e       ?FindFrameRight_ByBottom@CRgnDetect@@IAE_NPA_WPAUtag_CharAttr@@HHAAH22@Z 1000c82e f   RgnDetect.obj
 0001:0000b8de       ?FindFrameLeft_ByBottom@CRgnDetect@@IAE_NPA_WPAUtag_CharAttr@@HHAAH22@Z 1000c8de f   RgnDetect.obj
 0001:0000b987       ?FindFrameTop_ByLeft@CRgnDetect@@IAE_NPA_WPAUtag_CharAttr@@HHAAH22@Z 1000c987 f   RgnDetect.obj
 0001:0000ba0c       ?FindFrameTop_ByRight@CRgnDetect@@IAE_NPA_WPAUtag_CharAttr@@HHAAH22@Z 1000ca0c f   RgnDetect.obj
 0001:0000babf       ?FindFrameBottom_ByRight@CRgnDetect@@IAE_NPA_WPAUtag_CharAttr@@HHAAH22@Z 1000cabf f   RgnDetect.obj
 0001:0000bb71       ?FindFrameBottom_ByLeft@CRgnDetect@@IAE_NPA_WPAUtag_CharAttr@@HHAAH22@Z 1000cb71 f   RgnDetect.obj
 0001:0000bbfb       ?FindDialog_Inner@CRgnDetect@@IAE_NPA_WPAUtag_CharAttr@@HHAAH2@Z 1000cbfb f   RgnDetect.obj
 0001:0000bd11       ?FindFrame_TopLeft@CRgnDetect@@IAE_NPA_WPAUtag_CharAttr@@HHAAH222@Z 1000cd11 f   RgnDetect.obj
 0001:0000bdd1       ?ExpandDialogFrame@CRgnDetect@@IAE_NPA_WPAUtag_CharAttr@@HHAAH2HH22@Z 1000cdd1 f   RgnDetect.obj
 0001:0000c083       ?FindByBackground@CRgnDetect@@IAE_NPA_WPAUtag_CharAttr@@HHAAH222AA_N@Z 1000d083 f   RgnDetect.obj
 0001:0000c153       ?MarkDialog@CRgnDetect@@IAEHPA_WPAUtag_CharAttr@@HHHHHHI_NK@Z 1000d153 f   RgnDetect.obj
 0001:0000c845       ?OnWindowSizeChanged@CRgnDetect@@QAEXXZ 1000d845 f   RgnDetect.obj
 0001:0000c84d       ?OnWriteConsoleOutput@CRgnDetect@@QAEXPBU_CHAR_INFO@@U_COORD@@1PAU_SMALL_RECT@@PBK@Z 1000d84d f   RgnDetect.obj
 0001:0000ca88       ?SetFarRect@CRgnDetect@@QAEXPAU_SMALL_RECT@@@Z 1000da88 f   RgnDetect.obj
 0001:0000cb19       ?TextWidth@CRgnDetect@@QAEHXZ 1000db19 f   RgnDetect.obj
 0001:0000cb3e       ?TextHeight@CRgnDetect@@QAEHXZ 1000db3e f   RgnDetect.obj
 0001:0000cb63       ?GetCharAttr@CRgnDetect@@QAEHHHAA_WAAUtag_CharAttr@@@Z 1000db63 f   RgnDetect.obj
 0001:0000cbd7       ?FindFrameRight_ByTop@CRgnDetect@@IAE_NPA_WPAUtag_CharAttr@@HHAAH22@Z 1000dbd7 f   RgnDetect.obj
 0001:0000ccbf       ?FindFrameLeft_ByTop@CRgnDetect@@IAE_NPA_WPAUtag_CharAttr@@HHAAH22@Z 1000dcbf f   RgnDetect.obj
 0001:0000cdd3       ?FindDialog_TopLeft@CRgnDetect@@IAE_NPA_WPAUtag_CharAttr@@HHAAH222AA_N@Z 1000ddd3 f   RgnDetect.obj
 0001:0000ce59       ?FindDialog_TopRight@CRgnDetect@@IAE_NPA_WPAUtag_CharAttr@@HHAAH222AA_N@Z 1000de59 f   RgnDetect.obj
 0001:0000ceec       ?FindDialog_Left@CRgnDetect@@IAE_NPA_WPAUtag_CharAttr@@HHAAH222AA_N@Z 1000deec f   RgnDetect.obj
 0001:0000d031       ?FindDialog_Right@CRgnDetect@@IAE_NPA_WPAUtag_CharAttr@@HHAAH222AA_N@Z 1000e031 f   RgnDetect.obj
 0001:0000d0f7       ?FindDialog_Any@CRgnDetect@@IAE_NPA_WPAUtag_CharAttr@@HHAAH222AA_N@Z 1000e0f7 f   RgnDetect.obj
 0001:0000d2c0       ?DetectDialog@CRgnDetect@@IAE_NPA_WPAUtag_CharAttr@@HHHHPAH2@Z 1000e2c0 f   RgnDetect.obj
 0001:0000d534       ?InitializeSBI@CRgnDetect@@QAEHPBK@Z 1000e534 f   RgnDetect.obj
 0001:0000d877       ?PrepareTransparent@CRgnDetect@@QAEXPBUCEFAR_INFO_MAPPING@@PBKPBU_CONSOLE_SCREEN_BUFFER_INFO@@PA_WPAUtag_CharAttr@@HH@Z 1000e877 f   RgnDetect.obj
 0001:0000deef       ?PrepareTransparent@CRgnDetect@@QAEXPBUCEFAR_INFO_MAPPING@@PBK@Z 1000eeef f   RgnDetect.obj
 0001:0000df92       ?SearchAppPaths@@YI_NPB_WAAUCEStr@@_NPAU1@@Z 1000ef92 f   WFiles.obj
 0001:0000e29e       ?FileExists@@YI_NPB_WPAK@Z 1000f29e f   WObjects.obj
 0001:0000e3b6       ?IsWindows64@@YI_NXZ       1000f3b6 f   WObjects.obj
 0001:0000e41c       ?isTerminalMode@@YI_NXZ    1000f41c f   WObjects.obj
 0001:0000e617       ?ExpandEnvStr@@YIPA_WPB_W@Z 1000f617 f   WObjects.obj
 0001:0000e692       ?GetEnvVar@@YIPA_WPB_W@Z   1000f692 f   WObjects.obj
 0001:0000e701       ?apiTerminateThreadEx@@YIHPAXKPBDH@Z 1000f701 f   WThreads.obj
 0001:0000e7bb       ?SetThreadName@@YIXKPAD@Z  1000f7bb f   WThreads.obj
 0001:0000e803       ?apiThreadHelper@@YGKPAX@Z 1000f803 f   WThreads.obj
 0001:0000e969       ?apiCreateThread@@YIPAXP6GKPAX@Z0PAKPBDH@Z 1000f969 f   WThreads.obj
 0001:0000ea58       ?apiShowWindow@@YI_NPAUHWND__@@H@Z 1000fa58 f   WUser.obj
 0001:0000ea66       _Thread32Next@8            1000fa66 f   kernel32:KERNEL32.dll
 0001:0000ea6c       _Thread32First@8           1000fa6c f   kernel32:KERNEL32.dll
 0001:0000ea72       _CreateToolhelp32Snapshot@8 1000fa72 f   kernel32:KERNEL32.dll
 0001:0000ea78       _Process32NextW@8          1000fa78 f   kernel32:KERNEL32.dll
 0001:0000ea7e       _Process32FirstW@8         1000fa7e f   kernel32:KERNEL32.dll
 0001:0000ea84       _VerQueryValueW@16         1000fa84 f   version:VERSION.dll
 0001:0000ea8a       _GetFileVersionInfoW@16    1000fa8a f   version:VERSION.dll
 0001:0000ea90       _GetFileVersionInfoSizeW@8 1000fa90 f   version:VERSION.dll
 0001:0000eaa0       _memmove                   1000faa0 f   LIBCMT:memmove.obj
 0001:0000ee05       _wcschr                    1000fe05 f   LIBCMT:wcschr.obj
 0001:0000ee2b       _wcsrchr                   1000fe2b f   LIBCMT:wcsrchr.obj
 0001:0000ee57       _wcspbrk                   1000fe57 f   LIBCMT:wcspbrk.obj
 0001:0000eea0       _strrchr                   1000fea0 f   LIBCMT:strrchr.obj
 0001:0000eed0       _memset                    1000fed0 f   LIBCMT:memset.obj
 0001:0000ef50       __ftol2_sse                1000ff50 f   LIBCMT:ftol2.obj
 0001:0000ef59       __ftol2_pentium4           1000ff59 f   LIBCMT:ftol2.obj
 0001:0000ef6c       __ftol2_sse_excpt          1000ff6c f   LIBCMT:ftol2.obj
 0001:0000ef86       __ftol2                    1000ff86 f   LIBCMT:ftol2.obj
 0001:0000f000       __allshr                   10010000 f   LIBCMT:llshr.obj
 0001:0000f024       __SEH_prolog               10010024 f   LIBCMT:sehprolg.obj
 0001:0000f05f       __SEH_epilog               1001005f f   LIBCMT:sehprolg.obj
 0001:0000f078       __except_handler3          10010078 f   LIBCMT:exsup3.obj
 0001:0000f176       __seh_longjmp_unwind@4     10010176 f   LIBCMT:exsup3.obj
 0001:0000f1a0       __alldiv                   100101a0 f   LIBCMT:lldiv.obj
 0001:0000f250       __allmul                   10010250 f   LIBCMT:llmul.obj
 0001:0000f290       _memchr                    10010290 f   LIBCMT:memchr.obj
 0001:0000f33d       ??0_LocaleUpdate@@QAE@PAUlocaleinfo_struct@@@Z 1001033d f i LIBCMT:wcstol.obj
 0001:0000f3e0       _strchr                    100103e0 f   LIBCMT:strchr.obj
 0001:0000f3e6       ___from_strstr_to_strchr   100103e6     LIBCMT:strchr.obj
 0001:0000f49e       __CRT_INIT@12              1001049e f   LIBCMT:dllcrt0.obj
 0001:0000f6c9       __DllMainCRTStartup@12     100106c9 f   LIBCMT:dllcrt0.obj
 0001:0000f773       __VEC_memcpy               10010773 f   LIBCMT:p4_memcpy.obj
 0001:0000f8a6       __get_sse2_info            100108a6 f   LIBCMT:cpu_disp.obj
 0001:0000f908       ___sse2_available_init     10010908 f   LIBCMT:cpu_disp.obj
 0001:0000f96c       __VEC_memzero              1001096c f   LIBCMT:p4_memset.obj
 0001:0000f9fb       _CallDestructExceptionObject 100109fb f   LIBCMT:calldtor.obj
 0001:0000fa34       __global_unwind2           10010a34 f   LIBCMT:exsup.obj
 0001:0000fa99       __local_unwind2            10010a99 f   LIBCMT:exsup.obj
 0001:0000fb1d       __abnormal_termination     10010b1d f   LIBCMT:exsup.obj
 0001:0000fb40       __NLG_Notify1              10010b40 f   LIBCMT:exsup.obj
 0001:0000fb49       __NLG_Notify               10010b49 f   LIBCMT:exsup.obj
 0001:0000fb60       __NLG_Dispatch2            10010b60     LIBCMT:exsup.obj
 0001:0000fb60       __NLG_Dispatch             10010b60     LIBCMT:exsup.obj
 0001:0000fb68       __NLG_Call                 10010b68 f   LIBCMT:exsup.obj
 0001:0000fb6a       __NLG_Return2              10010b6a     LIBCMT:exsup.obj
 0001:0000fc30       __ValidateEH3RN            10010c30 f   LIBCMT:eh3valid.obj
 0001:0001019f       ___updatetmbcinfo          1001119f f   LIBCMT:mbctype.obj
 0001:000102bf       __setmbcp_nolock           100112bf f   LIBCMT:mbctype.obj
 0001:000104a4       __setmbcp                  100114a4 f   LIBCMT:mbctype.obj
 0001:0001063e       ___initmbctable            1001163e f   LIBCMT:mbctype.obj
 0001:0001065c       ___freetlocinfo            1001165c f   LIBCMT:setlocal.obj
 0001:000107a5       ___addlocaleref            100117a5 f   LIBCMT:setlocal.obj
 0001:00010834       ___removelocaleref         10011834 f   LIBCMT:setlocal.obj
 0001:0001090b       ___updatetlocinfo          1001190b f   LIBCMT:setlocal.obj
 0001:00010981       __encode_pointer           10011981 f   LIBCMT:tidtable.obj
 0001:000109f3       __encoded_null             100119f3 f   LIBCMT:tidtable.obj
 0001:000109fc       __decode_pointer           100119fc f   LIBCMT:tidtable.obj
 0001:00010a6e       ___crtTlsAlloc@4           10011a6e f   LIBCMT:tidtable.obj
 0001:00010a77       ___set_flsgetvalue         10011a77 f   LIBCMT:tidtable.obj
 0001:00010aab       __mtterm                   10011aab f   LIBCMT:tidtable.obj
 0001:00010ae8       __initptd                  10011ae8 f   LIBCMT:tidtable.obj
 0001:00010bcf       __getptd_noexit            10011bcf f   LIBCMT:tidtable.obj
 0001:00010c48       __getptd                   10011c48 f   LIBCMT:tidtable.obj
 0001:00010c62       __freefls@4                10011c62 f   LIBCMT:tidtable.obj
 0001:00010d91       __freeptd                  10011d91 f   LIBCMT:tidtable.obj
 0001:00010dff       __mtinit                   10011dff f   LIBCMT:tidtable.obj
 0001:00010f8c       __initp_misc_invarg        10011f8c f   LIBCMT:invarg.obj
 0001:00010f9b       __invoke_watson            10011f9b f   LIBCMT:invarg.obj
 0001:000110c3       __invalid_parameter        100120c3 f   LIBCMT:invarg.obj
 0001:000110e9       __get_errno_from_oserr     100120e9 f   LIBCMT:dosmap.obj
 0001:0001112b       __errno                    1001212b f   LIBCMT:dosmap.obj
 0001:0001113e       _free                      1001213e f   LIBCMT:free.obj
 0001:000111cc       __malloc_crt               100121cc f   LIBCMT:crtheap.obj
 0001:00011211       __calloc_crt               10012211 f   LIBCMT:crtheap.obj
 0001:0001125d       __realloc_crt              1001225d f   LIBCMT:crtheap.obj
 0001:000112ab       __crt_waiting_on_module_handle 100122ab f   LIBCMT:crt0dat.obj
 0001:000112db       __amsg_exit                100122db f   LIBCMT:crt0dat.obj
 0001:00011304       ___crtCorExitProcess       10012304 f   LIBCMT:crt0dat.obj
 0001:0001132f       ___crtExitProcess          1001232f f   LIBCMT:crt0dat.obj
 0001:00011347       __lockexit                 10012347 f   LIBCMT:crt0dat.obj
 0001:00011350       __unlockexit               10012350 f   LIBCMT:crt0dat.obj
 0001:00011376       __initterm_e               10012376 f   LIBCMT:crt0dat.obj
 0001:0001139a       __cinit                    1001239a f   LIBCMT:crt0dat.obj
 0001:0001154b       __exit                     1001254b f   LIBCMT:crt0dat.obj
 0001:00011561       __cexit                    10012561 f   LIBCMT:crt0dat.obj
 0001:00011570       __init_pointers            10012570 f   LIBCMT:crt0dat.obj
 0001:000115be       __ioinit                   100125be f   LIBCMT:ioinit.obj
 0001:00011812       __ioterm                   10012812 f   LIBCMT:ioinit.obj
 0001:00011860       __setenvp                  10012860 f   LIBCMT:stdenvp.obj
 0001:00011ad8       __setargv                  10012ad8 f   LIBCMT:stdargv.obj
 0001:00011b93       ___crtGetEnvironmentStringsA 10012b93 f   LIBCMT:a_env.obj
 0001:00011cca       __RTC_Initialize           10012cca f   LIBCMT:_initsect_.obj
 0001:00011cf0       __RTC_Terminate            10012cf0 f   LIBCMT:_initsect_.obj
 0001:00011d16       __heap_init                10012d16 f   LIBCMT:heapinit.obj
 0001:00011d46       __heap_term                10012d46 f   LIBCMT:heapinit.obj
 0001:00011dba       __XcptFilter               10012dba f   LIBCMT:winxfltr.obj
 0001:00011f1a       ___CppXcptFilter           10012f1a f   LIBCMT:winxfltr.obj
 0001:00011f3c       __SEH_prolog4              10012f3c f   LIBCMT:sehprolg4.obj
 0001:00011f81       __SEH_epilog4              10012f81 f   LIBCMT:sehprolg4.obj
 0001:00011fa0       __except_handler4          10012fa0 f   LIBCMT:chandler4.obj
 0001:0001212c       ___security_init_cookie    1001312c f   LIBCMT:gs_support.obj
 0001:000121d0       __ValidateImageBase        100131d0 f   LIBCMT:pesect.obj
 0001:00012210       __FindPESection            10013210 f   LIBCMT:pesect.obj
 0001:00012260       __IsNonwritableInCurrentImage 10013260 f   LIBCMT:pesect.obj
 0001:0001231d       @__security_check_cookie@4 1001331d f   LIBCMT:secchk.obj
 0001:0001232c       __freea                    1001332c f i LIBCMT:a_map.obj
 0001:000126f1       ___crtLCMapStringA         100136f1 f   LIBCMT:a_map.obj
 0001:000128f0       ___crtGetStringTypeA       100138f0 f   LIBCMT:a_str.obj
 0001:00012932       __mtinitlocks              10013932 f   LIBCMT:mlock.obj
 0001:0001297d       __mtdeletelocks            1001397d f   LIBCMT:mlock.obj
 0001:000129d4       __unlock                   100139d4 f   LIBCMT:mlock.obj
 0001:000129eb       __mtinitlocknum            100139eb f   LIBCMT:mlock.obj
 0001:00012aae       __lock                     10013aae f   LIBCMT:mlock.obj
 0001:00012ae1       ___free_lc_time            10013ae1 f   LIBCMT:inittime.obj
 0001:00012c76       ___free_lconv_num          10013c76 f   LIBCMT:initnum.obj
 0001:00012cbb       ___free_lconv_mon          10013cbb f   LIBCMT:initmon.obj
 0001:00012d49       _strcat_s                  10013d49 f   LIBCMT:strcat_s.obj
 0001:00012dc0       _strcspn                   10013dc0 f   LIBCMT:strcspn.obj
 0001:00012e06       _strncpy_s                 10013e06 f   LIBCMT:strncpy_s.obj
 0001:00012ebb       _strcpy_s                  10013ebb f   LIBCMT:strcpy_s.obj
 0001:00012f30       _strcmp                    10013f30 f   LIBCMT:strcmp.obj
 0001:00012fc0       _memcpy                    10013fc0 f   LIBCMT:memcpy.obj
 0001:00013330       _strlen                    10014330 f   LIBCMT:strlen.obj
 0001:000133c0       _strpbrk                   100143c0 f   LIBCMT:strpbrk.obj
 0001:00013400       __crt_debugger_hook        10014400 f   LIBCMT:dbghook.obj
 0001:00013408       ___sbh_find_block          10014408 f   LIBCMT:sbheap.obj
 0001:00013438       ___sbh_free_block          10014438 f   LIBCMT:sbheap.obj
 0001:0001374e       ___sbh_alloc_new_region    1001474e f   LIBCMT:sbheap.obj
 0001:000137fe       ___sbh_alloc_new_group     100147fe f   LIBCMT:sbheap.obj
 0001:00013906       ___sbh_resize_block        10014906 f   LIBCMT:sbheap.obj
 0001:00013be7       ___sbh_alloc_block         10014be7 f   LIBCMT:sbheap.obj
 0001:00013ecc       _V6_HeapAlloc              10014ecc f   LIBCMT:malloc.obj
 0001:00013f1b       _malloc                    10014f1b f   LIBCMT:malloc.obj
 0001:00013fe5       __calloc_impl              10014fe5 f   LIBCMT:calloc_impl.obj
 0001:00014103       _realloc                   10015103 f   LIBCMT:realloc.obj
 0001:0001431e       __NMSG_WRITE               1001531e f   LIBCMT:crt0msg.obj
 0001:000144c9       __FF_MSGBANNER             100154c9 f   LIBCMT:crt0msg.obj
 0001:000145bc       ___onexitinit              100155bc f   LIBCMT:onexit.obj
 0001:000145ed       __onexit                   100155ed f   LIBCMT:onexit.obj
 0001:00014629       _atexit                    10015629 f   LIBCMT:onexit.obj
 0001:00014640       __initp_misc_cfltcvt_tab   10015640 f   LIBCMT:cmiscdat.obj
 0001:00014661       ?terminate@@YAXXZ          10015661 f   LIBCMT:hooks.obj
 0001:0001469a       __initp_eh_hooks           1001569a f   LIBCMT:hooks.obj
 0001:000146ab       __initp_misc_winsig        100156ab f   LIBCMT:winsig.obj
 0001:00014700       ___get_sigabrt             10015700 f   LIBCMT:winsig.obj
 0001:0001470d       _raise                     1001570d f   LIBCMT:winsig.obj
 0001:000148bd       __initp_misc_rand_s        100158bd f   LIBCMT:rand_s.obj
 0001:000148cc       __initp_misc_purevirt      100158cc f   LIBCMT:inithelp.obj
 0001:000148db       __initp_misc_initcrit      100158db f   LIBCMT:initcrit.obj
 0001:000148ea       ___crtInitCritSecAndSpinCount 100158ea f   LIBCMT:initcrit.obj
 0001:0001494a       __initp_heap_handler       1001594a f   LIBCMT:handler.obj
 0001:00014959       __callnewh                 10015959 f   LIBCMT:handler.obj
 0001:000149d4       __ismbblead                100159d4 f   LIBCMT:ismbbyte.obj
 0001:000149ec       __local_unwind4            100159ec f   LIBCMT:exsup4.obj
 0001:00014ac2       __seh_longjmp_unwind4@4    10015ac2 f   LIBCMT:exsup4.obj
 0001:00014ade       @_EH4_CallFilterFunc@8     10015ade f   LIBCMT:exsup4.obj
 0001:00014af5       @_EH4_TransferToHandler@8  10015af5 f   LIBCMT:exsup4.obj
 0001:00014b0e       @_EH4_GlobalUnwind@4       10015b0e f   LIBCMT:exsup4.obj
 0001:00014b28       @_EH4_LocalUnwind@16       10015b28 f   LIBCMT:exsup4.obj
 0001:00014b3f       ___report_gsfailure        10015b3f f   LIBCMT:gs_report.obj
 0001:00014c45       ___ansicp                  10015c45 f   LIBCMT:convrtcp.obj
 0001:00014c8e       ___convertcp               10015c8e f   LIBCMT:convrtcp.obj
 0001:00014e50       __alloca_probe_16          10015e50 f   LIBCMT:alloca16.obj
 0001:00014e66       __alloca_probe_8           10015e66     LIBCMT:alloca16.obj
 0001:00014e7c       __isleadbyte_l             10015e7c f i LIBCMT:_wctype.obj
 0001:00014eb4       _atol                      10015eb4 f   LIBCMT:atox.obj
 0001:00014eca       __msize                    10015eca f   LIBCMT:msize.obj
 0001:00014f6d       ___crtMessageBoxA          10015f6d f   LIBCMT:crtmbox.obj
 0001:000150d6       __set_error_mode           100160d6 f   LIBCMT:errmode.obj
 0001:00015121       __fptrap                   10016121 f   LIBCMT:crt0fp.obj
 0001:0001512a       _abort                     1001612a f   LIBCMT:abort.obj
 0001:00015250       __alloca_probe             10016250     LIBCMT:chkstk.obj
 0001:00015250       __chkstk                   10016250 f   LIBCMT:chkstk.obj
 0001:000154aa       _strtol                    100164aa f   LIBCMT:strtol.obj
 0001:000154e0       ___ascii_strnicmp          100164e0 f   LIBCMT:_strnicm.obj
 0001:00015550       __aulldvrm                 10016550 f   LIBCMT:ulldvrm.obj
 0001:000155e5       __isctype_l                100165e5 f   LIBCMT:isctype.obj
 0001:0001569e       _RtlUnwind@16              1001669e f   kernel32:KERNEL32.dll
 0002:00000000       __imp__RegCreateKeyExW@36  10017000     advapi32:ADVAPI32.dll
 0002:00000004       __imp__RegSetValueExW@24   10017004     advapi32:ADVAPI32.dll
 0002:00000008       __imp__RegOpenKeyExW@20    10017008     advapi32:ADVAPI32.dll
 0002:0000000c       __imp__RegQueryValueExW@24 1001700c     advapi32:ADVAPI32.dll
 0002:00000010       __imp__RegCloseKey@4       10017010     advapi32:ADVAPI32.dll
 0002:00000014       \177ADVAPI32_NULL_THUNK_DATA 10017014     advapi32:ADVAPI32.dll
 0002:00000018       __imp__GdiAlphaBlend@44    10017018     gdi32:GDI32.dll
 0002:0000001c       __imp__StretchBlt@44       1001701c     gdi32:GDI32.dll
 0002:00000020       __imp__GetObjectW@12       10017020     gdi32:GDI32.dll
 0002:00000024       __imp__GdiFlush@0          10017024     gdi32:GDI32.dll
 0002:00000028       __imp__CreateDIBSection@24 10017028     gdi32:GDI32.dll
 0002:0000002c       __imp__GetStockObject@4    1001702c     gdi32:GDI32.dll
 0002:00000030       __imp__CreateFontW@56      10017030     gdi32:GDI32.dll
 0002:00000034       __imp__CreateCompatibleDC@4 10017034     gdi32:GDI32.dll
 0002:00000038       __imp__CreateCompatibleBitmap@12 10017038     gdi32:GDI32.dll
 0002:0000003c       __imp__BitBlt@36           1001703c     gdi32:GDI32.dll
 0002:00000040       __imp__DeleteDC@4          10017040     gdi32:GDI32.dll
 0002:00000044       __imp__SelectObject@8      10017044     gdi32:GDI32.dll
 0002:00000048       __imp__Rectangle@20        10017048     gdi32:GDI32.dll
 0002:0000004c       __imp__SetTextColor@8      1001704c     gdi32:GDI32.dll
 0002:00000050       __imp__SetBkColor@8        10017050     gdi32:GDI32.dll
 0002:00000054       __imp__CreatePen@12        10017054     gdi32:GDI32.dll
 0002:00000058       __imp__MoveToEx@16         10017058     gdi32:GDI32.dll
 0002:0000005c       __imp__LineTo@12           1001705c     gdi32:GDI32.dll
 0002:00000060       __imp__DeleteObject@4      10017060     gdi32:GDI32.dll
 0002:00000064       __imp__CreateSolidBrush@4  10017064     gdi32:GDI32.dll
 0002:00000068       __imp__SetStretchBltMode@8 10017068     gdi32:GDI32.dll
 0002:0000006c       \177GDI32_NULL_THUNK_DATA  1001706c     gdi32:GDI32.dll
 0002:00000070       __imp__GetStdHandle@4      10017070     kernel32:KERNEL32.dll
 0002:00000074       __imp__WideCharToMultiByte@32 10017074     kernel32:KERNEL32.dll
 0002:00000078       __imp__LocalFree@4         10017078     kernel32:KERNEL32.dll
 0002:0000007c       __imp__lstrcpyW@8          1001707c     kernel32:KERNEL32.dll
 0002:00000080       __imp__ReadConsoleInputW@16 10017080     kernel32:KERNEL32.dll
 0002:00000084       __imp__lstrcpynA@12        10017084     kernel32:KERNEL32.dll
 0002:00000088       __imp__MultiByteToWideChar@24 10017088     kernel32:KERNEL32.dll
 0002:0000008c       __imp__lstrlenA@4          1001708c     kernel32:KERNEL32.dll
 0002:00000090       __imp__LocalAlloc@8        10017090     kernel32:KERNEL32.dll
 0002:00000094       __imp__FileTimeToSystemTime@8 10017094     kernel32:KERNEL32.dll
 0002:00000098       __imp__GetExitCodeThread@8 10017098     kernel32:KERNEL32.dll
 0002:0000009c       __imp__WaitForMultipleObjects@16 1001709c     kernel32:KERNEL32.dll
 0002:000000a0       __imp__CreateEventW@16     100170a0     kernel32:KERNEL32.dll
 0002:000000a4       __imp__SetEvent@4          100170a4     kernel32:KERNEL32.dll
 0002:000000a8       __imp__FindClose@4         100170a8     kernel32:KERNEL32.dll
 0002:000000ac       __imp__FindNextFileW@8     100170ac     kernel32:KERNEL32.dll
 0002:000000b0       __imp__FreeLibrary@4       100170b0     kernel32:KERNEL32.dll
 0002:000000b4       __imp__FindFirstFileW@8    100170b4     kernel32:KERNEL32.dll
 0002:000000b8       __imp__lstrcatW@8          100170b8     kernel32:KERNEL32.dll
 0002:000000bc       __imp__GetTempPathW@8      100170bc     kernel32:KERNEL32.dll
 0002:000000c0       __imp__IsBadReadPtr@8      100170c0     kernel32:KERNEL32.dll
 0002:000000c4       __imp__ResetEvent@4        100170c4     kernel32:KERNEL32.dll
 0002:000000c8       __imp__HeapCreate@12       100170c8     kernel32:KERNEL32.dll
 0002:000000cc       __imp__HeapDestroy@4       100170cc     kernel32:KERNEL32.dll
 0002:000000d0       __imp__HeapAlloc@12        100170d0     kernel32:KERNEL32.dll
 0002:000000d4       __imp__HeapReAlloc@16      100170d4     kernel32:KERNEL32.dll
 0002:000000d8       __imp__HeapFree@12         100170d8     kernel32:KERNEL32.dll
 0002:000000dc       __imp__OpenThread@12       100170dc     kernel32:KERNEL32.dll
 0002:000000e0       __imp__InitializeCriticalSection@4 100170e0     kernel32:KERNEL32.dll
 0002:000000e4       __imp__DeleteCriticalSection@4 100170e4     kernel32:KERNEL32.dll
 0002:000000e8       __imp__EnterCriticalSection@4 100170e8     kernel32:KERNEL32.dll
 0002:000000ec       __imp__LeaveCriticalSection@4 100170ec     kernel32:KERNEL32.dll
 0002:000000f0       __imp__TryEnterCriticalSection@4 100170f0     kernel32:KERNEL32.dll
 0002:000000f4       __imp__VerifyVersionInfoW@16 100170f4     kernel32:KERNEL32.dll
 0002:000000f8       __imp__VerSetConditionMask@16 100170f8     kernel32:KERNEL32.dll
 0002:000000fc       __imp__ReadConsoleOutputW@20 100170fc     kernel32:KERNEL32.dll
 0002:00000100       __imp__GetConsoleScreenBufferInfo@8 10017100     kernel32:KERNEL32.dll
 0002:00000104       __imp__GetFileInformationByHandle@8 10017104     kernel32:KERNEL32.dll
 0002:00000108       __imp__GetCurrentProcess@0 10017108     kernel32:KERNEL32.dll
 0002:0000010c       __imp__Process32NextW@8    1001710c     kernel32:KERNEL32.dll
 0002:00000110       __imp__Process32FirstW@8   10017110     kernel32:KERNEL32.dll
 0002:00000114       __imp__ExpandEnvironmentStringsW@12 10017114     kernel32:KERNEL32.dll
 0002:00000118       __imp__WriteConsoleInputW@16 10017118     kernel32:KERNEL32.dll
 0002:0000011c       __imp__TerminateThread@8   1001711c     kernel32:KERNEL32.dll
 0002:00000120       __imp__RaiseException@16   10017120     kernel32:KERNEL32.dll
 0002:00000124       __imp__ResumeThread@4      10017124     kernel32:KERNEL32.dll
 0002:00000128       __imp__CreateThread@24     10017128     kernel32:KERNEL32.dll
 0002:0000012c       __imp__HeapSize@12         1001712c     kernel32:KERNEL32.dll
 0002:00000130       __imp__InitializeCriticalSectionAndSpinCount@8 10017130     kernel32:KERNEL32.dll
 0002:00000134       __imp__LoadLibraryA@4      10017134     kernel32:KERNEL32.dll
 0002:00000138       __imp__VirtualAlloc@16     10017138     kernel32:KERNEL32.dll
 0002:0000013c       __imp__GetLocaleInfoA@16   1001713c     kernel32:KERNEL32.dll
 0002:00000140       __imp__GetStringTypeW@16   10017140     kernel32:KERNEL32.dll
 0002:00000144       __imp__GetStringTypeA@20   10017144     kernel32:KERNEL32.dll
 0002:00000148       __imp__LCMapStringW@24     10017148     kernel32:KERNEL32.dll
 0002:0000014c       __imp__LCMapStringA@24     1001714c     kernel32:KERNEL32.dll
 0002:00000150       __imp__GetSystemTimeAsFileTime@4 10017150     kernel32:KERNEL32.dll
 0002:00000154       __imp__QueryPerformanceCounter@4 10017154     kernel32:KERNEL32.dll
 0002:00000158       __imp__VirtualFree@12      10017158     kernel32:KERNEL32.dll
 0002:0000015c       __imp__GetEnvironmentStringsW@0 1001715c     kernel32:KERNEL32.dll
 0002:00000160       __imp__FreeEnvironmentStringsW@4 10017160     kernel32:KERNEL32.dll
 0002:00000164       __imp__GetEnvironmentStrings@0 10017164     kernel32:KERNEL32.dll
 0002:00000168       __imp__FreeEnvironmentStringsA@4 10017168     kernel32:KERNEL32.dll
 0002:0000016c       __imp__GetModuleFileNameA@12 1001716c     kernel32:KERNEL32.dll
 0002:00000170       __imp__GetStartupInfoA@4   10017170     kernel32:KERNEL32.dll
 0002:00000174       __imp__GetFileType@4       10017174     kernel32:KERNEL32.dll
 0002:00000178       __imp__SetHandleCount@4    10017178     kernel32:KERNEL32.dll
 0002:0000017c       __imp__ExitProcess@4       1001717c     kernel32:KERNEL32.dll
 0002:00000180       __imp__SetUnhandledExceptionFilter@4 10017180     kernel32:KERNEL32.dll
 0002:00000184       __imp__UnhandledExceptionFilter@4 10017184     kernel32:KERNEL32.dll
 0002:00000188       __imp__TerminateProcess@8  10017188     kernel32:KERNEL32.dll
 0002:0000018c       __imp__TlsFree@4           1001718c     kernel32:KERNEL32.dll
 0002:00000190       __imp__TlsSetValue@8       10017190     kernel32:KERNEL32.dll
 0002:00000194       __imp__TlsAlloc@0          10017194     kernel32:KERNEL32.dll
 0002:00000198       __imp__TlsGetValue@4       10017198     kernel32:KERNEL32.dll
 0002:0000019c       __imp__IsValidCodePage@4   1001719c     kernel32:KERNEL32.dll
 0002:000001a0       __imp__GetOEMCP@0          100171a0     kernel32:KERNEL32.dll
 0002:000001a4       __imp__GetACP@0            100171a4     kernel32:KERNEL32.dll
 0002:000001a8       __imp__InterlockedDecrement@4 100171a8     kernel32:KERNEL32.dll
 0002:000001ac       __imp__VirtualProtect@16   100171ac     kernel32:KERNEL32.dll
 0002:000001b0       __imp__CreateToolhelp32Snapshot@8 100171b0     kernel32:KERNEL32.dll
 0002:000001b4       __imp__Thread32First@8     100171b4     kernel32:KERNEL32.dll
 0002:000001b8       __imp__Thread32Next@8      100171b8     kernel32:KERNEL32.dll
 0002:000001bc       __imp__CreateFileMappingW@24 100171bc     kernel32:KERNEL32.dll
 0002:000001c0       __imp__LoadLibraryW@4      100171c0     kernel32:KERNEL32.dll
 0002:000001c4       __imp__WriteFile@20        100171c4     kernel32:KERNEL32.dll
 0002:000001c8       __imp__TransactNamedPipe@28 100171c8     kernel32:KERNEL32.dll
 0002:000001cc       __imp__ReadFile@20         100171cc     kernel32:KERNEL32.dll
 0002:000001d0       __imp__CreateFileW@28      100171d0     kernel32:KERNEL32.dll
 0002:000001d4       __imp__WaitForSingleObject@8 100171d4     kernel32:KERNEL32.dll
 0002:000001d8       __imp__WaitNamedPipeW@8    100171d8     kernel32:KERNEL32.dll
 0002:000001dc       __imp__Sleep@4             100171dc     kernel32:KERNEL32.dll
 0002:000001e0       __imp__SetNamedPipeHandleState@16 100171e0     kernel32:KERNEL32.dll
 0002:000001e4       __imp__GetModuleFileNameW@12 100171e4     kernel32:KERNEL32.dll
 0002:000001e8       __imp__OpenFileMappingW@12 100171e8     kernel32:KERNEL32.dll
 0002:000001ec       __imp__MapViewOfFile@20    100171ec     kernel32:KERNEL32.dll
 0002:000001f0       __imp__UnmapViewOfFile@4   100171f0     kernel32:KERNEL32.dll
 0002:000001f4       __imp__CloseHandle@4       100171f4     kernel32:KERNEL32.dll
 0002:000001f8       __imp__SetLastError@4      100171f8     kernel32:KERNEL32.dll
 0002:000001fc       __imp__GetCurrentThreadId@0 100171fc     kernel32:KERNEL32.dll
 0002:00000200       __imp__GetCurrentProcessId@0 10017200     kernel32:KERNEL32.dll
 0002:00000204       __imp__GetTickCount@0      10017204     kernel32:KERNEL32.dll
 0002:00000208       __imp__GetLastError@0      10017208     kernel32:KERNEL32.dll
 0002:0000020c       __imp__IsDebuggerPresent@0 1001720c     kernel32:KERNEL32.dll
 0002:00000210       __imp__lstrcmpiW@8         10017210     kernel32:KERNEL32.dll
 0002:00000214       __imp__lstrcmpW@8          10017214     kernel32:KERNEL32.dll
 0002:00000218       __imp__GetModuleHandleW@4  10017218     kernel32:KERNEL32.dll
 0002:0000021c       __imp__GetProcAddress@8    1001721c     kernel32:KERNEL32.dll
 0002:00000220       __imp__lstrcpynW@12        10017220     kernel32:KERNEL32.dll
 0002:00000224       __imp__SetEnvironmentVariableW@8 10017224     kernel32:KERNEL32.dll
 0002:00000228       __imp__GetEnvironmentVariableW@12 10017228     kernel32:KERNEL32.dll
 0002:0000022c       __imp__lstrlenW@4          1001722c     kernel32:KERNEL32.dll
 0002:00000230       __imp__InterlockedIncrement@4 10017230     kernel32:KERNEL32.dll
 0002:00000234       __imp__GetCPInfo@8         10017234     kernel32:KERNEL32.dll
 0002:00000238       __imp__VirtualQuery@12     10017238     kernel32:KERNEL32.dll
 0002:0000023c       __imp__RtlUnwind@16        1001723c     kernel32:KERNEL32.dll
 0002:00000240       __imp__GetCommandLineA@0   10017240     kernel32:KERNEL32.dll
 0002:00000244       \177KERNEL32_NULL_THUNK_DATA 10017244     kernel32:KERNEL32.dll
 0002:00000248       __imp__SHGetFileInfoW@20   10017248     shell32:SHELL32.dll
 0002:0000024c       \177SHELL32_NULL_THUNK_DATA 1001724c     shell32:SHELL32.dll
 0002:00000250       __imp__IsWindow@4          10017250     user32:USER32.dll
 0002:00000254       __imp__GetWindowLongW@8    10017254     user32:USER32.dll
 0002:00000258       __imp__GetClassNameW@12    10017258     user32:USER32.dll
 0002:0000025c       __imp__MapVirtualKeyW@8    1001725c     user32:USER32.dll
 0002:00000260       __imp__CreateWindowExW@48  10017260     user32:USER32.dll
 0002:00000264       __imp__ShowWindow@8        10017264     user32:USER32.dll
 0002:00000268       __imp__wsprintfA           10017268     user32:USER32.dll
 0002:0000026c       __imp__LoadIconW@8         1001726c     user32:USER32.dll
 0002:00000270       __imp__GetIconInfo@8       10017270     user32:USER32.dll
 0002:00000274       __imp__DrawIconEx@36       10017274     user32:USER32.dll
 0002:00000278       __imp__DestroyIcon@4       10017278     user32:USER32.dll
 0002:0000027c       __imp__GetDC@4             1001727c     user32:USER32.dll
 0002:00000280       __imp__ReleaseDC@8         10017280     user32:USER32.dll
 0002:00000284       __imp__RegisterWindowMessageW@4 10017284     user32:USER32.dll
 0002:00000288       __imp__GetMessageW@16      10017288     user32:USER32.dll
 0002:0000028c       __imp__UnregisterClassW@8  1001728c     user32:USER32.dll
 0002:00000290       __imp__DispatchMessageW@4  10017290     user32:USER32.dll
 0002:00000294       __imp__LoadCursorW@8       10017294     user32:USER32.dll
 0002:00000298       __imp__RegisterClassW@4    10017298     user32:USER32.dll
 0002:0000029c       __imp__EndPaint@8          1001729c     user32:USER32.dll
 0002:000002a0       __imp__SetWindowLongW@12   100172a0     user32:USER32.dll
 0002:000002a4       __imp__DefWindowProcW@16   100172a4     user32:USER32.dll
 0002:000002a8       __imp__DestroyWindow@4     100172a8     user32:USER32.dll
 0002:000002ac       __imp__PostThreadMessageW@16 100172ac     user32:USER32.dll
 0002:000002b0       __imp__BeginPaint@8        100172b0     user32:USER32.dll
 0002:000002b4       __imp__InvalidateRect@12   100172b4     user32:USER32.dll
 0002:000002b8       __imp__DrawTextW@20        100172b8     user32:USER32.dll
 0002:000002bc       __imp__FillRect@12         100172bc     user32:USER32.dll
 0002:000002c0       __imp__ShowWindowAsync@8   100172c0     user32:USER32.dll
 0002:000002c4       __imp__PostMessageW@16     100172c4     user32:USER32.dll
 0002:000002c8       __imp__GetWindowThreadProcessId@8 100172c8     user32:USER32.dll
 0002:000002cc       __imp__MessageBoxW@16      100172cc     user32:USER32.dll
 0002:000002d0       __imp__IsWindowVisible@4   100172d0     user32:USER32.dll
 0002:000002d4       __imp__GetClientRect@8     100172d4     user32:USER32.dll
 0002:000002d8       __imp__MapWindowPoints@16  100172d8     user32:USER32.dll
 0002:000002dc       __imp__ChildWindowFromPointEx@16 100172dc     user32:USER32.dll
 0002:000002e0       __imp__WindowFromPoint@8   100172e0     user32:USER32.dll
 0002:000002e4       __imp__IntersectRect@12    100172e4     user32:USER32.dll
 0002:000002e8       __imp__wsprintfW           100172e8     user32:USER32.dll
 0002:000002ec       __imp__GetKeyState@4       100172ec     user32:USER32.dll
 0002:000002f0       \177USER32_NULL_THUNK_DATA 100172f0     user32:USER32.dll
 0002:000002f4       __imp__GetFileVersionInfoW@16 100172f4     version:VERSION.dll
 0002:000002f8       __imp__GetFileVersionInfoSizeW@8 100172f8     version:VERSION.dll
 0002:000002fc       __imp__VerQueryValueW@16   100172fc     version:VERSION.dll
 0002:00000300       \177VERSION_NULL_THUNK_DATA 10017300     version:VERSION.dll
 0002:00000304       __imp__CoInitialize@4      10017304     ole32:ole32.dll
 0002:00000308       __imp__CoUninitialize@0    10017308     ole32:ole32.dll
 0002:0000030c       \177ole32_NULL_THUNK_DATA  1001730c     ole32:ole32.dll
 0002:00000310       ___xc_a                    10017310     LIBCMT:crt0init.obj
 0002:00000314       ___xc_z                    10017314     LIBCMT:crt0init.obj
 0002:00000318       ___xi_a                    10017318     LIBCMT:crt0init.obj
 0002:00000328       ___xi_z                    10017328     LIBCMT:crt0init.obj
 0002:0000032c       ___xp_a                    1001732c     LIBCMT:crt0init.obj
 0002:00000330       ___xp_z                    10017330     LIBCMT:crt0init.obj
 0002:00000334       ___xt_a                    10017334     LIBCMT:crt0init.obj
 0002:00000338       ___xt_z                    10017338     LIBCMT:crt0init.obj
 0002:00000340       ??_C@_19IJOJOJIB@?$AAP?$AAA?$AAT?$AAH?$AA?$AA@ 10017340     CEStr.obj
 0002:00000350       ??_C@_1EHK@JMHPNAMN@?$AAA?$AAC?$AAT?$AAI?$AAV?$AAA?$AAT?$AAE?$AA?$AA?$AAA?$AAL?$AAI?$AAA?$AAS?$AA?$AA?$AAA?$AAS?$AAS?$AAO?$AAC?$AA?$AA?$AAA?$AAT?$AAT?$AAR?$AAI?$AAB?$AA?$AA?$AAB?$AAE?$AAE?$AAP@ 10017350     CmdLine.obj
 0002:000007cc       ??_C@_1BK@MGMFAEKH@?$AAk?$AAe?$AAr?$AAn?$AAe?$AAl?$AA3?$AA2?$AA?4?$AAd?$AAl?$AAl?$AA?$AA@ 100177cc     CmdLine.obj
 0002:000007e8       ??_C@_11LOCGONAA@?$AA?$AA@ 100177e8     CmdLine.obj
 0002:000007ec       ??_C@_13FPGAJAPJ@?$AA?2?$AA?$AA@ 100177ec     CmdLine.obj
 0002:000007f0       ??_C@_19DOGDICKI@?$AA?4?$AAe?$AAx?$AAe?$AA?$AA@ 100177f0     CmdLine.obj
 0002:000007fc       ??_C@_1BA@LEPJIIOK@?$AAU?$AAn?$AAk?$AAn?$AAo?$AAw?$AAn?$AA?$AA@ 100177fc     ConEmuCheck.obj
 0002:00000810       ??_C@_1EM@INHGIPLC@?$AA?$CF?$AAs?$AA?4?$AA?$CF?$AAu?$AA?3?$AA?5?$AAC?$AAr?$AAe?$AAa?$AAt?$AAe?$AAF?$AAi?$AAl?$AAe?$AA?$CI?$AA?$CF?$AAs?$AA?$CJ?$AA?5?$AAf?$AAa?$AAi?$AAl?$AAe?$AAd?$AA?0?$AA?5?$AAc?$AAo@ 10017810     ConEmuCheck.obj
 0002:0000085c       ??_C@_1DC@MJLCOFMA@?$AA?2?$AA?2?$AA?$CF?$AAs?$AA?2?$AAp?$AAi?$AAp?$AAe?$AA?2?$AAC?$AAo?$AAn?$AAE?$AAm?$AAu?$AAG?$AAu?$AAi?$AA?4?$AA?$CF?$AA0?$AA8?$AAX?$AA?$AA@ 1001785c     ConEmuCheck.obj
 0002:00000890       ??_C@_13JOFGPIOO@?$AA?4?$AA?$AA@ 10017890     ConEmuCheck.obj
 0002:00000898       ??_C@_1FO@BGAPBIGG@?$AAC?$AAa?$AAn?$AA?8?$AAt?$AA?5?$AAm?$AAa?$AAp?$AA?5?$AAc?$AAo?$AAn?$AAs?$AAo?$AAl?$AAe?$AA?5?$AAi?$AAn?$AAf?$AAo?$AA?5?$AA?$CI?$AA?$CF?$AAs?$AA?$CJ?$AA?4?$AA?5?$AAE?$AAr?$AAr@ 10017898     ConEmuCheck.obj
 0002:000008f8       ??_C@_19EOHDNDII@?$AAR?$AAe?$AAa?$AAd?$AA?$AA@ 100178f8     ConEmuCheck.obj
 0002:00000904       ??_C@_1BE@HADLJAO@?$AAR?$AAe?$AAa?$AAd?$AAW?$AAr?$AAi?$AAt?$AAe?$AA?$AA@ 10017904     ConEmuCheck.obj
 0002:00000918       ??_C@_1GM@LGOLGABE@?$AAC?$AAa?$AAn?$AA?8?$AAt?$AA?5?$AA?$CF?$AAs?$AA?5?$AAc?$AAo?$AAn?$AAs?$AAo?$AAl?$AAe?$AA?5?$AAd?$AAa?$AAt?$AAa?$AA?5?$AAf?$AAi?$AAl?$AAe?$AA?5?$AAm?$AAa?$AAp?$AAp?$AAi@ 10017918     ConEmuCheck.obj
 0002:00000984       ??_C@_19BDAJEHDN@?$AAo?$AAp?$AAe?$AAn?$AA?$AA@ 10017984     ConEmuCheck.obj
 0002:00000990       ??_C@_1O@KBENBEFG@?$AAc?$AAr?$AAe?$AAa?$AAt?$AAe?$AA?$AA@ 10017990     ConEmuCheck.obj
 0002:000009a0       ??_C@_1GK@OGACKIKJ@?$AAI?$AAn?$AAt?$AAe?$AAr?$AAn?$AAa?$AAl?$AA?5?$AAe?$AAr?$AAr?$AAo?$AAr?$AA?4?$AA?5?$AAM?$AAa?$AAp?$AAp?$AAi?$AAn?$AAg?$AA?5?$AAf?$AAi?$AAl?$AAe?$AA?5?$AAn?$AAa?$AAm@ 100179a0     ConEmuCheck.obj
 0002:00000a0c       ??_C@_0BF@NLPJFAHE@ProcessSynchroEventW?$AA@ 10017a0c     ConEmuTh.obj
 0002:00000a24       ??_C@_08BCACMCCB@ExitFARW?$AA@ 10017a24     ConEmuTh.obj
 0002:00000a30       ??_C@_1BO@KCLMEFLE@?$AAR?$AAi?$AAg?$AAh?$AAt?$AAP?$AAa?$AAn?$AAe?$AAl?$AAV?$AAi?$AAe?$AAw?$AA?$AA@ 10017a30     ConEmuTh.obj
 0002:00000a50       ??_C@_1BM@HEIDIPPL@?$AAL?$AAe?$AAf?$AAt?$AAP?$AAa?$AAn?$AAe?$AAl?$AAV?$AAi?$AAe?$AAw?$AA?$AA@ 10017a50     ConEmuTh.obj
 0002:00000a6c       ??_C@_1CA@GGFPMHLH@?$AA?6?$AAE?$AAr?$AAr?$AAC?$AAo?$AAd?$AAe?$AA?$DN?$AA0?$AAx?$AA?$CF?$AA0?$AA8?$AAX?$AA?$AA@ 10017a6c     ConEmuTh.obj
 0002:00000a90       ??_C@_1EG@IINOBDEG@?$AAI?$AAn?$AAv?$AAa?$AAl?$AAi?$AAd?$AA?5?$AAa?$AAs?$AAM?$AAo?$AAd?$AAu?$AAl?$AAe?$AAP?$AAa?$AAt?$AAh?$AA?5?$AAw?$AAa?$AAs?$AA?5?$AAs?$AAp?$AAe?$AAc?$AAi?$AAf?$AAi@ 10017a90     ConEmuTh.obj
 0002:00000ad8       ??_C@_1GC@CPPHDKJK@?$AAL?$AAo?$AAa?$AAd?$AAA?$AAp?$AAp?$AAV?$AAe?$AAr?$AAs?$AAi?$AAo?$AAn?$AA?4?$AAG?$AAe?$AAt?$AAF?$AAi?$AAl?$AAe?$AAV?$AAe?$AAr?$AAs?$AAi?$AAo?$AAn?$AAI?$AAn?$AAf@ 10017ad8     ConEmuTh.obj
 0002:00000b40       ??_C@_1GC@BINFLBDC@?$AAL?$AAo?$AAa?$AAd?$AAA?$AAp?$AAp?$AAV?$AAe?$AAr?$AAs?$AAi?$AAo?$AAn?$AA?5?$AAf?$AAa?$AAi?$AAl?$AAe?$AAd?$AA?$CB?$AA?5?$AAC?$AAa?$AAn?$AA?8?$AAt?$AA?5?$AAa?$AAl?$AAl@ 10017b40     ConEmuTh.obj
 0002:00000ba8       ??_C@_1FK@HILEEFML@?$AAL?$AAo?$AAa?$AAd?$AAA?$AAp?$AAp?$AAV?$AAe?$AAr?$AAs?$AAi?$AAo?$AAn?$AA?4?$AAG?$AAe?$AAt?$AAF?$AAi?$AAl?$AAe?$AAV?$AAe?$AAr?$AAs?$AAi?$AAo?$AAn?$AAI?$AAn?$AAf@ 10017ba8     ConEmuTh.obj
 0002:00000c08       ??_C@_1FG@DPPGENBC@?$AAL?$AAo?$AAa?$AAd?$AAA?$AAp?$AAp?$AAV?$AAe?$AAr?$AAs?$AAi?$AAo?$AAn?$AA?4?$AAV?$AAe?$AAr?$AAQ?$AAu?$AAe?$AAr?$AAy?$AAV?$AAa?$AAl?$AAu?$AAe?$AA?$CI?$AA?$CC?$AA?2?$AA?$CC@ 10017c08     ConEmuTh.obj
 0002:00000c60       ??_C@_1FG@LNADFPCE@?$AAL?$AAo?$AAa?$AAd?$AAF?$AAa?$AAr?$AAV?$AAe?$AAr?$AAs?$AAi?$AAo?$AAn?$AA?4?$AAG?$AAe?$AAt?$AAM?$AAo?$AAd?$AAu?$AAl?$AAe?$AAF?$AAi?$AAl?$AAe?$AAN?$AAa?$AAm?$AAe@ 10017c60     ConEmuTh.obj
 0002:00000cb8       ??_C@_1DC@FOGHAECG@?$AAF?$AAa?$AAr?$AAM?$AAu?$AAl?$AAt?$AAi?$AAV?$AAi?$AAe?$AAw?$AAC?$AAo?$AAn?$AAt?$AAr?$AAo?$AAl?$AAC?$AAl?$AAa?$AAs?$AAs?$AA?$AA@ 10017cb8     ConEmuTh.obj
 0002:00000cec       ??_C@_1DG@DBEAEOKG@?$AAF?$AAa?$AAr?$AAP?$AAi?$AAc?$AAt?$AAu?$AAr?$AAe?$AAV?$AAi?$AAe?$AAw?$AAC?$AAo?$AAn?$AAt?$AAr?$AAo?$AAl?$AAC?$AAl?$AAa?$AAs?$AAs?$AA?$AA@ 10017cec     ConEmuTh.obj
 0002:00000d24       ??_C@_1BI@GILFJGEK@?$AAB?$AAu?$AAt?$AAt?$AAo?$AAn?$AAC?$AAo?$AAl?$AAo?$AAr?$AA?$AA@ 10017d24     ConEmuTh.obj
 0002:00000d3c       ??_C@_1BK@NFAPLMGI@?$AAS?$AAe?$AAp?$AAa?$AAr?$AAa?$AAt?$AAe?$AAT?$AAa?$AAb?$AAs?$AA?$AA@ 10017d3c     ConEmuTh.obj
 0002:00000d58       ??_C@_1CG@HOMCPCN@?$AA?2?$AAP?$AAl?$AAu?$AAg?$AAi?$AAn?$AAs?$AA?2?$AAP?$AAa?$AAn?$AAe?$AAl?$AAT?$AAa?$AAb?$AAs?$AA?$AA@ 10017d58     ConEmuTh.obj
 0002:00000d80       ??_C@_1BK@GAMFFEOB@?$AAC?$AAo?$AAn?$AAE?$AAm?$AAu?$AAT?$AAh?$AA?4?$AAd?$AAl?$AAl?$AA?$AA@ 10017d80     ConEmuTh.obj
 0002:00000d9c       ??_C@_1BM@OLHABKH@?$AAF?$AAa?$AAr?$AAT?$AAh?$AAu?$AAm?$AAb?$AAn?$AAa?$AAi?$AAl?$AAs?$AA?$AA@ 10017d9c     ConEmuTh.obj
 0002:00000db8       ??_C@_1O@EMLLFJNI@?$AAA?$AAc?$AAt?$AAi?$AAv?$AAe?$AA?$AA@ 10017db8     ConEmuTh.obj
 0002:00000dc8       ??_C@_0N@IGDGKHAB@ConEmuTh?4cpp?$AA@ 10017dc8     ConEmuTh.obj
 0002:00000dd8       ??_C@_1DM@JLCDNDHD@?$AAC?$AAo?$AAn?$AAE?$AAm?$AAu?$AAP?$AAa?$AAn?$AAe?$AAl?$AAV?$AAi?$AAe?$AAw?$AAD?$AAl?$AAg?$AAs?$AAM?$AAa?$AAp?$AAp?$AAi?$AAn?$AAg?$AA?4?$AA?$CF?$AAu?$AA?$AA@ 10017dd8     ConEmuTh.obj
 0002:00000e14       ??_C@_1DM@OLPDHEPA@?$AAF?$AAa?$AAi?$AAl?$AAe?$AAd?$AA?5?$AAt?$AAo?$AA?5?$AAg?$AAe?$AAt?$AA?5?$AAC?$AAo?$AAn?$AAE?$AAm?$AAu?$AA?5?$AAp?$AAa?$AAl?$AAe?$AAt?$AAt?$AAe?$AA?$CB?$AA?$AA@ 10017e14     ConEmuTh.obj
 0002:00000e50       ??_C@_1BC@DJOGOIHN@?$AAC?$AAo?$AAn?$AAE?$AAm?$AAu?$AAT?$AAh?$AA?$AA@ 10017e50     ConEmuTh.obj
 0002:00000e64       ??_C@_1DA@BMIFHIMF@?$AAC?$AAo?$AAn?$AAE?$AAm?$AAu?$AAV?$AAi?$AAe?$AAw?$AAS?$AAe?$AAt?$AAM?$AAa?$AAp?$AAp?$AAi?$AAn?$AAg?$AA?4?$AA?$CF?$AAu?$AA?$AA@ 10017e64     ConEmuTh.obj
 0002:00000e94       ??_C@_0M@FMNOKGGE@GetFarHWND2?$AA@ 10017e94     ConEmuTh.obj
 0002:00000ea0       ??_C@_0BC@MKJHPCEO@RegisterPanelView?$AA@ 10017ea0     ConEmuTh.obj
 0002:00000eb4       ??_C@_1BG@NBIHKCLP@?$AAC?$AAo?$AAn?$AAE?$AAm?$AAu?$AA?4?$AAd?$AAl?$AAl?$AA?$AA@ 10017eb4     ConEmuTh.obj
 0002:00000ecc       ??_C@_17JLFEDMMI@?$AA?$DP?$AA?$DP?$AA?$DP?$AA?$AA@ 10017ecc     ConEmuTh1900.obj
 0002:00000ed4       ??_C@_1BC@IALIJCAM@?$AAS?$AAo?$AAr?$AAt?$AAM?$AAo?$AAd?$AAe?$AA?$AA@ 10017ed4     ConEmuTh1900.obj
 0002:00000ee8       ??_C@_1BG@MHMKAABO@?$AAS?$AAt?$AAa?$AAt?$AAu?$AAs?$AAL?$AAi?$AAn?$AAe?$AA?$AA@ 10017ee8     ConEmuTh1900.obj
 0002:00000f00       ??_C@_1BK@MBFACEDG@?$AAC?$AAo?$AAl?$AAu?$AAm?$AAn?$AAT?$AAi?$AAt?$AAl?$AAe?$AAs?$AA?$AA@ 10017f00     ConEmuTh1900.obj
 0002:00000f1c       ??_C@_1O@PDEOIOBG@?$AAK?$AAe?$AAy?$AAB?$AAa?$AAr?$AA?$AA@ 10017f1c     ConEmuTh1900.obj
 0002:00000f2c       ??_C@_1BI@EKLHEFDO@?$AAS?$AAh?$AAo?$AAw?$AAM?$AAe?$AAn?$AAu?$AAB?$AAa?$AAr?$AA?$AA@ 10017f2c     ConEmuTh1900.obj
 0002:00000f44       ??_C@_1DE@DJEAMLPH@?$AAC?$AAo?$AAn?$AAE?$AAm?$AAu?$AA?4?$AAM?$AAa?$AAx?$AAi?$AAm?$AAu?$AAs?$AA5?$AA?$EA?$AAg?$AAm?$AAa?$AAi?$AAl?$AA?4?$AAc?$AAo?$AAm?$AA?$AA@ 10017f44     ConEmuTh2800.obj
 0002:00000f78       ??_C@_1EM@OOFEGLCO@?$AAT?$AAh?$AAu?$AAm?$AAb?$AAn?$AAa?$AAi?$AAl?$AAs?$AA?5?$AAa?$AAn?$AAd?$AA?5?$AAT?$AAi?$AAl?$AAe?$AAs?$AA?5?$AAi?$AAn?$AA?5?$AAC?$AAo?$AAn?$AAE?$AAm?$AAu?$AA?5?$AAw@ 10017f78     ConEmuTh2800.obj
 0002:00000fc4       ??_C@_1CG@DMGPLFKD@?$AAC?$AAo?$AAn?$AAE?$AAm?$AAu?$AA?5?$AAP?$AAa?$AAn?$AAe?$AAl?$AA?5?$AAV?$AAi?$AAe?$AAw?$AAs?$AA?$AA@ 10017fc4     ConEmuTh2800.obj
 0002:00000ff0       ??_C@_1HI@BNDPAPFP@?$AA?$CF?$AAs?$AA?5?$AA?$CF?$AAs?$AA?$CI?$AA?$CC?$AAb?$AAd?$AA4?$AA5?$AA4?$AAd?$AA4?$AA8?$AA?9?$AA4?$AA4?$AA8?$AAe?$AA?9?$AA4?$AA6?$AAc?$AAc?$AA?9?$AA9?$AA0?$AA9?$AAd?$AA?9?$AAb@ 10017ff0     ConEmuTh2800.obj
 0002:00001068       ??_C@_1BG@LBJCGLOJ@?$AAS?$AAe?$AAt?$AAC?$AAu?$AAr?$AAI?$AAt?$AAe?$AAm?$AA?$AA@ 10018068     ConEmuTh2800.obj
 0002:00001080       ??_C@_1BG@PKDGNNAF@?$AAc?$AAa?$AAl?$AAl?$AAp?$AAl?$AAu?$AAg?$AAi?$AAn?$AA?$AA@ 10018080     ConEmuTh2800.obj
 0002:00001098       ??_C@_1CM@IICFOBPI@?$AA$?$AAi?$AAf?$AA?5?$AA?$CI?$AAS?$AAe?$AAa?$AAr?$AAc?$AAh?$AA?$CJ?$AA?5?$AAE?$AAs?$AAc?$AA?5?$AA$?$AAe?$AAn?$AAd?$AA?$AA@ 10018098     ConEmuTh2800.obj
 0002:000010c4       ??_C@_1CA@GIGEMLLA@?$AAP?$AAl?$AAu?$AAg?$AAi?$AAn?$AA?4?$AAS?$AAy?$AAn?$AAc?$AAC?$AAa?$AAl?$AAl?$AA?$AA@ 100180c4     ConEmuTh2800.obj
 0002:000010e8       ??_C@_1EI@PNMHLKGC@?$AAi?$AAf?$AA?5?$AAA?$AAr?$AAe?$AAa?$AA?4?$AAS?$AAe?$AAa?$AAr?$AAc?$AAh?$AA?5?$AAt?$AAh?$AAe?$AAn?$AA?5?$AAK?$AAe?$AAy?$AAs?$AA?$CI?$AA?$CC?$AAE?$AAs?$AAc?$AA?$CC?$AA?$CJ?$AA?5@ 100180e8     ConEmuTh2800.obj
 0002:00001130       ??_C@_1BE@LFJLOEAN@?$AAC?$AAo?$AAn?$AAE?$AAm?$AAu?$AAT?$AAh?$AA?2?$AA?$AA@ 10018130     ConEmuTh995.obj
 0002:00001164       ??_C@_1DI@DLGGKEIH@?$AA$?$AAI?$AAf?$AA?5?$AA?$CI?$AA?$CF?$AAc?$AAP?$AAa?$AAn?$AAe?$AAl?$AA?4?$AAL?$AAe?$AAf?$AAt?$AA?$CJ?$AA?5?$AAT?$AAa?$AAb?$AA?5?$AA$?$AAE?$AAn?$AAd?$AA?$AA@ 10018164     Display.obj
 0002:000011a0       ??_C@_1EK@NOCLDABL@?$AAi?$AAf?$AA?5?$AA?$CF?$AAc?$AAP?$AAa?$AAn?$AAe?$AAl?$AA?4?$AAL?$AAe?$AAf?$AAt?$AA?5?$AAt?$AAh?$AAe?$AAn?$AA?5?$AAK?$AAe?$AAy?$AAs?$AA?$CI?$AA?$CC?$AAT?$AAa?$AAb?$AA?$CC?$AA?$CJ@ 100181a0     Display.obj
 0002:000011ec       ??_C@_1M@KOMOBEPM@?$AA?$CF?$AAi?$AA?5?$AA?$CF?$AAc?$AA?$AA@ 100181ec     Display.obj
 0002:000011f8       ??_C@_1BG@NLGHAGA@?$AA?$CF?$AAi?$AA?0?$AA?$CF?$AA0?$AA3?$AAi?$AA?5?$AA?$CF?$AAc?$AA?$AA@ 100181f8     Display.obj
 0002:00001210       ??_C@_1O@NLGMKEDN@?$AAB?$AAK?$AAM?$AAG?$AAT?$AAP?$AA?$AA@ 10018210     Display.obj
 0002:00001220       ??_C@_1CO@LEOKLKOD@?$AA?$CF?$AA0?$AA2?$AAi?$AA?4?$AA?$CF?$AA0?$AA2?$AAi?$AA?4?$AA?$CF?$AA0?$AA2?$AAi?$AA?5?$AA?$CF?$AAi?$AA?3?$AA?$CF?$AA0?$AA2?$AAi?$AA?$AA@ 10018220     Display.obj
 0002:00001250       ??_C@_1CM@MJKKOLFD@?$AAC?$AAo?$AAn?$AAE?$AAm?$AAu?$AA?4?$AA?$CF?$AAs?$AAP?$AAa?$AAn?$AAe?$AAl?$AAV?$AAi?$AAe?$AAw?$AA?4?$AA?$CF?$AAi?$AA?$AA@ 10018250     Display.obj
 0002:0000127c       ??_C@_1M@KDEMMBOH@?$AAR?$AAi?$AAg?$AAh?$AAt?$AA?$AA@ 1001827c     Display.obj
 0002:00001288       ??_C@_19DKAIAFPE@?$AAL?$AAe?$AAf?$AAt?$AA?$AA@ 10018288     Display.obj
 0002:00001294       ??_C@_0BG@FGMCOIHO@Thumbs?3?3DisplayThread?$AA@ 10018294     Display.obj
 0002:000012ac       ??_C@_1CI@GNBJKMME@?$AAC?$AAo?$AAn?$AAE?$AAm?$AAu?$AAT?$AAh?$AA?3?$AA?3?$AAM?$AAa?$AAp?$AAC?$AAo?$AAo?$AAr?$AAd?$AAs?$AA?$AA@ 100182ac     Display.obj
 0002:000012d4       ??_C@_1CG@OILEFJJN@?$AAC?$AAo?$AAn?$AAE?$AAm?$AAu?$AAT?$AAh?$AA?3?$AA?3?$AAS?$AAe?$AAt?$AAt?$AAi?$AAn?$AAg?$AAs?$AA?$AA@ 100182d4     Display.obj
 0002:000012fc       ??_C@_1BO@IPKBELC@?$AAC?$AAo?$AAn?$AAE?$AAm?$AAu?$AAT?$AAh?$AA?3?$AA?3?$AAF?$AAa?$AAd?$AAe?$AA?$AA@ 100182fc     Display.obj
 0002:0000131c       ??_C@_0BD@HGJIAJJM@RequestTrampolines?$AA@ 1001831c     HkFunc.obj
 0002:00001330       ??_C@_1BK@FLBMCLFA@?$AAC?$AAo?$AAn?$AAE?$AAm?$AAu?$AAH?$AAk?$AA?4?$AAd?$AAl?$AAl?$AA?$AA@ 10018330     HkFunc.obj
 0002:0000134c       ??_C@_0L@DOHHADLD@CET_Cancel?$AA@ 1001834c     ImgCache.obj
 0002:00001358       ??_C@_08PFMFDMEL@CET_Free?$AA@ 10018358     ImgCache.obj
 0002:00001364       ??_C@_08DBEDCDF@CET_Load?$AA@ 10018364     ImgCache.obj
 0002:00001370       ??_C@_08CBCDAPII@CET_Done?$AA@ 10018370     ImgCache.obj
 0002:0000137c       ??_C@_08DHJJJJMJ@CET_Init?$AA@ 1001837c     ImgCache.obj
 0002:00001388       ??_C@_1M@NHGOODCJ@?$AA?$CK?$AA?4?$AAt?$AA3?$AA2?$AA?$AA@ 10018388     ImgCache.obj
 0002:00001394       ??_C@_1BO@EOFABIPH@?$AAC?$AAo?$AAn?$AAE?$AAm?$AAu?$AAT?$AAh?$AA?4?$AAc?$AAa?$AAc?$AAh?$AAe?$AA?$AA@ 10018394     ImgCache.obj
 0002:000013b4       ??_C@_15DDHGOCBH@?$AA?4?$AA?4?$AA?$AA@ 100183b4     ImgCache.obj
 0002:000013bc       ??_C@_19DDLLJDOO@?$AAF?$AAi?$AAl?$AAe?$AA?$AA@ 100183bc     ImgCache.obj
 0002:000013c8       ??_C@_0N@DDFPJHDO@_GetFileData?$AA@ 100183c8     ImgCache.obj
 0002:000013d8       ??_C@_1BE@DFPCIADA@?$AAP?$AAB?$AAF?$AAa?$AAr?$AA?4?$AAd?$AAl?$AAl?$AA?$AA@ 100183d8     ImgCache.obj
 0002:000013ec       ??_C@_19EBFDIIDI@?$AA?4?$AAw?$AAm?$AAf?$AA?$AA@ 100183ec     ImgCache.obj
 0002:000013f8       ??_C@_19HFLOJEOK@?$AA?4?$AAp?$AAn?$AAg?$AA?$AA@ 100183f8     ImgCache.obj
 0002:00001404       ??_C@_19GPGAIFNL@?$AA?4?$AAi?$AAc?$AAo?$AA?$AA@ 10018404     ImgCache.obj
 0002:00001410       ??_C@_19KGHJPLAF@?$AA?4?$AAg?$AAi?$AAf?$AA?$AA@ 10018410     ImgCache.obj
 0002:0000141c       ??_C@_19HKLPDE@?$AA?4?$AAb?$AAm?$AAp?$AA?$AA@ 1001841c     ImgCache.obj
 0002:00001428       ??_7?$CQueueProcessor@PAUIMAGE_CACHE_INFO@@@@6B@ 10018428     ImgCache.obj
 0002:0000145c       ??_C@_0DL@DGFCHJEK@t?3?2vcproject?2maximus5?2conemu?2src@ 1001845c     ImgCache.obj
 0002:00001498       ??_7CImgLoader@@6B@        10018498     ImgCache.obj
 0002:000014d4       ??_C@_0BJ@KDNBOADC@Thumbs?3?3ProcessingThread?$AA@ 100184d4     ImgCache.obj
 0002:000014f0       ??_C@_0BK@DNNLOFO@SetSecurityDescriptorDacl?$AA@ 100184f0     MSecurity.obj
 0002:0000150c       ??_C@_0BN@FNLANPJJ@InitializeSecurityDescriptor?$AA@ 1001850c     MSecurity.obj
 0002:0000152c       ??_C@_0O@GKCEJBAA@InitializeAcl?$AA@ 1001852c     MSecurity.obj
 0002:0000153c       ??_C@_0N@HBKDHKNL@GetLengthSid?$AA@ 1001853c     MSecurity.obj
 0002:0000154c       ??_C@_0BJ@ECIKFEOL@AllocateAndInitializeSid?$AA@ 1001854c     MSecurity.obj
 0002:00001568       ??_C@_0BD@EIGAJLOG@AddAccessDeniedAce?$AA@ 10018568     MSecurity.obj
 0002:0000157c       ??_C@_0BE@IPKPLIM@AddAccessAllowedAce?$AA@ 1001857c     MSecurity.obj
 0002:00001590       ??_C@_1BK@BIGILECK@?$AAA?$AAd?$AAv?$AAa?$AAp?$AAi?$AA3?$AA2?$AA?4?$AAd?$AAl?$AAl?$AA?$AA@ 10018590     MSecurity.obj
 0002:000015ac       ??_C@_1BO@HJHEFHMO@?$AAK?$AAe?$AAr?$AAn?$AAe?$AAl?$AAB?$AAa?$AAs?$AAe?$AA?4?$AAd?$AAl?$AAl?$AA?$AA@ 100185ac     MSecurity.obj
 0002:000015cc       ??_C@_15LKGMKBFA@?$AA0?$AA0?$AA?$AA@ 100185cc     MStrSafe.obj
 0002:000015d4       ??_C@_1BC@LMIJMNIA@?$AA0?$AA0?$AA0?$AA0?$AA0?$AA0?$AA0?$AA0?$AA?$AA@ 100185d4     MStrSafe.obj
 0002:000015e8       ??_C@_1CA@DHOHMJCG@?$AAU?$AAn?$AAi?$AAc?$AAo?$AAd?$AAe?$AA?5?$AAC?$AAh?$AAa?$AAr?$AAM?$AAa?$AAp?$AA?$AA@ 100185e8     RgnDetect.obj
 0002:00001608       ??_C@_13PJJBFPED@?$AA?$DL?$AA?$AA@ 10018608     WFiles.obj
 0002:00001610       ??_C@_1GK@PPEHOOAL@?$AAS?$AAO?$AAF?$AAT?$AAW?$AAA?$AAR?$AAE?$AA?2?$AAM?$AAi?$AAc?$AAr?$AAo?$AAs?$AAo?$AAf?$AAt?$AA?2?$AAW?$AAi?$AAn?$AAd?$AAo?$AAw?$AAs?$AA?2?$AAC?$AAu?$AAr?$AAr?$AAe@ 10018610     WFiles.obj
 0002:0000167c       ??_C@_0P@LKABJJMO@IsWow64Process?$AA@ 1001867c     WObjects.obj
 0002:0000168c       ??_C@_1BI@MPDCNJBA@?$AAt?$AAl?$AAn?$AAt?$AAs?$AAv?$AAr?$AA?4?$AAe?$AAx?$AAe?$AA?$AA@ 1001868c     WObjects.obj
 0002:000016a4       ??_C@_1BK@HHKNEJDC@?$AAt?$AAl?$AAn?$AAt?$AAs?$AAe?$AAs?$AAs?$AA?4?$AAe?$AAx?$AAe?$AA?$AA@ 100186a4     WObjects.obj
 0002:000016c0       ??_C@_05LCABBMOG@?$CFs?3?$CFi?$AA@ 100186c0     WThreads.obj
 0002:000016c8       __pDefaultRawDllMain       100186c8     LIBCMT:dllcrt0.obj
 0002:000016c8       __pRawDllMain              100186c8     LIBCMT:dllcrt0.obj
 0002:00001750       ??_C@_0O@NLDKAIKN@EncodePointer?$AA@ 10018750     LIBCMT:tidtable.obj
 0002:00001760       ??_C@_1BK@DBDEIDLH@?$AAK?$AAE?$AAR?$AAN?$AAE?$AAL?$AA3?$AA2?$AA?4?$AAD?$AAL?$AAL?$AA?$AA@ 10018760     LIBCMT:tidtable.obj
 0002:0000177c       ??_C@_0O@KBPMFGHI@DecodePointer?$AA@ 1001877c     LIBCMT:tidtable.obj
 0002:0000178c       ??_C@_07PEJMOBNF@FlsFree?$AA@ 1001878c     LIBCMT:tidtable.obj
 0002:00001794       ??_C@_0M@JCPCPOEF@FlsSetValue?$AA@ 10018794     LIBCMT:tidtable.obj
[...]
 0002:00002668       ??_C@_0CM@FLCNIPKK@R6009?$AN?6?9?5not?5enough?5space?5for?5en@ 10019668     LIBCMT:crt0msg.obj
 0002:00002694       ??_C@_0CK@KMMJOAPP@R6008?$AN?6?9?5not?5enough?5space?5for?5ar@ 10019694     LIBCMT:crt0msg.obj
 0002:000026c0       ??_C@_0CN@LEKKICBM@R6002?$AN?6?9?5floating?5point?5support?5@ 100196c0     LIBCMT:crt0msg.obj
 0002:000026f0       ??_C@_0CF@GOGNBNAK@Microsoft?5Visual?5C?$CL?$CL?5Runtime?5Lib@ 100196f0     LIBCMT:crt0msg.obj
 0002:00002718       ??_C@_02PHMGELLB@?6?6?$AA@ 10019718     LIBCMT:crt0msg.obj
 0002:0000271c       ??_C@_03KHICJKCI@?4?4?4?$AA@ 1001971c     LIBCMT:crt0msg.obj
 0002:00002720       ??_C@_0BH@DNAGHKFM@?$DMprogram?5name?5unknown?$DO?$AA@ 10019720     LIBCMT:crt0msg.obj
 0002:00002738       ??_C@_0BK@OFGJDLJJ@Runtime?5Error?$CB?6?6Program?3?5?$AA@ 10019738     LIBCMT:crt0msg.obj
 0002:0000275c       ___dnames                  1001975c     LIBCMT:timeset.obj
 0002:00002774       ___mnames                  10019774     LIBCMT:timeset.obj
 0002:0000279c       ??_C@_0BI@DFKBFLJE@GetProcessWindowStation?$AA@ 1001979c     LIBCMT:crtmbox.obj
 0002:000027b4       ??_C@_0BK@CIDNPOGP@GetUserObjectInformationA?$AA@ 100197b4     LIBCMT:crtmbox.obj
 0002:000027d0       ??_C@_0BD@HHGDFDBJ@GetLastActivePopup?$AA@ 100197d0     LIBCMT:crtmbox.obj
 0002:000027e4       ??_C@_0BA@HNOPNCHB@GetActiveWindow?$AA@ 100197e4     LIBCMT:crtmbox.obj
 0002:000027f4       ??_C@_0M@CHKKJDAI@MessageBoxA?$AA@ 100197f4     LIBCMT:crtmbox.obj
 0002:00002800       ??_C@_0L@NDEGIDAG@USER32?4DLL?$AA@ 10019800     LIBCMT:crtmbox.obj
 0002:00002810       __load_config_used         10019810     LIBCMT:loadcfg.obj
 0002:00002860       ___safe_se_handler_table   10019860     <linker-defined>
 0002:00002870       ___rtc_iaa                 10019870     LIBCMT:_initsect_.obj
 0002:00002874       ___rtc_izz                 10019874     LIBCMT:_initsect_.obj
 0002:00002878       ___rtc_taa                 10019878     LIBCMT:_initsect_.obj
 0002:0000287c       ___rtc_tzz                 1001987c     LIBCMT:_initsect_.obj
 0002:00002bd4       __IMPORT_DESCRIPTOR_KERNEL32 10019bd4     kernel32:KERNEL32.dll
 0002:00002be8       __IMPORT_DESCRIPTOR_USER32 10019be8     user32:USER32.dll
 0002:00002bfc       __IMPORT_DESCRIPTOR_GDI32  10019bfc     gdi32:GDI32.dll
 0002:00002c10       __IMPORT_DESCRIPTOR_ADVAPI32 10019c10     advapi32:ADVAPI32.dll
 0002:00002c24       __IMPORT_DESCRIPTOR_SHELL32 10019c24     shell32:SHELL32.dll
 0002:00002c38       __IMPORT_DESCRIPTOR_ole32  10019c38     ole32:ole32.dll
 0002:00002c4c       __IMPORT_DESCRIPTOR_VERSION 10019c4c     version:VERSION.dll
 0002:00002c60       __NULL_IMPORT_DESCRIPTOR   10019c60     kernel32:KERNEL32.dll
 0003:00000000       ?gsInternalCommands@@3PB_WB 1001b000     CmdLine.obj
 0003:00000004       ?gbPreloadByDefault@@3HA   1001b004     ConEmuTh.obj
 0003:00000008       ?gcrCurColors@@3PAKA       1001b008     ConEmuTh.obj
 0003:0000000c       ?Far3Func@@3PAUExportFunc@@A 1001b00c     ConEmuTh.obj
 0003:00000030       ?StdPalette@?1??GetStdPalette@Far3Color@@SIPBKXZ@4PAKA 1001b030     ConEmuTh1900.obj
 0003:00000070       ?guid_ConEmuTh@@3U_GUID@@A 1001b070     ConEmuTh2800.obj
 0003:00000080       ?guid_ConEmuThPluginMenu@@3U_GUID@@A 1001b080     ConEmuTh2800.obj
 0003:00000090       ?g_TerminatedThreadIdx@@3JA 1001b090     WThreads.obj
 0003:000000a0       __NLG_Destination          1001b0a0     LIBCMT:exsup.obj
 0003:000000b0       ___initialmbcinfo          1001b0b0     LIBCMT:mbctype.obj
 0003:000002d0       __mbctype                  1001b2d0     LIBCMT:mbctype.obj
 0003:000003d8       __mbcasemap                1001b3d8     LIBCMT:mbctype.obj
 0003:000004d8       ___ptmbcinfo               1001b4d8     LIBCMT:mbctype.obj
 0003:000005d4       ___globallocalestatus      1001b5d4     LIBCMT:glstatus.obj
 0003:000005d8       ___clocalestr              1001b5d8     LIBCMT:nlsdata2.obj
 0003:000005e0       ___initiallocinfo          1001b5e0     LIBCMT:nlsdata2.obj
 0003:000006b8       ___ptlocinfo               1001b6b8     LIBCMT:nlsdata2.obj
 0003:000006bc       ___lc_clike                1001b6bc     LIBCMT:nlsdata2.obj
 0003:000006c0       ___initiallocalestructinfo 1001b6c0     LIBCMT:nlsdata2.obj
 0003:000006c8       ___flsindex                1001b6c8     LIBCMT:tidtable.obj
 0003:000006cc       ___getvalueindex           1001b6cc     LIBCMT:tidtable.obj
 0003:00000840       __aexit_rtn                1001b840     LIBCMT:crt0dat.obj
 0003:00000848       ___badioinfo               1001b848     LIBCMT:ioinit.obj
 0003:00000888       __amblksiz                 1001b888     LIBCMT:heapinit.obj
 0003:0000088c       __First_FPE_Indx           1001b88c     LIBCMT:winxfltr.obj
 0003:00000890       __Num_FPE                  1001b890     LIBCMT:winxfltr.obj
 0003:00000894       __XcptActTabSize           1001b894     LIBCMT:winxfltr.obj
 0003:00000898       __XcptActTabCount          1001b898     LIBCMT:winxfltr.obj
 0003:0000089c       ___security_cookie         1001b89c     LIBCMT:gs_cookie.obj
 0003:000008a0       ___security_cookie_complement 1001b8a0     LIBCMT:gs_cookie.obj
 0003:000009c8       __pctype                   1001b9c8     LIBCMT:ctype.obj
 0003:000009cc       __pwctype                  1001b9cc     LIBCMT:ctype.obj
 0003:000009d0       ___lc_time_c               1001b9d0     LIBCMT:strftime.obj
 0003:00000a88       ___lc_time_curr            1001ba88     LIBCMT:strftime.obj
 0003:00000a8c       ___lconv_static_decimal    1001ba8c     LIBCMT:lconv.obj
 0003:00000a90       ___lconv_c                 1001ba90     LIBCMT:lconv.obj
 0003:00000ac0       ___lconv                   1001bac0     LIBCMT:lconv.obj
 0003:00000ac4       ___mb_cur_max              1001bac4     LIBCMT:nlsdata1.obj
 0003:00000ac8       ___decimal_point           1001bac8     LIBCMT:nlsdata1.obj
 0003:00000acc       ___decimal_point_length    1001bacc     LIBCMT:nlsdata1.obj
 0003:00000b88       __cfltcvt_tab              1001bb88     LIBCMT:cmiscdat.obj
 0003:00000bb0       __timezone                 1001bbb0     LIBCMT:timeset.obj
 0003:00000bb4       __daylight                 1001bbb4     LIBCMT:timeset.obj
 0003:00000bb8       __dstbias                  1001bbb8     LIBCMT:timeset.obj
 0003:00000c40       __tzname                   1001bc40     LIBCMT:timeset.obj
 0003:00000c60       ___abort_behavior          1001bc60     LIBCMT:abort.obj
 0003:00000c70       __lpdays                   1001bc70     LIBCMT:days.obj
 0003:00000ca4       __days                     1001bca4     LIBCMT:days.obj
 0003:00000ce0       ?gbInCommonShutdown@@3HA   1001bce0     Common.obj
 0003:00000ce8       ?gpLocalSecurity@@3PAU_SECURITY_ATTRIBUTES@@A 1001bce8     ConEmuCheck.obj
 0003:00000cec       ?gfGetRealConsoleWindow@@3P6GPAUHWND__@@XZA 1001bcec     ConEmuCheck.obj
 0003:00000cf0       ?ghWorkingModule@@3_KA     1001bcf0     ConEmuCheck.obj
 0003:00000d38       ?gsHardLink@@3PA_WA        1001bd38     ConEmuTh.obj
 0003:00000db8       ?gsJunction@@3PA_WA        1001bdb8     ConEmuTh.obj
 0003:00000e38       ?gsSymLink@@3PA_WA         1001be38     ConEmuTh.obj
 0003:00000eb8       ?gsTitleThumbs@@3PA_WA     1001beb8     ConEmuTh.obj
 0003:00000f38       ?gsTitleTiles@@3PA_WA      1001bf38     ConEmuTh.obj
 0003:00000fb8       ?gsFolder@@3PA_WA          1001bfb8     ConEmuTh.obj
 0003:00001038       ?gdwModes@@3PAKA           1001c038     ConEmuTh.obj
 0003:00001040       ?gThSet@@3UPanelViewSetMapping@@A 1001c040     ConEmuTh.obj
 0003:00001258       ?ghConEmuRoot@@3PAUHWND__@@A 1001c258     ConEmuTh.obj
 0003:0000125c       ?ghConEmuWnd@@3PAUHWND__@@A 1001c25c     ConEmuTh.obj
 0003:00001260       ?ghPluginModule@@3PAUHINSTANCE__@@A 1001c260     ConEmuTh.obj
 0003:00001264       ?TerminalMode@@3HA         1001c264     ConEmuTh.obj
 0003:00001268       ?gnSelfPID@@3KA            1001c268     ConEmuTh.obj
 0003:0000126c       ?gnMainThreadId@@3KA       1001c26c     ConEmuTh.obj
 0003:00001270       ?gnMainThreadIdInitial@@3KA 1001c270     ConEmuTh.obj
 0003:00001274       ?ghDisplayThread@@3PAXA    1001c274     ConEmuTh.obj
 0003:00001278       ?gnDisplayThreadId@@3KA    1001c278     ConEmuTh.obj
 0003:0000127c       ?gFarVersion@@3UFarVersion@@A 1001c27c     ConEmuTh.obj
 0003:00001288       ?gfRegisterPanelView@@3P6GHPAUPanelViewInit@@@ZA 1001c288     ConEmuTh.obj
 0003:0000128c       ?gfGetFarHWND2@@3P6GPAUHWND__@@H@ZA 1001c28c     ConEmuTh.obj
 0003:00001290       ?pviLeft@@3UCeFullPanelInfo@@A 1001c290     ConEmuTh.obj
 0003:000014f8       ?pviRight@@3UCeFullPanelInfo@@A 1001c4f8     ConEmuTh.obj
 0003:00001760       ?gpRgnDetect@@3PAVCRgnDetect@@A 1001c760     ConEmuTh.obj
 0003:00001764       ?gpImgCache@@3PAVCImgCache@@A 1001c764     ConEmuTh.obj
 0003:00001768       ?gFarInfo@@3UCEFAR_INFO_MAPPING@@A 1001c768     ConEmuTh.obj
 0003:00021aa0       ?gThPal@@3UCESERVER_PALETTE@@A 1003caa0     ConEmuTh.obj
 0003:00021b20       ?gbFadeColors@@3_NA        1003cb20     ConEmuTh.obj
 0003:00021b21       ?gbFarPanelsReady@@3_NA    1003cb21     ConEmuTh.obj
 0003:00021b22       ?gbConsoleChangesSyncho@@3_NA 1003cb22     ConEmuTh.obj
 0003:00021b23       ?gbSynchoRedrawPanelRequested@@3_NA 1003cb23     ConEmuTh.obj
 0003:00021b24       ?gnRgnDetectFlags@@3KA     1003cb24     ConEmuTh.obj
 0003:00021b28       ?gFarPanelSettings@@3UCEFarPanelSettings@@A 1003cb28     ConEmuTh.obj
 0003:00021b2c       ?gFarInterfaceSettings@@3UCEFarInterfaceSettings@@A 1003cb2c     ConEmuTh.obj
 0003:00021b30       ?gnWaitForKeySeqTick@@3KA  1003cb30     ConEmuTh.obj
 0003:00021b34       ?wScanCodeUp@@3GA          1003cb34     ConEmuTh.obj
 0003:00021b38       ?wScanCodeDown@@3GA        1003cb38     ConEmuTh.obj
 0003:00021b3c       ?gnConsoleChanges@@3KA     1003cb3c     ConEmuTh.obj
 0003:00021b40       ?gpLastSynchroArg@@3PAUConEmuThSynchroArg@@A 1003cb40     ConEmuTh.obj
 0003:00021b44       ?gpDbgDlg@@3PAV?$MFileMapping@Utag_DetectedDialog@@@@A 1003cb44     ConEmuTh.obj
 0003:00021b48       ?gbInfoW_OK@@3HA           1003cb48     ConEmuTh.obj
 0003:00021b50       ?InfoW1900@@3PAUPluginStartupInfo@@A 1003cb50     ConEmuTh1900.obj
 0003:00021b54       ?FSFW1900@@3PAUFarStandardFunctions@@A 1003cb54     ConEmuTh1900.obj
 0003:00021b58       ?LastIndex@?1??Color2FgIndex@Far3Color@@SIXKAAGPBK@Z@4HA 1003cb58     ConEmuTh1900.obj
 0003:00021b5c       ?LastColor@?1??Color2FgIndex@Far3Color@@SIXKAAGPBK@Z@4KA 1003cb5c     ConEmuTh1900.obj
 0003:00021b60       ?LastIndex@?1??Color2BgIndex@Far3Color@@SIXKHAAGPBK@Z@4HA 1003cb60     ConEmuTh1900.obj
 0003:00021b64       ?LastColor@?1??Color2BgIndex@Far3Color@@SIXKHAAGPBK@Z@4KA 1003cb64     ConEmuTh1900.obj
 0003:00021d70       ?InfoW2800@@3PAUPluginStartupInfo@@A 1003cd70     ConEmuTh2800.obj
 0003:00021d74       ?FSFW2800@@3PAUFarStandardFunctions@@A 1003cd74     ConEmuTh2800.obj
 0003:00021f80       ?InfoW995@@3PAUPluginStartupInfo@@A 1003cf80     ConEmuTh995.obj
 0003:00021f84       ?FSFW995@@3PAUFarStandardFunctions@@A 1003cf84     ConEmuTh995.obj
 0003:00022190       ?InfoA@@3PAUPluginStartupInfo@@A 1003d190     ConEmuThA.obj
 0003:00022194       ?FSFA@@3PAUFarStandardFunctions@@A 1003d194     ConEmuThA.obj
 0003:000222a4       ?ghCreateEvent@@3PAXA      1003d2a4     Display.obj
 0003:000222a8       ?gnCreateViewError@@3HA    1003d2a8     Display.obj
 0003:000222ac       ?gnWin32Error@@3KA         1003d2ac     Display.obj
 0003:000222b0       ?gbCancelAll@@3HA          1003d2b0     Display.obj
 0003:000222b4       ?gnConEmuFadeMsg@@3IA      1003d2b4     Display.obj
 0003:000222b8       ?gnConEmuSettingsMsg@@3IA  1003d2b8     Display.obj
 0003:000222bc       ?gnMapCoordMsg@@3IA        1003d2bc     Display.obj
 0003:000222c0       ?hkFunc@@3UHkFunc@@A       1003d2c0     HkFunc.obj
 0003:000222c4       ?ghUpIcon@@3PAUHICON__@@A  1003d2c4     ImgCache.obj
 0003:000222c8       ?AssertMsgBox@@3P6IHPB_WI0PAUHWND__@@_N@ZA 1003d2c8     MAssert.obj
 0003:000222cc       ?gfnHooksUnlockerProc@@3P6I_N_N@ZA 1003d2cc     MAssert.obj
 0003:000222d0       ?ghHeap@@3PAXA             1003d2d0     Memory.obj
 0003:000222d4       ?gNullDesc@@3PAVMNullDesc@@A 1003d2d4     MSecurity.obj
 0003:000222dc       ?gfnSearchAppPaths@@3P6I_NPB_WAAUCEStr@@_NPAU1@@ZA 1003d2dc     WObjects.obj
 0003:00029ae8       ?g_ThreadsIdx@@3JA         10044ae8     WThreads.obj
 0003:00029af0       __aenvptr                  10044af0     LIBCMT:dllcrt0.obj
 0003:00029af4       __wenvptr                  10044af4     LIBCMT:dllcrt0.obj
 0003:00029af8       ___error_mode              10044af8     LIBCMT:dllcrt0.obj
 0003:00029afc       ___app_type                10044afc     LIBCMT:dllcrt0.obj
 0003:00029b8c       ___mbulinfo                10044b8c     LIBCMT:mbctype.obj
 0003:00029b98       ___mbcodepage              10044b98     LIBCMT:mbctype.obj
 0003:00029b9c       ___ismbcodepage            10044b9c     LIBCMT:mbctype.obj
 0003:00029ba0       ___mblcid                  10044ba0     LIBCMT:mbctype.obj
 0003:00029ba4       ___locale_changed          10044ba4     LIBCMT:setlocal.obj
 0003:00029ba8       ___lc_handle               10044ba8     LIBCMT:nlsdata2.obj
 0003:00029bc0       ___lc_codepage             10044bc0     LIBCMT:nlsdata2.obj
 0003:00029bc4       ___lc_collate_cp           10044bc4     LIBCMT:nlsdata2.obj
 0003:00029bc8       _gpFlsAlloc                10044bc8     LIBCMT:tidtable.obj
 0003:00029bcc       _gpFlsGetValue             10044bcc     LIBCMT:tidtable.obj
 0003:00029bd0       _gpFlsSetValue             10044bd0     LIBCMT:tidtable.obj
 0003:00029bd4       _gpFlsFree                 10044bd4     LIBCMT:tidtable.obj
 0003:00029bd8       ___pInvalidArgHandler      10044bd8     LIBCMT:invarg.obj
 0003:00029bdc       __maxwait                  10044bdc     LIBCMT:crtheap.obj
 0003:00029be0       __umaskval                 10044be0     LIBCMT:crt0dat.obj
 0003:00029be4       ___argc                    10044be4     LIBCMT:crt0dat.obj
 0003:00029be8       ___argv                    10044be8     LIBCMT:crt0dat.obj
 0003:00029bec       ___wargv                   10044bec     LIBCMT:crt0dat.obj
 0003:00029bf0       __environ                  10044bf0     LIBCMT:crt0dat.obj
 0003:00029bf4       ___initenv                 10044bf4     LIBCMT:crt0dat.obj
 0003:00029bf8       __wenviron                 10044bf8     LIBCMT:crt0dat.obj
 0003:00029bfc       ___winitenv                10044bfc     LIBCMT:crt0dat.obj
 0003:00029c00       __pgmptr                   10044c00     LIBCMT:crt0dat.obj
 0003:00029c04       __wpgmptr                  10044c04     LIBCMT:crt0dat.obj
 0003:00029c08       __exitflag                 10044c08     LIBCMT:crt0dat.obj
 0003:00029c0c       __C_Termination_Done       10044c0c     LIBCMT:crt0dat.obj
 0003:00029c10       __C_Exit_Done              10044c10     LIBCMT:crt0dat.obj
 0003:00029d24       __crtheap                  10044d24     LIBCMT:heapinit.obj
 0003:00029e80       ___lconv_static_null       10044e80     LIBCMT:lconv.obj
 0003:00029e84       ___sbh_pHeaderDefer        10044e84     LIBCMT:sbheap.obj
 0003:0002a19c       ?__pInconsistency@@3P6AXXZA 1004519c     LIBCMT:hooks.obj
 0003:0002a1c0       ___pPurecall               100451c0     LIBCMT:inithelp.obj
 0003:0002a1c8       ?_pnhHeap@@3P6AHI@ZA       100451c8     LIBCMT:handler.obj
 0003:0002a5b0       __newmode                  100455b0     LIBCMT:_newmode.obj
 0003:0002a5c8       ___sbh_cntHeaderList       100455c8     <common>
 0003:0002a5cc       ___sbh_pHeaderList         100455cc     <common>
 0003:0002a5d0       ___sbh_threshold           100455d0     <common>
 0003:0002a5d4       ___sbh_pHeaderScan         100455d4     <common>
 0003:0002a5d8       ___sbh_sizeHeaderList      100455d8     <common>
 0003:0002a5dc       ___sbh_indGroupDefer       100455dc     <common>
 0003:0002a5e0       __debugger_hook_dummy      100455e0     <common>
 0003:0002a5e4       ___active_heap             100455e4     <common>
 0003:0002a5e8       __nhandle                  100455e8     <common>
 0003:0002a600       ___pioinfo                 10045600     <common>
 0003:0002a700       ___env_initialized         10045700     <common>
 0003:0002a704       ___onexitend               10045704     <common>
 0003:0002a708       ___onexitbegin             10045708     <common>
 0003:0002a70c       ___mbctype_initialized     1004570c     <common>
 0003:0002a710       __FPinit                   10045710     <common>
 0003:0002a714       ___dyn_tls_init_callback   10045714     <common>
 0003:0002a718       __pDestructExceptionObject 10045718     <common>
 0003:0002a71c       ___sse2_available          1004571c     <common>
 0003:0002a720       __acmdln                   10045720     <common>

 entry point at        0001:0000f6c9

 Static symbols

 0001:00000837       ?StringLengthWorkerW@@YGJPB_WIPAI@Z 10001837 f   ConEmuTh.obj
 0001:00000867       ?StringCopyWorkerW@@YGJPA_WIPAIPB_WI@Z 10001867 f   ConEmuTh.obj
 0001:00000867       ?StringCopyWorkerW@@YGJPA_WIPAIPB_WI@Z 10001867 f   ConEmuTh.obj
 0001:0000095e       ?ChangeExports@@YI_NPBUExportFunc@@PAUHINSTANCE__@@@Z 1000195e f   ConEmuTh.obj
 0001:000012eb       ?LoadModuleVersion@@YI_NPB_WAAUtagVS_FIXEDFILEINFO@@PA_WI@Z 100022eb f   ConEmuTh.obj
 0001:0000147f       ?LoadFarVersion@@YI_NPB_WAAUFarVersion@@AAY0CAA@_W@Z 1000247f f   ConEmuTh.obj
 0001:000014eb       ?LoadFarVersion@@YI_NAAUFarVersion@@AAY0CAA@_W@Z 100024eb f   ConEmuTh.obj
 0001:0000341f       ?GetFarSetting@@YIHPAXIPB_W@Z 1000441f f   ConEmuTh1900.obj
 0001:00003465       ?LoadFarSettingsW1900@@YIXPAUCEFarInterfaceSettings@@PAUCEFarPanelSettings@@@Z 10004465 f   ConEmuTh1900.obj
 0001:0000438d       ?GetFarSetting@@YIHPAXIPB_W@Z 1000538d f   ConEmuTh2800.obj
 0001:000043d6       ?LoadFarSettingsW2800@@YIXPAUCEFarInterfaceSettings@@PAUCEFarPanelSettings@@@Z 100053d6 f   ConEmuTh2800.obj
 0001:000052a7       ?LoadFarSettingsW995@@YIXPAUCEFarInterfaceSettings@@PAUCEFarPanelSettings@@@Z 100062a7 f   ConEmuTh995.obj
 0001:00005af4       ?LoadFarSettingsA@@YIXPAUCEFarInterfaceSettings@@PAUCEFarPanelSettings@@@Z 10006af4 f   ConEmuThA.obj
 0001:0000f5d3       ___DllMainCRTStartup       100105d3 f   LIBCMT:dllcrt0.obj
 0001:0000f6ec       _fastcopy_I                100106ec f   LIBCMT:p4_memcpy.obj
 0001:0000f856       _has_osfxsr_set            10010856 f   LIBCMT:cpu_disp.obj
 0001:0000f915       _fastzero_I                10010915 f   LIBCMT:p4_memset.obj
 0001:0000fa54       __unwind_handler           10010a54 f   LIBCMT:exsup.obj
 0001:0000fb70       _ValidateScopeTableHandlers 10010b70 f   LIBCMT:eh3valid.obj
 0001:0000ff79       ?CPtoLCID@@YAHH@Z          10010f79 f   LIBCMT:mbctype.obj
 0001:0000ffa8       ?setSBCS@@YAXPAUthreadmbcinfostruct@@@Z 10010fa8 f   LIBCMT:mbctype.obj
 0001:0001000c       ?setSBUpLow@@YAXPAUthreadmbcinfostruct@@@Z 1001100c f   LIBCMT:mbctype.obj
 0001:00010243       ?getSystemCP@@YAHH@Z       10011243 f   LIBCMT:mbctype.obj
 0001:000108cd       __updatetlocinfoEx_nolock  100118cd f   LIBCMT:setlocal.obj
 0001:00011359       __initterm                 10012359 f   LIBCMT:crt0dat.obj
 0001:0001141f       _doexit                    1001241f f   LIBCMT:crt0dat.obj
 0001:0001193e       _parse_cmdline             1001293e f   LIBCMT:stdargv.obj
 0001:0001234c       ?__crtLCMapStringA_stat@@YAHPAUlocaleinfo_struct@@KKPBDHPADHHH@Z 1001334c f   LIBCMT:a_map.obj
 0001:00012736       ?__crtGetStringTypeA_stat@@YAHPAUlocaleinfo_struct@@KPBDHPAGHHH@Z 10013736 f   LIBCMT:a_str.obj
 0001:00014502       __onexit_nolock            10015502 f   LIBCMT:onexit.obj
 0001:000146c9       _siglookup                 100156c9 f   LIBCMT:winsig.obj
 0001:00014981       ?x_ismbbtype_l@@YAHPAUlocaleinfo_struct@@IHH@Z 10015981 f   LIBCMT:ismbbyte.obj
 0001:00014a7c       __unwind_handler4          10015a7c f   LIBCMT:exsup4.obj
 0001:0001527b       ?strtoxl@@YAKPAUlocaleinfo_struct@@PBDPAPBDHH@Z 1001627b f   LIBCMT:strtol.obj
